Archive member included to satisfy reference by file (symbol)

/mnt/d/gcc-arm-none-eabi-8-2019-q3-update/bin/../lib/gcc/arm-none-eabi/8.3.1/../../../../arm-none-eabi/lib/thumb/v7e-m+dp/hard/libc_nano.a(lib_a-exit.o)
                              /mnt/d/gcc-arm-none-eabi-8-2019-q3-update/bin/../lib/gcc/arm-none-eabi/8.3.1/../../../../arm-none-eabi/lib/thumb/v7e-m+dp/hard/crt0.o (exit)
/mnt/d/gcc-arm-none-eabi-8-2019-q3-update/bin/../lib/gcc/arm-none-eabi/8.3.1/../../../../arm-none-eabi/lib/thumb/v7e-m+dp/hard/libc_nano.a(lib_a-impure.o)
                              /mnt/d/gcc-arm-none-eabi-8-2019-q3-update/bin/../lib/gcc/arm-none-eabi/8.3.1/../../../../arm-none-eabi/lib/thumb/v7e-m+dp/hard/libc_nano.a(lib_a-exit.o) (_global_impure_ptr)
/mnt/d/gcc-arm-none-eabi-8-2019-q3-update/bin/../lib/gcc/arm-none-eabi/8.3.1/../../../../arm-none-eabi/lib/thumb/v7e-m+dp/hard/libc_nano.a(lib_a-init.o)
                              /mnt/d/gcc-arm-none-eabi-8-2019-q3-update/bin/../lib/gcc/arm-none-eabi/8.3.1/../../../../arm-none-eabi/lib/thumb/v7e-m+dp/hard/crt0.o (__libc_init_array)
/mnt/d/gcc-arm-none-eabi-8-2019-q3-update/bin/../lib/gcc/arm-none-eabi/8.3.1/../../../../arm-none-eabi/lib/thumb/v7e-m+dp/hard/libc_nano.a(lib_a-memset.o)
                              /mnt/d/gcc-arm-none-eabi-8-2019-q3-update/bin/../lib/gcc/arm-none-eabi/8.3.1/../../../../arm-none-eabi/lib/thumb/v7e-m+dp/hard/crt0.o (memset)
/mnt/d/gcc-arm-none-eabi-8-2019-q3-update/bin/../lib/gcc/arm-none-eabi/8.3.1/../../../../arm-none-eabi/lib/thumb/v7e-m+dp/hard/libnosys.a(_exit.o)
                              /mnt/d/gcc-arm-none-eabi-8-2019-q3-update/bin/../lib/gcc/arm-none-eabi/8.3.1/../../../../arm-none-eabi/lib/thumb/v7e-m+dp/hard/libc_nano.a(lib_a-exit.o) (_exit)
/mnt/d/gcc-arm-none-eabi-8-2019-q3-update/bin/../lib/gcc/arm-none-eabi/8.3.1/thumb/v7e-m+dp/hard/libgcc.a(_aeabi_uldivmod.o)
                              src/driver/CMakeFiles/driver.dir/stm32h7xx_hal_uart.c.o (__aeabi_uldivmod)
/mnt/d/gcc-arm-none-eabi-8-2019-q3-update/bin/../lib/gcc/arm-none-eabi/8.3.1/thumb/v7e-m+dp/hard/libgcc.a(_udivmoddi4.o)
                              /mnt/d/gcc-arm-none-eabi-8-2019-q3-update/bin/../lib/gcc/arm-none-eabi/8.3.1/thumb/v7e-m+dp/hard/libgcc.a(_aeabi_uldivmod.o) (__udivmoddi4)
/mnt/d/gcc-arm-none-eabi-8-2019-q3-update/bin/../lib/gcc/arm-none-eabi/8.3.1/thumb/v7e-m+dp/hard/libgcc.a(_dvmd_tls.o)
                              /mnt/d/gcc-arm-none-eabi-8-2019-q3-update/bin/../lib/gcc/arm-none-eabi/8.3.1/thumb/v7e-m+dp/hard/libgcc.a(_aeabi_uldivmod.o) (__aeabi_ldiv0)
/mnt/d/gcc-arm-none-eabi-8-2019-q3-update/bin/../lib/gcc/arm-none-eabi/8.3.1/../../../../arm-none-eabi/lib/thumb/v7e-m+dp/hard/libg_nano.a(lib_a-printf.o)
                              src/BSP/CMakeFiles/bsp.dir/bsp_timer.c.o (printf)
/mnt/d/gcc-arm-none-eabi-8-2019-q3-update/bin/../lib/gcc/arm-none-eabi/8.3.1/../../../../arm-none-eabi/lib/thumb/v7e-m+dp/hard/libg_nano.a(lib_a-puts.o)
                              src/User/CMakeFiles/user.dir/main.c.o (puts)
/mnt/d/gcc-arm-none-eabi-8-2019-q3-update/bin/../lib/gcc/arm-none-eabi/8.3.1/../../../../arm-none-eabi/lib/thumb/v7e-m+dp/hard/libg_nano.a(lib_a-strlen.o)
                              src/BSP/CMakeFiles/bsp.dir/bsp_uart_fifo.c.o (strlen)
/mnt/d/gcc-arm-none-eabi-8-2019-q3-update/bin/../lib/gcc/arm-none-eabi/8.3.1/../../../../arm-none-eabi/lib/thumb/v7e-m+dp/hard/libg_nano.a(lib_a-wbuf.o)
                              /mnt/d/gcc-arm-none-eabi-8-2019-q3-update/bin/../lib/gcc/arm-none-eabi/8.3.1/../../../../arm-none-eabi/lib/thumb/v7e-m+dp/hard/libg_nano.a(lib_a-puts.o) (__swbuf_r)
/mnt/d/gcc-arm-none-eabi-8-2019-q3-update/bin/../lib/gcc/arm-none-eabi/8.3.1/../../../../arm-none-eabi/lib/thumb/v7e-m+dp/hard/libg_nano.a(lib_a-wsetup.o)
                              /mnt/d/gcc-arm-none-eabi-8-2019-q3-update/bin/../lib/gcc/arm-none-eabi/8.3.1/../../../../arm-none-eabi/lib/thumb/v7e-m+dp/hard/libg_nano.a(lib_a-puts.o) (__swsetup_r)
/mnt/d/gcc-arm-none-eabi-8-2019-q3-update/bin/../lib/gcc/arm-none-eabi/8.3.1/../../../../arm-none-eabi/lib/thumb/v7e-m+dp/hard/libg_nano.a(lib_a-fflush.o)
                              /mnt/d/gcc-arm-none-eabi-8-2019-q3-update/bin/../lib/gcc/arm-none-eabi/8.3.1/../../../../arm-none-eabi/lib/thumb/v7e-m+dp/hard/libg_nano.a(lib_a-wbuf.o) (_fflush_r)
/mnt/d/gcc-arm-none-eabi-8-2019-q3-update/bin/../lib/gcc/arm-none-eabi/8.3.1/../../../../arm-none-eabi/lib/thumb/v7e-m+dp/hard/libg_nano.a(lib_a-findfp.o)
                              /mnt/d/gcc-arm-none-eabi-8-2019-q3-update/bin/../lib/gcc/arm-none-eabi/8.3.1/../../../../arm-none-eabi/lib/thumb/v7e-m+dp/hard/libg_nano.a(lib_a-printf.o) (__sinit)
/mnt/d/gcc-arm-none-eabi-8-2019-q3-update/bin/../lib/gcc/arm-none-eabi/8.3.1/../../../../arm-none-eabi/lib/thumb/v7e-m+dp/hard/libg_nano.a(lib_a-fwalk.o)
[...]
Memory Configuration

Name             Origin             Length             Attributes
DTCMRAM          0x0000000020000000 0x0000000000020000 xrw
RAM_D1           0x0000000024000000 0x0000000000080000 xrw
RAM_D2           0x0000000030000000 0x0000000000048000 xrw
RAM_D3           0x0000000038000000 0x0000000000010000 xrw
ITCMRAM          0x0000000000000000 0x0000000000010000 xrw
FLASH            0x0000000008000000 0x0000000000200000 xr
*default*        0x0000000000000000 0xffffffffffffffff

Linker script and memory map

LOAD /mnt/d/gcc-arm-none-eabi-8-2019-q3-update/bin/../lib/gcc/arm-none-eabi/8.3.1/thumb/v7e-m+dp/hard/crti.o
LOAD /mnt/d/gcc-arm-none-eabi-8-2019-q3-update/bin/../lib/gcc/arm-none-eabi/8.3.1/thumb/v7e-m+dp/hard/crtbegin.o
LOAD /mnt/d/gcc-arm-none-eabi-8-2019-q3-update/bin/../lib/gcc/arm-none-eabi/8.3.1/../../../../arm-none-eabi/lib/thumb/v7e-m+dp/hard/crt0.o
START GROUP
LOAD /mnt/d/gcc-arm-none-eabi-8-2019-q3-update/bin/../lib/gcc/arm-none-eabi/8.3.1/../../../../arm-none-eabi/lib/thumb/v7e-m+dp/hard/libc_nano.a
LOAD /mnt/d/gcc-arm-none-eabi-8-2019-q3-update/bin/../lib/gcc/arm-none-eabi/8.3.1/thumb/v7e-m+dp/hard/libgcc.a
LOAD /mnt/d/gcc-arm-none-eabi-8-2019-q3-update/bin/../lib/gcc/arm-none-eabi/8.3.1/../../../../arm-none-eabi/lib/thumb/v7e-m+dp/hard/libnosys.a
END GROUP
LOAD src/BSP/CMakeFiles/bsp.dir/bsp_fmc_io.c.o
LOAD src/BSP/CMakeFiles/bsp.dir/bsp_key.c.o
LOAD src/BSP/CMakeFiles/bsp.dir/bsp_led.c.o
LOAD src/BSP/CMakeFiles/bsp.dir/bsp_timer.c.o
LOAD src/BSP/CMakeFiles/bsp.dir/bsp_uart_fifo.c.o
LOAD src/BSP/CMakeFiles/bsp.dir/bsp.c.o
LOAD src/BSP/CMakeFiles/bsp.dir/stm32h7xx_it.c.o
LOAD src/CMSIS/CMakeFiles/cmsis.dir/system_stm32h7xx.c.o
LOAD src/GCCARM/CMakeFiles/gccarm.dir/startup_stm32h743xx.s.o
LOAD src/driver/CMakeFiles/driver.dir/stm32h7xx_hal_cortex.c.o
LOAD src/driver/CMakeFiles/driver.dir/stm32h7xx_hal_dma_ex.c.o
LOAD src/driver/CMakeFiles/driver.dir/stm32h7xx_hal_dma.c.o
LOAD src/driver/CMakeFiles/driver.dir/stm32h7xx_hal_gpio.c.o
LOAD src/driver/CMakeFiles/driver.dir/stm32h7xx_hal_mdma.c.o
LOAD src/driver/CMakeFiles/driver.dir/stm32h7xx_hal_rcc_ex.c.o
LOAD src/driver/CMakeFiles/driver.dir/stm32h7xx_hal_sram.c.o
LOAD src/driver/CMakeFiles/driver.dir/stm32h7xx_hal_rcc.c.o
LOAD src/driver/CMakeFiles/driver.dir/stm32h7xx_hal_tim_ex.c.o
LOAD src/driver/CMakeFiles/driver.dir/stm32h7xx_hal_tim.c.o
LOAD src/driver/CMakeFiles/driver.dir/stm32h7xx_hal_uart.c.o
LOAD src/driver/CMakeFiles/driver.dir/stm32h7xx_hal_uart_ex.c.o
LOAD src/driver/CMakeFiles/driver.dir/stm32h7xx_hal.c.o
LOAD src/driver/CMakeFiles/driver.dir/stm32h7xx_ll_fmc.c.o
LOAD src/User/CMakeFiles/user.dir/application.c.o
LOAD src/User/CMakeFiles/user.dir/main.c.o
LOAD src/User/CMakeFiles/user.dir/normal_stack.c.o
LOAD src/User/CMakeFiles/user.dir/range_stack.c.o
LOAD src/User/CMakeFiles/user.dir/stack.c.o
LOAD src/User/CMakeFiles/user.dir/validator.c.o
START GROUP
LOAD /mnt/d/gcc-arm-none-eabi-8-2019-q3-update/bin/../lib/gcc/arm-none-eabi/8.3.1/thumb/v7e-m+dp/hard/libgcc.a
LOAD /mnt/d/gcc-arm-none-eabi-8-2019-q3-update/bin/../lib/gcc/arm-none-eabi/8.3.1/../../../../arm-none-eabi/lib/thumb/v7e-m+dp/hard/libg_nano.a
LOAD /mnt/d/gcc-arm-none-eabi-8-2019-q3-update/bin/../lib/gcc/arm-none-eabi/8.3.1/../../../../arm-none-eabi/lib/thumb/v7e-m+dp/hard/libc_nano.a
END GROUP
START GROUP
LOAD /mnt/d/gcc-arm-none-eabi-8-2019-q3-update/bin/../lib/gcc/arm-none-eabi/8.3.1/thumb/v7e-m+dp/hard/libgcc.a
LOAD /mnt/d/gcc-arm-none-eabi-8-2019-q3-update/bin/../lib/gcc/arm-none-eabi/8.3.1/../../../../arm-none-eabi/lib/thumb/v7e-m+dp/hard/libc_nano.a
LOAD /mnt/d/gcc-arm-none-eabi-8-2019-q3-update/bin/../lib/gcc/arm-none-eabi/8.3.1/../../../../arm-none-eabi/lib/thumb/v7e-m+dp/hard/libnosys.a
END GROUP
START GROUP
LOAD /mnt/d/gcc-arm-none-eabi-8-2019-q3-update/bin/../lib/gcc/arm-none-eabi/8.3.1/thumb/v7e-m+dp/hard/libgcc.a
LOAD /mnt/d/gcc-arm-none-eabi-8-2019-q3-update/bin/../lib/gcc/arm-none-eabi/8.3.1/../../../../arm-none-eabi/lib/thumb/v7e-m+dp/hard/libc_nano.a
LOAD /mnt/d/gcc-arm-none-eabi-8-2019-q3-update/bin/../lib/gcc/arm-none-eabi/8.3.1/../../../../arm-none-eabi/lib/thumb/v7e-m+dp/hard/libnosys.a
END GROUP
LOAD /mnt/d/gcc-arm-none-eabi-8-2019-q3-update/bin/../lib/gcc/arm-none-eabi/8.3.1/thumb/v7e-m+dp/hard/crtend.o
LOAD /mnt/d/gcc-arm-none-eabi-8-2019-q3-update/bin/../lib/gcc/arm-none-eabi/8.3.1/thumb/v7e-m+dp/hard/crtn.o
                0x0000000020020000                _estack = 0x20020000
                0x0000000000000200                _Min_Heap_Size = 0x200
                0x0000000000000400                _Min_Stack_Size = 0x400

.isr_vector     0x0000000008000000      0x298
                0x0000000008000000                . = ALIGN (0x4)
 *(.isr_vector)
 .isr_vector    0x0000000008000000      0x298 src/GCCARM/CMakeFiles/gccarm.dir/startup_stm32h743xx.s.o
                0x0000000008000000                g_pfnVectors
                0x0000000008000298                . = ALIGN (0x4)

.text           0x00000000080002a0     0x5268
                0x00000000080002a0                . = ALIGN (0x4)
 *(.text)
 .text          0x00000000080002a0       0x40 /mnt/d/gcc-arm-none-eabi-8-2019-q3-update/bin/../lib/gcc/arm-none-eabi/8.3.1/thumb/v7e-m+dp/hard/crtbegin.o
 .text          0x00000000080002e0       0x30 /mnt/d/gcc-arm-none-eabi-8-2019-q3-update/bin/../lib/gcc/arm-none-eabi/8.3.1/thumb/v7e-m+dp/hard/libgcc.a(_aeabi_uldivmod.o)
                0x00000000080002e0                __aeabi_uldivmod
 .text          0x0000000008000310      0x2d0 /mnt/d/gcc-arm-none-eabi-8-2019-q3-update/bin/../lib/gcc/arm-none-eabi/8.3.1/thumb/v7e-m+dp/hard/libgcc.a(_udivmoddi4.o)
                0x0000000008000310                __udivmoddi4
 .text          0x00000000080005e0        0x4 /mnt/d/gcc-arm-none-eabi-8-2019-q3-update/bin/../lib/gcc/arm-none-eabi/8.3.1/thumb/v7e-m+dp/hard/libgcc.a(_dvmd_tls.o)
                0x00000000080005e0                __aeabi_ldiv0
                0x00000000080005e0                __aeabi_idiv0
 *fill*         0x00000000080005e4        0xc 
 .text          0x00000000080005f0       0xa0 /mnt/d/gcc-arm-none-eabi-8-2019-q3-update/bin/../lib/gcc/arm-none-eabi/8.3.1/../../../../arm-none-eabi/lib/thumb/v7e-m+dp/hard/libg_nano.a(lib_a-memchr.o)
                0x00000000080005f0                memchr
 *(.text*)
 .text.__libc_init_array
                0x0000000008000690       0x48 /mnt/d/gcc-arm-none-eabi-8-2019-q3-update/bin/../lib/gcc/arm-none-eabi/8.3.1/../../../../arm-none-eabi/lib/thumb/v7e-m+dp/hard/libc_nano.a(lib_a-init.o)
                0x0000000008000690                __libc_init_array
 .text.memset   0x00000000080006d8       0x10 /mnt/d/gcc-arm-none-eabi-8-2019-q3-update/bin/../lib/gcc/arm-none-eabi/8.3.1/../../../../arm-none-eabi/lib/thumb/v7e-m+dp/hard/libc_nano.a(lib_a-memset.o)
                0x00000000080006d8                memset
 .text.HC574_ConfigGPIO
                0x00000000080006e8      0x104 src/BSP/CMakeFiles/bsp.dir/bsp_fmc_io.c.o
 .text.HC574_ConfigFMC
                0x00000000080007ec       0x60 src/BSP/CMakeFiles/bsp.dir/bsp_fmc_io.c.o
 .text.bsp_InitExtIO
                0x000000000800084c       0x24 src/BSP/CMakeFiles/bsp.dir/bsp_fmc_io.c.o
                0x000000000800084c                bsp_InitExtIO
 .text.HC574_SetPin
                0x0000000008000870       0x28 src/BSP/CMakeFiles/bsp.dir/bsp_fmc_io.c.o
                0x0000000008000870                HC574_SetPin
 .text.HC574_GetPin
                0x0000000008000898       0x14 src/BSP/CMakeFiles/bsp.dir/bsp_fmc_io.c.o
                0x0000000008000898                HC574_GetPin
 .text.KeyPinActive
                0x00000000080008ac       0x30 src/BSP/CMakeFiles/bsp.dir/bsp_key.c.o
 .text.IsKeyDownFunc
                0x00000000080008dc       0x7a src/BSP/CMakeFiles/bsp.dir/bsp_key.c.o
 *fill*         0x0000000008000956        0x2 
 .text.bsp_InitKeyHard
                0x0000000008000958       0xb4 src/BSP/CMakeFiles/bsp.dir/bsp_key.c.o
 .text.bsp_PutKey
                0x0000000008000a0c       0x1c src/BSP/CMakeFiles/bsp.dir/bsp_key.c.o
                0x0000000008000a0c                bsp_PutKey
 .text.bsp_DetectKey
                0x0000000008000a28      0x110 src/BSP/CMakeFiles/bsp.dir/bsp_key.c.o
 .text.bsp_SetKeyParam
                0x0000000008000b38       0x14 src/BSP/CMakeFiles/bsp.dir/bsp_key.c.o
                0x0000000008000b38                bsp_SetKeyParam
 .text.bsp_InitKeyVar
                0x0000000008000b4c       0x60 src/BSP/CMakeFiles/bsp.dir/bsp_key.c.o
 .text.bsp_InitKey
                0x0000000008000bac        0xc src/BSP/CMakeFiles/bsp.dir/bsp_key.c.o
                0x0000000008000bac                bsp_InitKey
 .text.bsp_KeyScan10ms
                0x0000000008000bb8       0x16 src/BSP/CMakeFiles/bsp.dir/bsp_key.c.o
                0x0000000008000bb8                bsp_KeyScan10ms
 .text.bsp_LedOn
                0x0000000008000bce       0x44 src/BSP/CMakeFiles/bsp.dir/bsp_led.c.o
                0x0000000008000bce                bsp_LedOn
 .text.bsp_LedOff
                0x0000000008000c12       0x44 src/BSP/CMakeFiles/bsp.dir/bsp_led.c.o
                0x0000000008000c12                bsp_LedOff
 .text.bsp_InitLed
                0x0000000008000c56       0x1c src/BSP/CMakeFiles/bsp.dir/bsp_led.c.o
                0x0000000008000c56                bsp_InitLed
 .text.bsp_LedToggle
                0x0000000008000c72       0x44 src/BSP/CMakeFiles/bsp.dir/bsp_led.c.o
                0x0000000008000c72                bsp_LedToggle
 .text.bsp_SoftTimerDec
                0x0000000008000cb6       0x20 src/BSP/CMakeFiles/bsp.dir/bsp_timer.c.o
 *fill*         0x0000000008000cd6        0x2 
 .text.SysTick_ISR
                0x0000000008000cd8       0x80 src/BSP/CMakeFiles/bsp.dir/bsp_timer.c.o
                0x0000000008000cd8                SysTick_ISR
 .text.bsp_DelayMS
                0x0000000008000d58       0x3c src/BSP/CMakeFiles/bsp.dir/bsp_timer.c.o
                0x0000000008000d58                bsp_DelayMS
 .text.bsp_StartAutoTimer
                0x0000000008000d94       0x48 src/BSP/CMakeFiles/bsp.dir/bsp_timer.c.o
                0x0000000008000d94                bsp_StartAutoTimer
 .text.bsp_CheckTimer
                0x0000000008000ddc       0x2c src/BSP/CMakeFiles/bsp.dir/bsp_timer.c.o
                0x0000000008000ddc                bsp_CheckTimer
 .text.SysTick_Handler
                0x0000000008000e08       0x18 src/BSP/CMakeFiles/bsp.dir/bsp_timer.c.o
                0x0000000008000e08                SysTick_Handler
 .text.bsp_InitHardTimer
                0x0000000008000e20       0x8c src/BSP/CMakeFiles/bsp.dir/bsp_timer.c.o
                0x0000000008000e20                bsp_InitHardTimer
 .text.bsp_InitTimer
                0x0000000008000eac       0x74 src/BSP/CMakeFiles/bsp.dir/bsp_timer.c.o
                0x0000000008000eac                bsp_InitTimer
 .text.TIM2_IRQHandler
                0x0000000008000f20       0xbc src/BSP/CMakeFiles/bsp.dir/bsp_timer.c.o
                0x0000000008000f20                TIM2_IRQHandler
 .text.RS485_SendBefor
                0x0000000008000fdc        0xc src/BSP/CMakeFiles/bsp.dir/bsp_uart_fifo.c.o
                0x0000000008000fdc                RS485_SendBefor
 .text.RS485_SendOver
                0x0000000008000fe8        0xc src/BSP/CMakeFiles/bsp.dir/bsp_uart_fifo.c.o
                0x0000000008000fe8                RS485_SendOver
 .text.RS485_ReciveNew
                0x0000000008000ff4        0x2 src/BSP/CMakeFiles/bsp.dir/bsp_uart_fifo.c.o
                0x0000000008000ff4                RS485_ReciveNew
 *fill*         0x0000000008000ff6        0x2 
 .text.UartVarInit
                0x0000000008000ff8       0x8c src/BSP/CMakeFiles/bsp.dir/bsp_uart_fifo.c.o
 .text.UartIRQ  0x0000000008001084      0x15e src/BSP/CMakeFiles/bsp.dir/bsp_uart_fifo.c.o
 *fill*         0x00000000080011e2        0x2 
 .text.RS485_InitTXE
                0x00000000080011e4       0x48 src/BSP/CMakeFiles/bsp.dir/bsp_uart_fifo.c.o
                0x00000000080011e4                RS485_InitTXE
 .text.bsp_SetUartParam
                0x000000000800122c       0x40 src/BSP/CMakeFiles/bsp.dir/bsp_uart_fifo.c.o
                0x000000000800122c                bsp_SetUartParam
 .text.InitHardUart
                0x000000000800126c      0x19c src/BSP/CMakeFiles/bsp.dir/bsp_uart_fifo.c.o
 .text.bsp_InitUart
                0x0000000008001408       0x10 src/BSP/CMakeFiles/bsp.dir/bsp_uart_fifo.c.o
                0x0000000008001408                bsp_InitUart
 .text.USART1_IRQHandler
                0x0000000008001418       0x10 src/BSP/CMakeFiles/bsp.dir/bsp_uart_fifo.c.o
                0x0000000008001418                USART1_IRQHandler
 .text.USART3_IRQHandler
                0x0000000008001428       0x10 src/BSP/CMakeFiles/bsp.dir/bsp_uart_fifo.c.o
                0x0000000008001428                USART3_IRQHandler
 .text.CPU_CACHE_Enable
                0x0000000008001438       0x80 src/BSP/CMakeFiles/bsp.dir/bsp.c.o
 .text.MPU_Config
                0x00000000080014b8       0x84 src/BSP/CMakeFiles/bsp.dir/bsp.c.o
 .text.Error_Handler
                0x000000000800153c        0x6 src/BSP/CMakeFiles/bsp.dir/bsp.c.o
                0x000000000800153c                Error_Handler
 *fill*         0x0000000008001542        0x2 
 .text.SystemClock_Config
                0x0000000008001544       0xd8 src/BSP/CMakeFiles/bsp.dir/bsp.c.o
 .text.bsp_Init
                0x000000000800161c       0x28 src/BSP/CMakeFiles/bsp.dir/bsp.c.o
                0x000000000800161c                bsp_Init
 .text.bsp_RunPer10ms
                0x0000000008001644        0x8 src/BSP/CMakeFiles/bsp.dir/bsp.c.o
                0x0000000008001644                bsp_RunPer10ms
 .text.bsp_RunPer1ms
                0x000000000800164c        0x2 src/BSP/CMakeFiles/bsp.dir/bsp.c.o
                0x000000000800164c                bsp_RunPer1ms
 .text.bsp_Idle
                0x000000000800164e        0x2 src/BSP/CMakeFiles/bsp.dir/bsp.c.o
                0x000000000800164e                bsp_Idle
 .text.NMI_Handler
                0x0000000008001650        0x2 src/BSP/CMakeFiles/bsp.dir/stm32h7xx_it.c.o
                0x0000000008001650                NMI_Handler
 .text.MemManage_Handler
                0x0000000008001652        0x2 src/BSP/CMakeFiles/bsp.dir/stm32h7xx_it.c.o
                0x0000000008001652                MemManage_Handler
 .text.BusFault_Handler
                0x0000000008001654        0x2 src/BSP/CMakeFiles/bsp.dir/stm32h7xx_it.c.o
                0x0000000008001654                BusFault_Handler
 .text.UsageFault_Handler
                0x0000000008001656        0x2 src/BSP/CMakeFiles/bsp.dir/stm32h7xx_it.c.o
                0x0000000008001656                UsageFault_Handler
 .text.SVC_Handler
                0x0000000008001658        0x2 src/BSP/CMakeFiles/bsp.dir/stm32h7xx_it.c.o
                0x0000000008001658                SVC_Handler
 .text.DebugMon_Handler
                0x000000000800165a        0x2 src/BSP/CMakeFiles/bsp.dir/stm32h7xx_it.c.o
                0x000000000800165a                DebugMon_Handler
 .text.PendSV_Handler
                0x000000000800165c        0x2 src/BSP/CMakeFiles/bsp.dir/stm32h7xx_it.c.o
                0x000000000800165c                PendSV_Handler
 *fill*         0x000000000800165e        0x2 
 .text.SystemInit
                0x0000000008001660       0x68 src/CMSIS/CMakeFiles/cmsis.dir/system_stm32h7xx.c.o
                0x0000000008001660                SystemInit
 .text.Reset_Handler
                0x00000000080016c8       0x50 src/GCCARM/CMakeFiles/gccarm.dir/startup_stm32h743xx.s.o
                0x00000000080016c8                Reset_Handler
 .text.Default_Handler
                0x0000000008001718        0x2 src/GCCARM/CMakeFiles/gccarm.dir/startup_stm32h743xx.s.o
                0x0000000008001718                RTC_Alarm_IRQHandler
                0x0000000008001718                EXTI2_IRQHandler
                0x0000000008001718                TIM8_CC_IRQHandler
                0x0000000008001718                HRTIM1_Master_IRQHandler
                0x0000000008001718                UART8_IRQHandler
                0x0000000008001718                SPI4_IRQHandler
                0x0000000008001718                TIM1_CC_IRQHandler
                0x0000000008001718                BDMA_Channel6_IRQHandler
                0x0000000008001718                DMA2_Stream5_IRQHandler
                0x0000000008001718                HardFault_Handler
                0x0000000008001718                HRTIM1_FLT_IRQHandler
                0x0000000008001718                JPEG_IRQHandler
                0x0000000008001718                DMA1_Stream5_IRQHandler
                0x0000000008001718                BDMA_Channel1_IRQHandler
                0x0000000008001718                HRTIM1_TIMD_IRQHandler
                0x0000000008001718                TAMP_STAMP_IRQHandler
                0x0000000008001718                EXTI3_IRQHandler
                0x0000000008001718                LPTIM4_IRQHandler
                0x0000000008001718                TIM8_TRG_COM_TIM14_IRQHandler
                0x0000000008001718                LPTIM2_IRQHandler
                0x0000000008001718                DFSDM1_FLT1_IRQHandler
                0x0000000008001718                DMAMUX2_OVR_IRQHandler
                0x0000000008001718                TIM8_UP_TIM13_IRQHandler
                0x0000000008001718                I2C3_ER_IRQHandler
                0x0000000008001718                DFSDM1_FLT2_IRQHandler
                0x0000000008001718                MDMA_IRQHandler
                0x0000000008001718                LPTIM3_IRQHandler
                0x0000000008001718                HSEM1_IRQHandler
                0x0000000008001718                EXTI0_IRQHandler
                0x0000000008001718                I2C2_EV_IRQHandler
                0x0000000008001718                DMA1_Stream2_IRQHandler
                0x0000000008001718                FPU_IRQHandler
                0x0000000008001718                OTG_HS_WKUP_IRQHandler
                0x0000000008001718                FDCAN1_IT1_IRQHandler
                0x0000000008001718                LTDC_ER_IRQHandler
                0x0000000008001718                DMA2_Stream2_IRQHandler
                0x0000000008001718                HRTIM1_TIME_IRQHandler
                0x0000000008001718                SPI1_IRQHandler
                0x0000000008001718                TIM6_DAC_IRQHandler
                0x0000000008001718                DCMI_IRQHandler
                0x0000000008001718                HRTIM1_TIMC_IRQHandler
                0x0000000008001718                DMA2_Stream3_IRQHandler
                0x0000000008001718                SAI2_IRQHandler
                0x0000000008001718                DFSDM1_FLT3_IRQHandler
                0x0000000008001718                USART6_IRQHandler
                0x0000000008001718                TIM17_IRQHandler
                0x0000000008001718                BDMA_Channel7_IRQHandler
                0x0000000008001718                LPTIM5_IRQHandler
                0x0000000008001718                UART5_IRQHandler
                0x0000000008001718                ADC3_IRQHandler
                0x0000000008001718                DMA2_Stream0_IRQHandler
                0x0000000008001718                TIM4_IRQHandler
                0x0000000008001718                BDMA_Channel2_IRQHandler
                0x0000000008001718                QUADSPI_IRQHandler
                0x0000000008001718                I2C1_EV_IRQHandler
                0x0000000008001718                DMA1_Stream6_IRQHandler
                0x0000000008001718                DMAMUX1_OVR_IRQHandler
                0x0000000008001718                DMA1_Stream1_IRQHandler
                0x0000000008001718                TIM16_IRQHandler
                0x0000000008001718                UART4_IRQHandler
                0x0000000008001718                BDMA_Channel5_IRQHandler
                0x0000000008001718                TIM3_IRQHandler
                0x0000000008001718                RCC_IRQHandler
                0x0000000008001718                TIM8_BRK_TIM12_IRQHandler
                0x0000000008001718                TIM1_TRG_COM_IRQHandler
                0x0000000008001718                Default_Handler
                0x0000000008001718                ECC_IRQHandler
                0x0000000008001718                CEC_IRQHandler
                0x0000000008001718                EXTI15_10_IRQHandler
                0x0000000008001718                BDMA_Channel0_IRQHandler
                0x0000000008001718                ADC_IRQHandler
                0x0000000008001718                DMA1_Stream7_IRQHandler
                0x0000000008001718                HRTIM1_TIMA_IRQHandler
                0x0000000008001718                SPI5_IRQHandler
                0x0000000008001718                TIM7_IRQHandler
                0x0000000008001718                SDMMC1_IRQHandler
                0x0000000008001718                TIM5_IRQHandler
                0x0000000008001718                DMA2_Stream7_IRQHandler
                0x0000000008001718                TIM15_IRQHandler
                0x0000000008001718                PVD_AVD_IRQHandler
                0x0000000008001718                I2C3_EV_IRQHandler
                0x0000000008001718                EXTI9_5_IRQHandler
                0x0000000008001718                RTC_WKUP_IRQHandler
                0x0000000008001718                LTDC_IRQHandler
                0x0000000008001718                SAI3_IRQHandler
                0x0000000008001718                ETH_WKUP_IRQHandler
                0x0000000008001718                SPDIF_RX_IRQHandler
                0x0000000008001718                SPI2_IRQHandler
                0x0000000008001718                OTG_HS_EP1_IN_IRQHandler
                0x0000000008001718                DMA1_Stream0_IRQHandler
                0x0000000008001718                CRS_IRQHandler
                0x0000000008001718                EXTI4_IRQHandler
                0x0000000008001718                RNG_IRQHandler
                0x0000000008001718                HRTIM1_TIMB_IRQHandler
                0x0000000008001718                FDCAN2_IT1_IRQHandler
                0x0000000008001718                ETH_IRQHandler
                0x0000000008001718                TIM1_UP_IRQHandler
                0x0000000008001718                BDMA_Channel4_IRQHandler
                0x0000000008001718                OTG_HS_EP1_OUT_IRQHandler
                0x0000000008001718                WWDG_IRQHandler
                0x0000000008001718                SPI6_IRQHandler
                0x0000000008001718                MDIOS_IRQHandler
                0x0000000008001718                I2C4_EV_IRQHandler
                0x0000000008001718                FDCAN2_IT0_IRQHandler
                0x0000000008001718                LPUART1_IRQHandler
                0x0000000008001718                FDCAN1_IT0_IRQHandler
                0x0000000008001718                OTG_FS_WKUP_IRQHandler
                0x0000000008001718                OTG_HS_IRQHandler
                0x0000000008001718                DMA2D_IRQHandler
                0x0000000008001718                TIM1_BRK_IRQHandler
                0x0000000008001718                EXTI1_IRQHandler
                0x0000000008001718                SDMMC2_IRQHandler
                0x0000000008001718                OTG_FS_EP1_OUT_IRQHandler
                0x0000000008001718                BDMA_Channel3_IRQHandler
                0x0000000008001718                UART7_IRQHandler
                0x0000000008001718                MDIOS_WKUP_IRQHandler
                0x0000000008001718                USART2_IRQHandler
                0x0000000008001718                DFSDM1_FLT0_IRQHandler
                0x0000000008001718                SAI4_IRQHandler
                0x0000000008001718                I2C2_ER_IRQHandler
                0x0000000008001718                DMA2_Stream1_IRQHandler
                0x0000000008001718                FLASH_IRQHandler
                0x0000000008001718                DMA2_Stream4_IRQHandler
                0x0000000008001718                OTG_FS_IRQHandler
                0x0000000008001718                SPI3_IRQHandler
                0x0000000008001718                WAKEUP_PIN_IRQHandler
                0x0000000008001718                DMA1_Stream4_IRQHandler
                0x0000000008001718                OTG_FS_EP1_IN_IRQHandler
                0x0000000008001718                I2C1_ER_IRQHandler
                0x0000000008001718                FMC_IRQHandler
                0x0000000008001718                FDCAN_CAL_IRQHandler
                0x0000000008001718                SWPMI1_IRQHandler
                0x0000000008001718                COMP1_IRQHandler
                0x0000000008001718                LPTIM1_IRQHandler
                0x0000000008001718                I2C4_ER_IRQHandler
                0x0000000008001718                DMA2_Stream6_IRQHandler
                0x0000000008001718                SAI1_IRQHandler
                0x0000000008001718                DMA1_Stream3_IRQHandler
 *fill*         0x000000000800171a        0x2 
 .text.HAL_NVIC_SetPriorityGrouping
                0x000000000800171c       0x24 src/driver/CMakeFiles/driver.dir/stm32h7xx_hal_cortex.c.o
                0x000000000800171c                HAL_NVIC_SetPriorityGrouping
 .text.HAL_NVIC_SetPriority
                0x0000000008001740       0x64 src/driver/CMakeFiles/driver.dir/stm32h7xx_hal_cortex.c.o
                0x0000000008001740                HAL_NVIC_SetPriority
 .text.HAL_NVIC_EnableIRQ
                0x00000000080017a4       0x1c src/driver/CMakeFiles/driver.dir/stm32h7xx_hal_cortex.c.o
                0x00000000080017a4                HAL_NVIC_EnableIRQ
 .text.HAL_SYSTICK_Config
                0x00000000080017c0       0x2c src/driver/CMakeFiles/driver.dir/stm32h7xx_hal_cortex.c.o
                0x00000000080017c0                HAL_SYSTICK_Config
 .text.HAL_MPU_Disable
                0x00000000080017ec       0x20 src/driver/CMakeFiles/driver.dir/stm32h7xx_hal_cortex.c.o
                0x00000000080017ec                HAL_MPU_Disable
 .text.HAL_MPU_Enable
                0x000000000800180c       0x24 src/driver/CMakeFiles/driver.dir/stm32h7xx_hal_cortex.c.o
                0x000000000800180c                HAL_MPU_Enable
 .text.HAL_MPU_ConfigRegion
                0x0000000008001830       0x54 src/driver/CMakeFiles/driver.dir/stm32h7xx_hal_cortex.c.o
                0x0000000008001830                HAL_MPU_ConfigRegion
 .text.HAL_GPIO_Init
                0x0000000008001884      0x1ec src/driver/CMakeFiles/driver.dir/stm32h7xx_hal_gpio.c.o
                0x0000000008001884                HAL_GPIO_Init
 .text.RCCEx_PLL2_Config
                0x0000000008001a70       0xe8 src/driver/CMakeFiles/driver.dir/stm32h7xx_hal_rcc_ex.c.o
 .text.RCCEx_PLL3_Config
                0x0000000008001b58       0xe8 src/driver/CMakeFiles/driver.dir/stm32h7xx_hal_rcc_ex.c.o
 .text.HAL_RCCEx_PeriphCLKConfig
                0x0000000008001c40      0x958 src/driver/CMakeFiles/driver.dir/stm32h7xx_hal_rcc_ex.c.o
                0x0000000008001c40                HAL_RCCEx_PeriphCLKConfig
 .text.HAL_RCCEx_GetD3PCLK1Freq
                0x0000000008002598       0x2c src/driver/CMakeFiles/driver.dir/stm32h7xx_hal_rcc_ex.c.o
                0x0000000008002598                HAL_RCCEx_GetD3PCLK1Freq
 .text.HAL_RCCEx_GetPLL2ClockFreq
                0x00000000080025c4      0x1cc src/driver/CMakeFiles/driver.dir/stm32h7xx_hal_rcc_ex.c.o
                0x00000000080025c4                HAL_RCCEx_GetPLL2ClockFreq
 .text.HAL_RCCEx_GetPLL3ClockFreq
                0x0000000008002790      0x1cc src/driver/CMakeFiles/driver.dir/stm32h7xx_hal_rcc_ex.c.o
                0x0000000008002790                HAL_RCCEx_GetPLL3ClockFreq
 .text.HAL_RCCEx_GetD1SysClockFreq
                0x000000000800295c       0x34 src/driver/CMakeFiles/driver.dir/stm32h7xx_hal_rcc_ex.c.o
                0x000000000800295c                HAL_RCCEx_GetD1SysClockFreq
 .text.HAL_SRAM_MspInit
                0x0000000008002990        0x2 src/driver/CMakeFiles/driver.dir/stm32h7xx_hal_sram.c.o
                0x0000000008002990                HAL_SRAM_MspInit
 *fill*         0x0000000008002992        0x2 
 .text.HAL_SRAM_Init
                0x0000000008002994       0x60 src/driver/CMakeFiles/driver.dir/stm32h7xx_hal_sram.c.o
                0x0000000008002994                HAL_SRAM_Init
 .text.HAL_RCC_OscConfig
                0x00000000080029f4      0x594 src/driver/CMakeFiles/driver.dir/stm32h7xx_hal_rcc.c.o
                0x00000000080029f4                HAL_RCC_OscConfig
 .text.HAL_RCC_GetSysClockFreq
                0x0000000008002f88      0x1cc src/driver/CMakeFiles/driver.dir/stm32h7xx_hal_rcc.c.o
                0x0000000008002f88                HAL_RCC_GetSysClockFreq
 .text.HAL_RCC_ClockConfig
                0x0000000008003154      0x1f4 src/driver/CMakeFiles/driver.dir/stm32h7xx_hal_rcc.c.o
                0x0000000008003154                HAL_RCC_ClockConfig
 .text.HAL_RCC_GetHCLKFreq
                0x0000000008003348       0x34 src/driver/CMakeFiles/driver.dir/stm32h7xx_hal_rcc.c.o
                0x0000000008003348                HAL_RCC_GetHCLKFreq
 .text.HAL_RCC_GetPCLK1Freq
                0x000000000800337c       0x2c src/driver/CMakeFiles/driver.dir/stm32h7xx_hal_rcc.c.o
                0x000000000800337c                HAL_RCC_GetPCLK1Freq
 .text.HAL_RCC_GetPCLK2Freq
                0x00000000080033a8       0x2c src/driver/CMakeFiles/driver.dir/stm32h7xx_hal_rcc.c.o
                0x00000000080033a8                HAL_RCC_GetPCLK2Freq
 .text.HAL_TIM_Base_MspInit
                0x00000000080033d4        0x2 src/driver/CMakeFiles/driver.dir/stm32h7xx_hal_tim.c.o
                0x00000000080033d4                HAL_TIM_Base_MspInit
 .text.HAL_TIM_Base_Start
                0x00000000080033d6       0x1a src/driver/CMakeFiles/driver.dir/stm32h7xx_hal_tim.c.o
                0x00000000080033d6                HAL_TIM_Base_Start
 .text.TIM_Base_SetConfig
                0x00000000080033f0      0x104 src/driver/CMakeFiles/driver.dir/stm32h7xx_hal_tim.c.o
                0x00000000080033f0                TIM_Base_SetConfig
 .text.HAL_TIM_Base_Init
                0x00000000080034f4       0x34 src/driver/CMakeFiles/driver.dir/stm32h7xx_hal_tim.c.o
                0x00000000080034f4                HAL_TIM_Base_Init
 .text.HAL_UART_MspInit
                0x0000000008003528        0x2 src/driver/CMakeFiles/driver.dir/stm32h7xx_hal_uart.c.o
                0x0000000008003528                HAL_UART_MspInit
 *fill*         0x000000000800352a        0x2 
 .text.UART_SetConfig
                0x000000000800352c      0x90c src/driver/CMakeFiles/driver.dir/stm32h7xx_hal_uart.c.o
                0x000000000800352c                UART_SetConfig
 .text.UART_AdvFeatureConfig
                0x0000000008003e38       0xca src/driver/CMakeFiles/driver.dir/stm32h7xx_hal_uart.c.o
                0x0000000008003e38                UART_AdvFeatureConfig
 .text.UART_WaitOnFlagUntilTimeout
                0x0000000008003f02       0x62 src/driver/CMakeFiles/driver.dir/stm32h7xx_hal_uart.c.o
                0x0000000008003f02                UART_WaitOnFlagUntilTimeout
 .text.UART_CheckIdleState
                0x0000000008003f64       0x70 src/driver/CMakeFiles/driver.dir/stm32h7xx_hal_uart.c.o
                0x0000000008003f64                UART_CheckIdleState
 .text.HAL_UART_Init
                0x0000000008003fd4       0x66 src/driver/CMakeFiles/driver.dir/stm32h7xx_hal_uart.c.o
                0x0000000008003fd4                HAL_UART_Init
 .text.HAL_MspInit
                0x000000000800403a        0x2 src/driver/CMakeFiles/driver.dir/stm32h7xx_hal.c.o
                0x000000000800403a                HAL_MspInit
 .text.HAL_InitTick
                0x000000000800403c       0x4c src/driver/CMakeFiles/driver.dir/stm32h7xx_hal.c.o
                0x000000000800403c                HAL_InitTick
 .text.HAL_Init
                0x0000000008004088       0x1e src/driver/CMakeFiles/driver.dir/stm32h7xx_hal.c.o
                0x0000000008004088                HAL_Init
 *fill*         0x00000000080040a6        0x2 
 .text.HAL_IncTick
                0x00000000080040a8       0x18 src/driver/CMakeFiles/driver.dir/stm32h7xx_hal.c.o
                0x00000000080040a8                HAL_IncTick
 .text.HAL_GetTick
                0x00000000080040c0        0xc src/driver/CMakeFiles/driver.dir/stm32h7xx_hal.c.o
                0x00000000080040c0                HAL_GetTick
 .text.HAL_EnableCompensationCell
                0x00000000080040cc       0x10 src/driver/CMakeFiles/driver.dir/stm32h7xx_hal.c.o
                0x00000000080040cc                HAL_EnableCompensationCell
 .text.FMC_NORSRAM_Init
                0x00000000080040dc       0x80 src/driver/CMakeFiles/driver.dir/stm32h7xx_ll_fmc.c.o
                0x00000000080040dc                FMC_NORSRAM_Init
 .text.FMC_NORSRAM_Timing_Init
                0x000000000800415c       0x58 src/driver/CMakeFiles/driver.dir/stm32h7xx_ll_fmc.c.o
                0x000000000800415c                FMC_NORSRAM_Timing_Init
 .text.FMC_NORSRAM_Extended_Timing_Init
                0x00000000080041b4       0x44 src/driver/CMakeFiles/driver.dir/stm32h7xx_ll_fmc.c.o
                0x00000000080041b4                FMC_NORSRAM_Extended_Timing_Init
 .text.application_init
                0x00000000080041f8        0x6 src/User/CMakeFiles/user.dir/application.c.o
                0x00000000080041f8                application_init
 *fill*         0x00000000080041fe        0x2 
 .text.application_run
                0x0000000008004200       0x98 src/User/CMakeFiles/user.dir/application.c.o
                0x0000000008004200                application_run
 .text.PrintfLogo
                0x0000000008004298       0xe0 src/User/CMakeFiles/user.dir/main.c.o
 .text.PrintfHelp
                0x0000000008004378       0x24 src/User/CMakeFiles/user.dir/main.c.o
 .text.main     0x000000000800439c       0x90 src/User/CMakeFiles/user.dir/main.c.o
                0x000000000800439c                main
 .text._push    0x000000000800442c       0x22 src/User/CMakeFiles/user.dir/normal_stack.c.o
                0x000000000800442c                _push
 .text._pop     0x000000000800444e       0x1a src/User/CMakeFiles/user.dir/normal_stack.c.o
                0x000000000800444e                _pop
 .text.normal_stack_init
                0x0000000008004468       0x20 src/User/CMakeFiles/user.dir/normal_stack.c.o
                0x0000000008004468                normal_stack_init
 .text.range_check
                0x0000000008004488       0x18 src/User/CMakeFiles/user.dir/range_stack.c.o
                0x0000000008004488                range_check
 .text.range_with_validate_pop
                0x00000000080044a0        0xa src/User/CMakeFiles/user.dir/range_stack.c.o
 .text.range_with_validate_push
                0x00000000080044aa       0x1a src/User/CMakeFiles/user.dir/range_stack.c.o
 .text.range_stack_init
                0x00000000080044c4       0x34 src/User/CMakeFiles/user.dir/range_stack.c.o
                0x00000000080044c4                range_stack_init
 .text.stack_init
                0x00000000080044f8        0x8 src/User/CMakeFiles/user.dir/stack.c.o
                0x00000000080044f8                stack_init
 .text.validator_init
                0x0000000008004500        0x4 src/User/CMakeFiles/user.dir/validator.c.o
                0x0000000008004500                validator_init
 .text.printf   0x0000000008004504       0x30 /mnt/d/gcc-arm-none-eabi-8-2019-q3-update/bin/../lib/gcc/arm-none-eabi/8.3.1/../../../../arm-none-eabi/lib/thumb/v7e-m+dp/hard/libg_nano.a(lib_a-printf.o)
                0x0000000008004504                printf
                0x0000000008004504                iprintf
 .text._puts_r  0x0000000008004534       0xdc /mnt/d/gcc-arm-none-eabi-8-2019-q3-update/bin/../lib/gcc/arm-none-eabi/8.3.1/../../../../arm-none-eabi/lib/thumb/v7e-m+dp/hard/libg_nano.a(lib_a-puts.o)
                0x0000000008004534                _puts_r
 .text.puts     0x0000000008004610       0x10 /mnt/d/gcc-arm-none-eabi-8-2019-q3-update/bin/../lib/gcc/arm-none-eabi/8.3.1/../../../../arm-none-eabi/lib/thumb/v7e-m+dp/hard/libg_nano.a(lib_a-puts.o)
                0x0000000008004610                puts
 .text.__swbuf_r
                0x0000000008004620       0xa4 /mnt/d/gcc-arm-none-eabi-8-2019-q3-update/bin/../lib/gcc/arm-none-eabi/8.3.1/../../../../arm-none-eabi/lib/thumb/v7e-m+dp/hard/libg_nano.a(lib_a-wbuf.o)
                0x0000000008004620                __swbuf_r
 .text.__swsetup_r
                0x00000000080046c4       0xdc /mnt/d/gcc-arm-none-eabi-8-2019-q3-update/bin/../lib/gcc/arm-none-eabi/8.3.1/../../../../arm-none-eabi/lib/thumb/v7e-m+dp/hard/libg_nano.a(lib_a-wsetup.o)
                0x00000000080046c4                __swsetup_r
 .text.__sflush_r
                0x00000000080047a0      0x10c /mnt/d/gcc-arm-none-eabi-8-2019-q3-update/bin/../lib/gcc/arm-none-eabi/8.3.1/../../../../arm-none-eabi/lib/thumb/v7e-m+dp/hard/libg_nano.a(lib_a-fflush.o)
                0x00000000080047a0                __sflush_r
 .text._fflush_r
                0x00000000080048ac       0x78 /mnt/d/gcc-arm-none-eabi-8-2019-q3-update/bin/../lib/gcc/arm-none-eabi/8.3.1/../../../../arm-none-eabi/lib/thumb/v7e-m+dp/hard/libg_nano.a(lib_a-fflush.o)
                0x00000000080048ac                _fflush_r
 .text.std      0x0000000008004924       0x48 /mnt/d/gcc-arm-none-eabi-8-2019-q3-update/bin/../lib/gcc/arm-none-eabi/8.3.1/../../../../arm-none-eabi/lib/thumb/v7e-m+dp/hard/libg_nano.a(lib_a-findfp.o)
 .text._cleanup_r
                0x000000000800496c        0xc /mnt/d/gcc-arm-none-eabi-8-2019-q3-update/bin/../lib/gcc/arm-none-eabi/8.3.1/../../../../arm-none-eabi/lib/thumb/v7e-m+dp/hard/libg_nano.a(lib_a-findfp.o)
                0x000000000800496c                _cleanup_r
 .text.__sfmoreglue
                0x0000000008004978       0x2c /mnt/d/gcc-arm-none-eabi-8-2019-q3-update/bin/../lib/gcc/arm-none-eabi/8.3.1/../../../../arm-none-eabi/lib/thumb/v7e-m+dp/hard/libg_nano.a(lib_a-findfp.o)
                0x0000000008004978                __sfmoreglue
 .text.__sfp_lock_acquire
                0x00000000080049a4        0xc /mnt/d/gcc-arm-none-eabi-8-2019-q3-update/bin/../lib/gcc/arm-none-eabi/8.3.1/../../../../arm-none-eabi/lib/thumb/v7e-m+dp/hard/libg_nano.a(lib_a-findfp.o)
                0x00000000080049a4                __sfp_lock_acquire
 .text.__sfp_lock_release
                0x00000000080049b0        0xc /mnt/d/gcc-arm-none-eabi-8-2019-q3-update/bin/../lib/gcc/arm-none-eabi/8.3.1/../../../../arm-none-eabi/lib/thumb/v7e-m+dp/hard/libg_nano.a(lib_a-findfp.o)
                0x00000000080049b0                __sfp_lock_release
 .text.__sinit_lock_acquire
                0x00000000080049bc        0xc /mnt/d/gcc-arm-none-eabi-8-2019-q3-update/bin/../lib/gcc/arm-none-eabi/8.3.1/../../../../arm-none-eabi/lib/thumb/v7e-m+dp/hard/libg_nano.a(lib_a-findfp.o)
                0x00000000080049bc                __sinit_lock_acquire
 .text.__sinit_lock_release
                0x00000000080049c8        0xc /mnt/d/gcc-arm-none-eabi-8-2019-q3-update/bin/../lib/gcc/arm-none-eabi/8.3.1/../../../../arm-none-eabi/lib/thumb/v7e-m+dp/hard/libg_nano.a(lib_a-findfp.o)
                0x00000000080049c8                __sinit_lock_release
 .text.__sinit  0x00000000080049d4       0x70 /mnt/d/gcc-arm-none-eabi-8-2019-q3-update/bin/../lib/gcc/arm-none-eabi/8.3.1/../../../../arm-none-eabi/lib/thumb/v7e-m+dp/hard/libg_nano.a(lib_a-findfp.o)
                0x00000000080049d4                __sinit
 .text.__sfp    0x0000000008004a44       0x8c /mnt/d/gcc-arm-none-eabi-8-2019-q3-update/bin/../lib/gcc/arm-none-eabi/8.3.1/../../../../arm-none-eabi/lib/thumb/v7e-m+dp/hard/libg_nano.a(lib_a-findfp.o)
                0x0000000008004a44                __sfp
 .text._fwalk_reent
                0x0000000008004ad0       0x3c /mnt/d/gcc-arm-none-eabi-8-2019-q3-update/bin/../lib/gcc/arm-none-eabi/8.3.1/../../../../arm-none-eabi/lib/thumb/v7e-m+dp/hard/libg_nano.a(lib_a-fwalk.o)
                0x0000000008004ad0                _fwalk_reent
 .text.__retarget_lock_init_recursive
                0x0000000008004b0c        0x2 /mnt/d/gcc-arm-none-eabi-8-2019-q3-update/bin/../lib/gcc/arm-none-eabi/8.3.1/../../../../arm-none-eabi/lib/thumb/v7e-m+dp/hard/libg_nano.a(lib_a-lock.o)
                0x0000000008004b0c                __retarget_lock_init_recursive
 .text.__retarget_lock_acquire_recursive
                0x0000000008004b0e        0x2 /mnt/d/gcc-arm-none-eabi-8-2019-q3-update/bin/../lib/gcc/arm-none-eabi/8.3.1/../../../../arm-none-eabi/lib/thumb/v7e-m+dp/hard/libg_nano.a(lib_a-lock.o)
                0x0000000008004b0e                __retarget_lock_acquire_recursive
 .text.__retarget_lock_release_recursive
                0x0000000008004b10        0x2 /mnt/d/gcc-arm-none-eabi-8-2019-q3-update/bin/../lib/gcc/arm-none-eabi/8.3.1/../../../../arm-none-eabi/lib/thumb/v7e-m+dp/hard/libg_nano.a(lib_a-lock.o)
                0x0000000008004b10                __retarget_lock_release_recursive
 .text.__swhatbuf_r
                0x0000000008004b12       0x48 /mnt/d/gcc-arm-none-eabi-8-2019-q3-update/bin/../lib/gcc/arm-none-eabi/8.3.1/../../../../arm-none-eabi/lib/thumb/v7e-m+dp/hard/libg_nano.a(lib_a-makebuf.o)
                0x0000000008004b12                __swhatbuf_r
 *fill*         0x0000000008004b5a        0x2 
 .text.__smakebuf_r
                0x0000000008004b5c       0x80 /mnt/d/gcc-arm-none-eabi-8-2019-q3-update/bin/../lib/gcc/arm-none-eabi/8.3.1/../../../../arm-none-eabi/lib/thumb/v7e-m+dp/hard/libg_nano.a(lib_a-makebuf.o)
                0x0000000008004b5c                __smakebuf_r
 .text._free_r  0x0000000008004bdc       0x9c /mnt/d/gcc-arm-none-eabi-8-2019-q3-update/bin/../lib/gcc/arm-none-eabi/8.3.1/../../../../arm-none-eabi/lib/thumb/v7e-m+dp/hard/libg_nano.a(lib_a-nano-freer.o)
                0x0000000008004bdc                _free_r
 .text._malloc_r
                0x0000000008004c78       0xb4 /mnt/d/gcc-arm-none-eabi-8-2019-q3-update/bin/../lib/gcc/arm-none-eabi/8.3.1/../../../../arm-none-eabi/lib/thumb/v7e-m+dp/hard/libg_nano.a(lib_a-nano-mallocr.o)
                0x0000000008004c78                _malloc_r
 .text.__sfputc_r
                0x0000000008004d2c       0x2e /mnt/d/gcc-arm-none-eabi-8-2019-q3-update/bin/../lib/gcc/arm-none-eabi/8.3.1/../../../../arm-none-eabi/lib/thumb/v7e-m+dp/hard/libg_nano.a(lib_a-nano-vfprintf.o)
 .text.__sfputs_r
                0x0000000008004d5a       0x24 /mnt/d/gcc-arm-none-eabi-8-2019-q3-update/bin/../lib/gcc/arm-none-eabi/8.3.1/../../../../arm-none-eabi/lib/thumb/v7e-m+dp/hard/libg_nano.a(lib_a-nano-vfprintf.o)
                0x0000000008004d5a                __sfputs_r
 *fill*         0x0000000008004d7e        0x2 
 .text._vfprintf_r
                0x0000000008004d80      0x250 /mnt/d/gcc-arm-none-eabi-8-2019-q3-update/bin/../lib/gcc/arm-none-eabi/8.3.1/../../../../arm-none-eabi/lib/thumb/v7e-m+dp/hard/libg_nano.a(lib_a-nano-vfprintf.o)
                0x0000000008004d80                _vfiprintf_r
                0x0000000008004d80                _vfprintf_r
 .text._printf_common
                0x0000000008004fd0       0xea /mnt/d/gcc-arm-none-eabi-8-2019-q3-update/bin/../lib/gcc/arm-none-eabi/8.3.1/../../../../arm-none-eabi/lib/thumb/v7e-m+dp/hard/libg_nano.a(lib_a-nano-vfprintf_i.o)
                0x0000000008004fd0                _printf_common
 *fill*         0x00000000080050ba        0x2 
 .text._printf_i
                0x00000000080050bc      0x228 /mnt/d/gcc-arm-none-eabi-8-2019-q3-update/bin/../lib/gcc/arm-none-eabi/8.3.1/../../../../arm-none-eabi/lib/thumb/v7e-m+dp/hard/libg_nano.a(lib_a-nano-vfprintf_i.o)
                0x00000000080050bc                _printf_i
 .text._sbrk_r  0x00000000080052e4       0x20 /mnt/d/gcc-arm-none-eabi-8-2019-q3-update/bin/../lib/gcc/arm-none-eabi/8.3.1/../../../../arm-none-eabi/lib/thumb/v7e-m+dp/hard/libg_nano.a(lib_a-sbrkr.o)
                0x00000000080052e4                _sbrk_r
 .text.__sread  0x0000000008005304       0x22 /mnt/d/gcc-arm-none-eabi-8-2019-q3-update/bin/../lib/gcc/arm-none-eabi/8.3.1/../../../../arm-none-eabi/lib/thumb/v7e-m+dp/hard/libg_nano.a(lib_a-stdio.o)
                0x0000000008005304                __sread
 .text.__swrite
                0x0000000008005326       0x38 /mnt/d/gcc-arm-none-eabi-8-2019-q3-update/bin/../lib/gcc/arm-none-eabi/8.3.1/../../../../arm-none-eabi/lib/thumb/v7e-m+dp/hard/libg_nano.a(lib_a-stdio.o)
                0x0000000008005326                __swrite
 .text.__sseek  0x000000000800535e       0x24 /mnt/d/gcc-arm-none-eabi-8-2019-q3-update/bin/../lib/gcc/arm-none-eabi/8.3.1/../../../../arm-none-eabi/lib/thumb/v7e-m+dp/hard/libg_nano.a(lib_a-stdio.o)
                0x000000000800535e                __sseek
 .text.__sclose
                0x0000000008005382        0x8 /mnt/d/gcc-arm-none-eabi-8-2019-q3-update/bin/../lib/gcc/arm-none-eabi/8.3.1/../../../../arm-none-eabi/lib/thumb/v7e-m+dp/hard/libg_nano.a(lib_a-stdio.o)
                0x0000000008005382                __sclose
 *fill*         0x000000000800538a        0x2 
 .text._write_r
                0x000000000800538c       0x24 /mnt/d/gcc-arm-none-eabi-8-2019-q3-update/bin/../lib/gcc/arm-none-eabi/8.3.1/../../../../arm-none-eabi/lib/thumb/v7e-m+dp/hard/libg_nano.a(lib_a-writer.o)
                0x000000000800538c                _write_r
 .text._close_r
                0x00000000080053b0       0x20 /mnt/d/gcc-arm-none-eabi-8-2019-q3-update/bin/../lib/gcc/arm-none-eabi/8.3.1/../../../../arm-none-eabi/lib/thumb/v7e-m+dp/hard/libg_nano.a(lib_a-closer.o)
                0x00000000080053b0                _close_r
 .text._fstat_r
                0x00000000080053d0       0x24 /mnt/d/gcc-arm-none-eabi-8-2019-q3-update/bin/../lib/gcc/arm-none-eabi/8.3.1/../../../../arm-none-eabi/lib/thumb/v7e-m+dp/hard/libg_nano.a(lib_a-fstatr.o)
                0x00000000080053d0                _fstat_r
 .text._isatty_r
                0x00000000080053f4       0x20 /mnt/d/gcc-arm-none-eabi-8-2019-q3-update/bin/../lib/gcc/arm-none-eabi/8.3.1/../../../../arm-none-eabi/lib/thumb/v7e-m+dp/hard/libg_nano.a(lib_a-isattyr.o)
                0x00000000080053f4                _isatty_r
 .text._lseek_r
                0x0000000008005414       0x24 /mnt/d/gcc-arm-none-eabi-8-2019-q3-update/bin/../lib/gcc/arm-none-eabi/8.3.1/../../../../arm-none-eabi/lib/thumb/v7e-m+dp/hard/libg_nano.a(lib_a-lseekr.o)
                0x0000000008005414                _lseek_r
 .text.__malloc_lock
                0x0000000008005438        0xc /mnt/d/gcc-arm-none-eabi-8-2019-q3-update/bin/../lib/gcc/arm-none-eabi/8.3.1/../../../../arm-none-eabi/lib/thumb/v7e-m+dp/hard/libg_nano.a(lib_a-mlock.o)
                0x0000000008005438                __malloc_lock
 .text.__malloc_unlock
                0x0000000008005444        0xc /mnt/d/gcc-arm-none-eabi-8-2019-q3-update/bin/../lib/gcc/arm-none-eabi/8.3.1/../../../../arm-none-eabi/lib/thumb/v7e-m+dp/hard/libg_nano.a(lib_a-mlock.o)
                0x0000000008005444                __malloc_unlock
 .text._read_r  0x0000000008005450       0x24 /mnt/d/gcc-arm-none-eabi-8-2019-q3-update/bin/../lib/gcc/arm-none-eabi/8.3.1/../../../../arm-none-eabi/lib/thumb/v7e-m+dp/hard/libg_nano.a(lib_a-readr.o)
                0x0000000008005450                _read_r
 .text._close   0x0000000008005474       0x10 /mnt/d/gcc-arm-none-eabi-8-2019-q3-update/bin/../lib/gcc/arm-none-eabi/8.3.1/../../../../arm-none-eabi/lib/thumb/v7e-m+dp/hard/libnosys.a(close.o)
                0x0000000008005474                _close
 .text._fstat   0x0000000008005484       0x10 /mnt/d/gcc-arm-none-eabi-8-2019-q3-update/bin/../lib/gcc/arm-none-eabi/8.3.1/../../../../arm-none-eabi/lib/thumb/v7e-m+dp/hard/libnosys.a(fstat.o)
                0x0000000008005484                _fstat
 .text._isatty  0x0000000008005494       0x10 /mnt/d/gcc-arm-none-eabi-8-2019-q3-update/bin/../lib/gcc/arm-none-eabi/8.3.1/../../../../arm-none-eabi/lib/thumb/v7e-m+dp/hard/libnosys.a(isatty.o)
                0x0000000008005494                _isatty
 .text._lseek   0x00000000080054a4       0x10 /mnt/d/gcc-arm-none-eabi-8-2019-q3-update/bin/../lib/gcc/arm-none-eabi/8.3.1/../../../../arm-none-eabi/lib/thumb/v7e-m+dp/hard/libnosys.a(lseek.o)
                0x00000000080054a4                _lseek
 .text._read    0x00000000080054b4       0x10 /mnt/d/gcc-arm-none-eabi-8-2019-q3-update/bin/../lib/gcc/arm-none-eabi/8.3.1/../../../../arm-none-eabi/lib/thumb/v7e-m+dp/hard/libnosys.a(read.o)
                0x00000000080054b4                _read
 .text._sbrk    0x00000000080054c4       0x1c /mnt/d/gcc-arm-none-eabi-8-2019-q3-update/bin/../lib/gcc/arm-none-eabi/8.3.1/../../../../arm-none-eabi/lib/thumb/v7e-m+dp/hard/libnosys.a(sbrk.o)
                0x00000000080054c4                _sbrk
 .text._write   0x00000000080054e0       0x10 /mnt/d/gcc-arm-none-eabi-8-2019-q3-update/bin/../lib/gcc/arm-none-eabi/8.3.1/../../../../arm-none-eabi/lib/thumb/v7e-m+dp/hard/libnosys.a(write.o)
                0x00000000080054e0                _write
 *(.glue_7)
 .glue_7        0x00000000080054f0        0x0 linker stubs
 *(.glue_7t)
 .glue_7t       0x00000000080054f0        0x0 linker stubs
 *(.eh_frame)
 .eh_frame      0x00000000080054f0        0x0 /mnt/d/gcc-arm-none-eabi-8-2019-q3-update/bin/../lib/gcc/arm-none-eabi/8.3.1/thumb/v7e-m+dp/hard/crtbegin.o
 *(.init)
 .init          0x00000000080054f0        0x4 /mnt/d/gcc-arm-none-eabi-8-2019-q3-update/bin/../lib/gcc/arm-none-eabi/8.3.1/thumb/v7e-m+dp/hard/crti.o
                0x00000000080054f0                _init
 .init          0x00000000080054f4        0x8 /mnt/d/gcc-arm-none-eabi-8-2019-q3-update/bin/../lib/gcc/arm-none-eabi/8.3.1/thumb/v7e-m+dp/hard/crtn.o
 *(.fini)
 .fini          0x00000000080054fc        0x4 /mnt/d/gcc-arm-none-eabi-8-2019-q3-update/bin/../lib/gcc/arm-none-eabi/8.3.1/thumb/v7e-m+dp/hard/crti.o
                0x00000000080054fc                _fini
 .fini          0x0000000008005500        0x8 /mnt/d/gcc-arm-none-eabi-8-2019-q3-update/bin/../lib/gcc/arm-none-eabi/8.3.1/thumb/v7e-m+dp/hard/crtn.o
                0x0000000008005508                . = ALIGN (0x4)
                0x0000000008005508                _etext = .

.vfp11_veneer   0x0000000008005508        0x0
 .vfp11_veneer  0x0000000008005508        0x0 linker stubs

.v4_bx          0x0000000008005508        0x0
 .v4_bx         0x0000000008005508        0x0 linker stubs

.iplt           0x0000000008005508        0x0
 .iplt          0x0000000008005508        0x0 /mnt/d/gcc-arm-none-eabi-8-2019-q3-update/bin/../lib/gcc/arm-none-eabi/8.3.1/thumb/v7e-m+dp/hard/crtbegin.o

.rodata         0x0000000008005508      0x374
                0x0000000008005508                . = ALIGN (0x4)
 *(.rodata)
 .rodata        0x0000000008005508       0x28 src/User/CMakeFiles/user.dir/application.c.o
 *(.rodata*)
 .rodata._global_impure_ptr
                0x0000000008005530        0x4 /mnt/d/gcc-arm-none-eabi-8-2019-q3-update/bin/../lib/gcc/arm-none-eabi/8.3.1/../../../../arm-none-eabi/lib/thumb/v7e-m+dp/hard/libc_nano.a(lib_a-impure.o)
                0x0000000008005530                _global_impure_ptr
 .rodata.HC574_ConfigFMC.str1.4
                0x0000000008005534       0x21 src/BSP/CMakeFiles/bsp.dir/bsp_fmc_io.c.o
 *fill*         0x0000000008005555        0x3 
 .rodata.s_gpio_list
                0x0000000008005558       0x40 src/BSP/CMakeFiles/bsp.dir/bsp_key.c.o
 .rodata.__FUNCTION__.17715
                0x0000000008005598       0x13 src/BSP/CMakeFiles/bsp.dir/bsp_timer.c.o
 *fill*         0x00000000080055ab        0x1 
 .rodata.bsp_StartTimer.str1.4
                0x00000000080055ac       0x40 src/BSP/CMakeFiles/bsp.dir/bsp_timer.c.o
 .rodata.ComToUart.str1.4
                0x00000000080055ec       0x24 src/BSP/CMakeFiles/bsp.dir/bsp_uart_fifo.c.o
 .rodata.SystemClock_Config.str1.4
                0x0000000008005610       0x1a src/BSP/CMakeFiles/bsp.dir/bsp.c.o
 *fill*         0x000000000800562a        0x2 
 .rodata.D1CorePrescTable
                0x000000000800562c       0x10 src/CMSIS/CMakeFiles/cmsis.dir/system_stm32h7xx.c.o
                0x000000000800562c                D1CorePrescTable
 .rodata.UARTPrescTable
                0x000000000800563c       0x18 src/driver/CMakeFiles/driver.dir/stm32h7xx_hal_uart.c.o
 .rodata.application_run.str1.4
                0x0000000008005654       0x1d src/User/CMakeFiles/user.dir/application.c.o
 *fill*         0x0000000008005671        0x3 
 .rodata.PrintfHelp.str1.4
                0x0000000008005674       0x15 src/User/CMakeFiles/user.dir/main.c.o
 *fill*         0x0000000008005689        0x3 
 .rodata.PrintfLogo.str1.4
                0x000000000800568c      0x15c src/User/CMakeFiles/user.dir/main.c.o
                                        0x15d (size before relaxing)
 .rodata.__sf_fake_stderr
                0x00000000080057e8       0x20 /mnt/d/gcc-arm-none-eabi-8-2019-q3-update/bin/../lib/gcc/arm-none-eabi/8.3.1/../../../../arm-none-eabi/lib/thumb/v7e-m+dp/hard/libg_nano.a(lib_a-findfp.o)
                0x00000000080057e8                __sf_fake_stderr
 .rodata.__sf_fake_stdin
                0x0000000008005808       0x20 /mnt/d/gcc-arm-none-eabi-8-2019-q3-update/bin/../lib/gcc/arm-none-eabi/8.3.1/../../../../arm-none-eabi/lib/thumb/v7e-m+dp/hard/libg_nano.a(lib_a-findfp.o)
                0x0000000008005808                __sf_fake_stdin
 .rodata.__sf_fake_stdout
                0x0000000008005828       0x20 /mnt/d/gcc-arm-none-eabi-8-2019-q3-update/bin/../lib/gcc/arm-none-eabi/8.3.1/../../../../arm-none-eabi/lib/thumb/v7e-m+dp/hard/libg_nano.a(lib_a-findfp.o)
                0x0000000008005828                __sf_fake_stdout
 .rodata._vfprintf_r.str1.1
                0x0000000008005848       0x11 /mnt/d/gcc-arm-none-eabi-8-2019-q3-update/bin/../lib/gcc/arm-none-eabi/8.3.1/../../../../arm-none-eabi/lib/thumb/v7e-m+dp/hard/libg_nano.a(lib_a-nano-vfprintf.o)
 .rodata._printf_i.str1.1
                0x0000000008005859       0x22 /mnt/d/gcc-arm-none-eabi-8-2019-q3-update/bin/../lib/gcc/arm-none-eabi/8.3.1/../../../../arm-none-eabi/lib/thumb/v7e-m+dp/hard/libg_nano.a(lib_a-nano-vfprintf_i.o)
                0x000000000800587c                . = ALIGN (0x4)
 *fill*         0x000000000800587b        0x1 

.ARM.extab
 *(.ARM.extab* .gnu.linkonce.armextab.*)

.ARM            0x000000000800587c        0x8
                0x000000000800587c                __exidx_start = .
 *(.ARM.exidx*)
 .ARM.exidx     0x000000000800587c        0x8 /mnt/d/gcc-arm-none-eabi-8-2019-q3-update/bin/../lib/gcc/arm-none-eabi/8.3.1/thumb/v7e-m+dp/hard/libgcc.a(_udivmoddi4.o)
                0x0000000008005884                __exidx_end = .

.rel.dyn        0x0000000008005884        0x0
 .rel.iplt      0x0000000008005884        0x0 /mnt/d/gcc-arm-none-eabi-8-2019-q3-update/bin/../lib/gcc/arm-none-eabi/8.3.1/thumb/v7e-m+dp/hard/crtbegin.o

.preinit_array  0x0000000008005884        0x0
                0x0000000008005884                PROVIDE (__preinit_array_start = .)
 *(.preinit_array*)
                0x0000000008005884                PROVIDE (__preinit_array_end = .)

.init_array     0x0000000008005884        0x4
                0x0000000008005884                PROVIDE (__init_array_start = .)
 *(SORT_BY_NAME(.init_array.*))
 *(.init_array*)
 .init_array    0x0000000008005884        0x4 /mnt/d/gcc-arm-none-eabi-8-2019-q3-update/bin/../lib/gcc/arm-none-eabi/8.3.1/thumb/v7e-m+dp/hard/crtbegin.o
                0x0000000008005888                PROVIDE (__init_array_end = .)

.fini_array     0x0000000008005888        0x4
                [!provide]                        PROVIDE (__fini_array_start = .)
 *(SORT_BY_NAME(.fini_array.*))
 *(.fini_array*)
 .fini_array    0x0000000008005888        0x4 /mnt/d/gcc-arm-none-eabi-8-2019-q3-update/bin/../lib/gcc/arm-none-eabi/8.3.1/thumb/v7e-m+dp/hard/crtbegin.o
                [!provide]                        PROVIDE (__fini_array_end = .)
                0x000000000800588c                _sidata = LOADADDR (.data)

.data           0x0000000020000000       0x74 load address 0x000000000800588c
                0x0000000020000000                . = ALIGN (0x4)
                0x0000000020000000                _sdata = .
 *(.data)
 *(.data*)
 .data._impure_ptr
                0x0000000020000000        0x4 /mnt/d/gcc-arm-none-eabi-8-2019-q3-update/bin/../lib/gcc/arm-none-eabi/8.3.1/../../../../arm-none-eabi/lib/thumb/v7e-m+dp/hard/libc_nano.a(lib_a-impure.o)
                0x0000000020000000                _impure_ptr
 .data.impure_data
                0x0000000020000004       0x60 /mnt/d/gcc-arm-none-eabi-8-2019-q3-update/bin/../lib/gcc/arm-none-eabi/8.3.1/../../../../arm-none-eabi/lib/thumb/v7e-m+dp/hard/libc_nano.a(lib_a-impure.o)
 .data.SystemCoreClock
                0x0000000020000064        0x4 src/CMSIS/CMakeFiles/cmsis.dir/system_stm32h7xx.c.o
                0x0000000020000064                SystemCoreClock
 .data.SystemD2Clock
                0x0000000020000068        0x4 src/CMSIS/CMakeFiles/cmsis.dir/system_stm32h7xx.c.o
                0x0000000020000068                SystemD2Clock
 .data.uwTickFreq
                0x000000002000006c        0x1 src/driver/CMakeFiles/driver.dir/stm32h7xx_hal.c.o
 *fill*         0x000000002000006d        0x3 
 .data.uwTickPrio
                0x0000000020000070        0x4 src/driver/CMakeFiles/driver.dir/stm32h7xx_hal.c.o
                0x0000000020000074                . = ALIGN (0x4)
                0x0000000020000074                _edata = .

.igot.plt       0x0000000020000074        0x0 load address 0x0000000008005900
 .igot.plt      0x0000000020000074        0x0 /mnt/d/gcc-arm-none-eabi-8-2019-q3-update/bin/../lib/gcc/arm-none-eabi/8.3.1/thumb/v7e-m+dp/hard/crtbegin.o
                0x0000000020000074                . = ALIGN (0x4)

.bss            0x0000000020000074     0x119c load address 0x0000000008005900
                0x0000000020000074                _sbss = .
                0x0000000020000074                __bss_start__ = _sbss
 *(.bss)
 .bss           0x0000000020000074       0x1c /mnt/d/gcc-arm-none-eabi-8-2019-q3-update/bin/../lib/gcc/arm-none-eabi/8.3.1/thumb/v7e-m+dp/hard/crtbegin.o
 *(.bss*)
 .bss.s_tBtn    0x0000000020000090       0xa0 src/BSP/CMakeFiles/bsp.dir/bsp_key.c.o
 .bss.s_tKey    0x0000000020000130        0xd src/BSP/CMakeFiles/bsp.dir/bsp_key.c.o
 *fill*         0x000000002000013d        0x3 
 .bss.g_iRunTime
                0x0000000020000140        0x4 src/BSP/CMakeFiles/bsp.dir/bsp_timer.c.o
                0x0000000020000140                g_iRunTime
 .bss.g_ucEnableSystickISR
                0x0000000020000144        0x1 src/BSP/CMakeFiles/bsp.dir/bsp_timer.c.o
 *fill*         0x0000000020000145        0x3 
 .bss.s_TIM_CallBack1
                0x0000000020000148        0x4 src/BSP/CMakeFiles/bsp.dir/bsp_timer.c.o
 .bss.s_TIM_CallBack2
                0x000000002000014c        0x4 src/BSP/CMakeFiles/bsp.dir/bsp_timer.c.o
 .bss.s_TIM_CallBack3
                0x0000000020000150        0x4 src/BSP/CMakeFiles/bsp.dir/bsp_timer.c.o
 .bss.s_TIM_CallBack4
                0x0000000020000154        0x4 src/BSP/CMakeFiles/bsp.dir/bsp_timer.c.o
 .bss.s_count.17682
                0x0000000020000158        0x1 src/BSP/CMakeFiles/bsp.dir/bsp_timer.c.o
 *fill*         0x0000000020000159        0x3 
 .bss.s_tTmr    0x000000002000015c       0x30 src/BSP/CMakeFiles/bsp.dir/bsp_timer.c.o
 .bss.s_ucTimeOutFlag
                0x000000002000018c        0x1 src/BSP/CMakeFiles/bsp.dir/bsp_timer.c.o
 *fill*         0x000000002000018d        0x3 
 .bss.s_uiDelayCount
                0x0000000020000190        0x4 src/BSP/CMakeFiles/bsp.dir/bsp_timer.c.o
 .bss.g_RxBuf1  0x0000000020000194      0x400 src/BSP/CMakeFiles/bsp.dir/bsp_uart_fifo.c.o
 .bss.g_RxBuf3  0x0000000020000594      0x400 src/BSP/CMakeFiles/bsp.dir/bsp_uart_fifo.c.o
 .bss.g_TxBuf1  0x0000000020000994      0x400 src/BSP/CMakeFiles/bsp.dir/bsp_uart_fifo.c.o
 .bss.g_TxBuf3  0x0000000020000d94      0x400 src/BSP/CMakeFiles/bsp.dir/bsp_uart_fifo.c.o
 .bss.g_tUart1  0x0000000020001194       0x2c src/BSP/CMakeFiles/bsp.dir/bsp_uart_fifo.c.o
 .bss.g_tUart3  0x00000000200011c0       0x2c src/BSP/CMakeFiles/bsp.dir/bsp_uart_fifo.c.o
 .bss.uwTick    0x00000000200011ec        0x4 src/driver/CMakeFiles/driver.dir/stm32h7xx_hal.c.o
 .bss.__malloc_free_list
                0x00000000200011f0        0x4 /mnt/d/gcc-arm-none-eabi-8-2019-q3-update/bin/../lib/gcc/arm-none-eabi/8.3.1/../../../../arm-none-eabi/lib/thumb/v7e-m+dp/hard/libg_nano.a(lib_a-nano-mallocr.o)
                0x00000000200011f0                __malloc_free_list
 .bss.__malloc_sbrk_start
                0x00000000200011f4        0x4 /mnt/d/gcc-arm-none-eabi-8-2019-q3-update/bin/../lib/gcc/arm-none-eabi/8.3.1/../../../../arm-none-eabi/lib/thumb/v7e-m+dp/hard/libg_nano.a(lib_a-nano-mallocr.o)
                0x00000000200011f4                __malloc_sbrk_start
 .bss.heap_end.5501
                0x00000000200011f8        0x4 /mnt/d/gcc-arm-none-eabi-8-2019-q3-update/bin/../lib/gcc/arm-none-eabi/8.3.1/../../../../arm-none-eabi/lib/thumb/v7e-m+dp/hard/libnosys.a(sbrk.o)
 *(COMMON)
 COMMON         0x00000000200011fc        0x4 src/BSP/CMakeFiles/bsp.dir/bsp_fmc_io.c.o
                0x00000000200011fc                g_HC574
 COMMON         0x0000000020001200        0x9 /mnt/d/gcc-arm-none-eabi-8-2019-q3-update/bin/../lib/gcc/arm-none-eabi/8.3.1/../../../../arm-none-eabi/lib/thumb/v7e-m+dp/hard/libg_nano.a(lib_a-lock.o)
                0x0000000020001200                __lock___atexit_recursive_mutex
                0x0000000020001201                __lock___arc4random_mutex
                0x0000000020001202                __lock___env_recursive_mutex
                0x0000000020001203                __lock___sinit_recursive_mutex
                0x0000000020001204                __lock___malloc_recursive_mutex
                0x0000000020001205                __lock___at_quick_exit_mutex
                0x0000000020001206                __lock___dd_hash_mutex
                0x0000000020001207                __lock___tz_mutex
                0x0000000020001208                __lock___sfp_recursive_mutex
 *fill*         0x0000000020001209        0x3 
 COMMON         0x000000002000120c        0x4 /mnt/d/gcc-arm-none-eabi-8-2019-q3-update/bin/../lib/gcc/arm-none-eabi/8.3.1/../../../../arm-none-eabi/lib/thumb/v7e-m+dp/hard/libg_nano.a(lib_a-reent.o)
                0x000000002000120c                errno
                0x0000000020001210                . = ALIGN (0x4)
                0x0000000020001210                _ebss = .
                0x0000000020001210                __bss_end__ = _ebss

._user_heap_stack
                0x0000000020001210      0x600 load address 0x0000000008005900
                0x0000000020001210                . = ALIGN (0x8)
                0x0000000020001210                PROVIDE (end = .)
                [!provide]                        PROVIDE (_end = .)
                0x0000000020001410                . = (. + _Min_Heap_Size)
 *fill*         0x0000000020001210      0x200 
                0x0000000020001810                . = (. + _Min_Stack_Size)
 *fill*         0x0000000020001410      0x400 
                0x0000000020001810                . = ALIGN (0x8)

/DISCARD/
 libc.a(*)
 libm.a(*)
 libgcc.a(*)

.ARM.attributes
                0x0000000000000000       0x2e
 *(.ARM.attributes)
 .ARM.attributes
                0x0000000000000000       0x1e /mnt/d/gcc-arm-none-eabi-8-2019-q3-update/bin/../lib/gcc/arm-none-eabi/8.3.1/thumb/v7e-m+dp/hard/crti.o
 .ARM.attributes
                0x000000000000001e       0x32 /mnt/d/gcc-arm-none-eabi-8-2019-q3-update/bin/../lib/gcc/arm-none-eabi/8.3.1/thumb/v7e-m+dp/hard/crtbegin.o
 .ARM.attributes
                0x0000000000000050       0x30 /mnt/d/gcc-arm-none-eabi-8-2019-q3-update/bin/../lib/gcc/arm-none-eabi/8.3.1/../../../../arm-none-eabi/lib/thumb/v7e-m+dp/hard/libc_nano.a(lib_a-impure.o)
 .ARM.attributes
                0x0000000000000080       0x32 /mnt/d/gcc-arm-none-eabi-8-2019-q3-update/bin/../lib/gcc/arm-none-eabi/8.3.1/../../../../arm-none-eabi/lib/thumb/v7e-m+dp/hard/libc_nano.a(lib_a-init.o)
 .ARM.attributes
                0x00000000000000b2       0x32 /mnt/d/gcc-arm-none-eabi-8-2019-q3-update/bin/../lib/gcc/arm-none-eabi/8.3.1/../../../../arm-none-eabi/lib/thumb/v7e-m+dp/hard/libc_nano.a(lib_a-memset.o)
 .ARM.attributes
                0x00000000000000e4       0x32 src/BSP/CMakeFiles/bsp.dir/bsp_fmc_io.c.o
 .ARM.attributes
                0x0000000000000116       0x32 src/BSP/CMakeFiles/bsp.dir/bsp_key.c.o
 .ARM.attributes
                0x0000000000000148       0x32 src/BSP/CMakeFiles/bsp.dir/bsp_led.c.o
 .ARM.attributes
                0x000000000000017a       0x32 src/BSP/CMakeFiles/bsp.dir/bsp_timer.c.o
 .ARM.attributes
                0x00000000000001ac       0x32 src/BSP/CMakeFiles/bsp.dir/bsp_uart_fifo.c.o
 .ARM.attributes
                0x00000000000001de       0x32 src/BSP/CMakeFiles/bsp.dir/bsp.c.o
 .ARM.attributes
                0x0000000000000210       0x32 src/BSP/CMakeFiles/bsp.dir/stm32h7xx_it.c.o
 .ARM.attributes
                0x0000000000000242       0x32 src/CMSIS/CMakeFiles/cmsis.dir/system_stm32h7xx.c.o
 .ARM.attributes
                0x0000000000000274       0x21 src/GCCARM/CMakeFiles/gccarm.dir/startup_stm32h743xx.s.o
 .ARM.attributes
                0x0000000000000295       0x32 src/driver/CMakeFiles/driver.dir/stm32h7xx_hal_cortex.c.o
 .ARM.attributes
                0x00000000000002c7       0x32 src/driver/CMakeFiles/driver.dir/stm32h7xx_hal_gpio.c.o
 .ARM.attributes
                0x00000000000002f9       0x32 src/driver/CMakeFiles/driver.dir/stm32h7xx_hal_rcc_ex.c.o
 .ARM.attributes
                0x000000000000032b       0x32 src/driver/CMakeFiles/driver.dir/stm32h7xx_hal_sram.c.o
 .ARM.attributes
                0x000000000000035d       0x32 src/driver/CMakeFiles/driver.dir/stm32h7xx_hal_rcc.c.o
 .ARM.attributes
                0x000000000000038f       0x32 src/driver/CMakeFiles/driver.dir/stm32h7xx_hal_tim.c.o
 .ARM.attributes
                0x00000000000003c1       0x32 src/driver/CMakeFiles/driver.dir/stm32h7xx_hal_uart.c.o
 .ARM.attributes
                0x00000000000003f3       0x32 src/driver/CMakeFiles/driver.dir/stm32h7xx_hal.c.o
 .ARM.attributes
                0x0000000000000425       0x32 src/driver/CMakeFiles/driver.dir/stm32h7xx_ll_fmc.c.o
 .ARM.attributes
                0x0000000000000457       0x32 src/User/CMakeFiles/user.dir/application.c.o
 .ARM.attributes
                0x0000000000000489       0x32 src/User/CMakeFiles/user.dir/main.c.o
 .ARM.attributes
                0x00000000000004bb       0x32 src/User/CMakeFiles/user.dir/normal_stack.c.o
 .ARM.attributes
                0x00000000000004ed       0x32 src/User/CMakeFiles/user.dir/range_stack.c.o
 .ARM.attributes
                0x000000000000051f       0x32 src/User/CMakeFiles/user.dir/stack.c.o
 .ARM.attributes
                0x0000000000000551       0x32 src/User/CMakeFiles/user.dir/validator.c.o
 .ARM.attributes
                0x0000000000000583       0x1e /mnt/d/gcc-arm-none-eabi-8-2019-q3-update/bin/../lib/gcc/arm-none-eabi/8.3.1/thumb/v7e-m+dp/hard/libgcc.a(_aeabi_uldivmod.o)
 .ARM.attributes
                0x00000000000005a1       0x32 /mnt/d/gcc-arm-none-eabi-8-2019-q3-update/bin/../lib/gcc/arm-none-eabi/8.3.1/thumb/v7e-m+dp/hard/libgcc.a(_udivmoddi4.o)
 .ARM.attributes
                0x00000000000005d3       0x1e /mnt/d/gcc-arm-none-eabi-8-2019-q3-update/bin/../lib/gcc/arm-none-eabi/8.3.1/thumb/v7e-m+dp/hard/libgcc.a(_dvmd_tls.o)
 .ARM.attributes
                0x00000000000005f1       0x32 /mnt/d/gcc-arm-none-eabi-8-2019-q3-update/bin/../lib/gcc/arm-none-eabi/8.3.1/../../../../arm-none-eabi/lib/thumb/v7e-m+dp/hard/libg_nano.a(lib_a-printf.o)
 .ARM.attributes
                0x0000000000000623       0x32 /mnt/d/gcc-arm-none-eabi-8-2019-q3-update/bin/../lib/gcc/arm-none-eabi/8.3.1/../../../../arm-none-eabi/lib/thumb/v7e-m+dp/hard/libg_nano.a(lib_a-puts.o)
 .ARM.attributes
                0x0000000000000655       0x32 /mnt/d/gcc-arm-none-eabi-8-2019-q3-update/bin/../lib/gcc/arm-none-eabi/8.3.1/../../../../arm-none-eabi/lib/thumb/v7e-m+dp/hard/libg_nano.a(lib_a-wbuf.o)
 .ARM.attributes
                0x0000000000000687       0x32 /mnt/d/gcc-arm-none-eabi-8-2019-q3-update/bin/../lib/gcc/arm-none-eabi/8.3.1/../../../../arm-none-eabi/lib/thumb/v7e-m+dp/hard/libg_nano.a(lib_a-wsetup.o)
 .ARM.attributes
                0x00000000000006b9       0x32 /mnt/d/gcc-arm-none-eabi-8-2019-q3-update/bin/../lib/gcc/arm-none-eabi/8.3.1/../../../../arm-none-eabi/lib/thumb/v7e-m+dp/hard/libg_nano.a(lib_a-fflush.o)
 .ARM.attributes
                0x00000000000006eb       0x32 /mnt/d/gcc-arm-none-eabi-8-2019-q3-update/bin/../lib/gcc/arm-none-eabi/8.3.1/../../../../arm-none-eabi/lib/thumb/v7e-m+dp/hard/libg_nano.a(lib_a-findfp.o)
 .ARM.attributes
                0x000000000000071d       0x32 /mnt/d/gcc-arm-none-eabi-8-2019-q3-update/bin/../lib/gcc/arm-none-eabi/8.3.1/../../../../arm-none-eabi/lib/thumb/v7e-m+dp/hard/libg_nano.a(lib_a-fwalk.o)
 .ARM.attributes
                0x000000000000074f       0x32 /mnt/d/gcc-arm-none-eabi-8-2019-q3-update/bin/../lib/gcc/arm-none-eabi/8.3.1/../../../../arm-none-eabi/lib/thumb/v7e-m+dp/hard/libg_nano.a(lib_a-lock.o)
 .ARM.attributes
                0x0000000000000781       0x32 /mnt/d/gcc-arm-none-eabi-8-2019-q3-update/bin/../lib/gcc/arm-none-eabi/8.3.1/../../../../arm-none-eabi/lib/thumb/v7e-m+dp/hard/libg_nano.a(lib_a-makebuf.o)
 .ARM.attributes
                0x00000000000007b3       0x32 /mnt/d/gcc-arm-none-eabi-8-2019-q3-update/bin/../lib/gcc/arm-none-eabi/8.3.1/../../../../arm-none-eabi/lib/thumb/v7e-m+dp/hard/libg_nano.a(lib_a-nano-freer.o)
 .ARM.attributes
                0x00000000000007e5       0x32 /mnt/d/gcc-arm-none-eabi-8-2019-q3-update/bin/../lib/gcc/arm-none-eabi/8.3.1/../../../../arm-none-eabi/lib/thumb/v7e-m+dp/hard/libg_nano.a(lib_a-nano-mallocr.o)
 .ARM.attributes
                0x0000000000000817       0x32 /mnt/d/gcc-arm-none-eabi-8-2019-q3-update/bin/../lib/gcc/arm-none-eabi/8.3.1/../../../../arm-none-eabi/lib/thumb/v7e-m+dp/hard/libg_nano.a(lib_a-nano-vfprintf.o)
 .ARM.attributes
                0x0000000000000849       0x32 /mnt/d/gcc-arm-none-eabi-8-2019-q3-update/bin/../lib/gcc/arm-none-eabi/8.3.1/../../../../arm-none-eabi/lib/thumb/v7e-m+dp/hard/libg_nano.a(lib_a-nano-vfprintf_i.o)
 .ARM.attributes
                0x000000000000087b       0x32 /mnt/d/gcc-arm-none-eabi-8-2019-q3-update/bin/../lib/gcc/arm-none-eabi/8.3.1/../../../../arm-none-eabi/lib/thumb/v7e-m+dp/hard/libg_nano.a(lib_a-sbrkr.o)
 .ARM.attributes
                0x00000000000008ad       0x32 /mnt/d/gcc-arm-none-eabi-8-2019-q3-update/bin/../lib/gcc/arm-none-eabi/8.3.1/../../../../arm-none-eabi/lib/thumb/v7e-m+dp/hard/libg_nano.a(lib_a-stdio.o)
 .ARM.attributes
                0x00000000000008df       0x32 /mnt/d/gcc-arm-none-eabi-8-2019-q3-update/bin/../lib/gcc/arm-none-eabi/8.3.1/../../../../arm-none-eabi/lib/thumb/v7e-m+dp/hard/libg_nano.a(lib_a-writer.o)
 .ARM.attributes
                0x0000000000000911       0x32 /mnt/d/gcc-arm-none-eabi-8-2019-q3-update/bin/../lib/gcc/arm-none-eabi/8.3.1/../../../../arm-none-eabi/lib/thumb/v7e-m+dp/hard/libg_nano.a(lib_a-closer.o)
 .ARM.attributes
                0x0000000000000943       0x32 /mnt/d/gcc-arm-none-eabi-8-2019-q3-update/bin/../lib/gcc/arm-none-eabi/8.3.1/../../../../arm-none-eabi/lib/thumb/v7e-m+dp/hard/libg_nano.a(lib_a-fstatr.o)
 .ARM.attributes
                0x0000000000000975       0x32 /mnt/d/gcc-arm-none-eabi-8-2019-q3-update/bin/../lib/gcc/arm-none-eabi/8.3.1/../../../../arm-none-eabi/lib/thumb/v7e-m+dp/hard/libg_nano.a(lib_a-isattyr.o)
 .ARM.attributes
                0x00000000000009a7       0x32 /mnt/d/gcc-arm-none-eabi-8-2019-q3-update/bin/../lib/gcc/arm-none-eabi/8.3.1/../../../../arm-none-eabi/lib/thumb/v7e-m+dp/hard/libg_nano.a(lib_a-lseekr.o)
 .ARM.attributes
                0x00000000000009d9       0x1c /mnt/d/gcc-arm-none-eabi-8-2019-q3-update/bin/../lib/gcc/arm-none-eabi/8.3.1/../../../../arm-none-eabi/lib/thumb/v7e-m+dp/hard/libg_nano.a(lib_a-memchr.o)
 .ARM.attributes
                0x00000000000009f5       0x32 /mnt/d/gcc-arm-none-eabi-8-2019-q3-update/bin/../lib/gcc/arm-none-eabi/8.3.1/../../../../arm-none-eabi/lib/thumb/v7e-m+dp/hard/libg_nano.a(lib_a-mlock.o)
 .ARM.attributes
                0x0000000000000a27       0x32 /mnt/d/gcc-arm-none-eabi-8-2019-q3-update/bin/../lib/gcc/arm-none-eabi/8.3.1/../../../../arm-none-eabi/lib/thumb/v7e-m+dp/hard/libg_nano.a(lib_a-readr.o)
 .ARM.attributes
                0x0000000000000a59       0x32 /mnt/d/gcc-arm-none-eabi-8-2019-q3-update/bin/../lib/gcc/arm-none-eabi/8.3.1/../../../../arm-none-eabi/lib/thumb/v7e-m+dp/hard/libg_nano.a(lib_a-reent.o)
 .ARM.attributes
                0x0000000000000a8b       0x32 /mnt/d/gcc-arm-none-eabi-8-2019-q3-update/bin/../lib/gcc/arm-none-eabi/8.3.1/../../../../arm-none-eabi/lib/thumb/v7e-m+dp/hard/libnosys.a(close.o)
 .ARM.attributes
                0x0000000000000abd       0x32 /mnt/d/gcc-arm-none-eabi-8-2019-q3-update/bin/../lib/gcc/arm-none-eabi/8.3.1/../../../../arm-none-eabi/lib/thumb/v7e-m+dp/hard/libnosys.a(fstat.o)
 .ARM.attributes
                0x0000000000000aef       0x32 /mnt/d/gcc-arm-none-eabi-8-2019-q3-update/bin/../lib/gcc/arm-none-eabi/8.3.1/../../../../arm-none-eabi/lib/thumb/v7e-m+dp/hard/libnosys.a(isatty.o)
 .ARM.attributes
                0x0000000000000b21       0x32 /mnt/d/gcc-arm-none-eabi-8-2019-q3-update/bin/../lib/gcc/arm-none-eabi/8.3.1/../../../../arm-none-eabi/lib/thumb/v7e-m+dp/hard/libnosys.a(lseek.o)
 .ARM.attributes
                0x0000000000000b53       0x32 /mnt/d/gcc-arm-none-eabi-8-2019-q3-update/bin/../lib/gcc/arm-none-eabi/8.3.1/../../../../arm-none-eabi/lib/thumb/v7e-m+dp/hard/libnosys.a(read.o)
 .ARM.attributes
                0x0000000000000b85       0x32 /mnt/d/gcc-arm-none-eabi-8-2019-q3-update/bin/../lib/gcc/arm-none-eabi/8.3.1/../../../../arm-none-eabi/lib/thumb/v7e-m+dp/hard/libnosys.a(sbrk.o)
 .ARM.attributes
                0x0000000000000bb7       0x32 /mnt/d/gcc-arm-none-eabi-8-2019-q3-update/bin/../lib/gcc/arm-none-eabi/8.3.1/../../../../arm-none-eabi/lib/thumb/v7e-m+dp/hard/libnosys.a(write.o)
 .ARM.attributes
                0x0000000000000be9       0x1e /mnt/d/gcc-arm-none-eabi-8-2019-q3-update/bin/../lib/gcc/arm-none-eabi/8.3.1/thumb/v7e-m+dp/hard/crtn.o
OUTPUT(arm_minisys.elf elf32-littlearm)

.debug_frame    0x0000000000000000     0x305c
 .debug_frame   0x0000000000000000       0x2c /mnt/d/gcc-arm-none-eabi-8-2019-q3-update/bin/../lib/gcc/arm-none-eabi/8.3.1/../../../../arm-none-eabi/lib/thumb/v7e-m+dp/hard/libc_nano.a(lib_a-init.o)
 .debug_frame   0x000000000000002c       0x20 /mnt/d/gcc-arm-none-eabi-8-2019-q3-update/bin/../lib/gcc/arm-none-eabi/8.3.1/../../../../arm-none-eabi/lib/thumb/v7e-m+dp/hard/libc_nano.a(lib_a-memset.o)
 .debug_frame   0x000000000000004c       0xb0 src/BSP/CMakeFiles/bsp.dir/bsp_fmc_io.c.o
 .debug_frame   0x00000000000000fc      0x150 src/BSP/CMakeFiles/bsp.dir/bsp_key.c.o
 .debug_frame   0x000000000000024c       0x94 src/BSP/CMakeFiles/bsp.dir/bsp_led.c.o
 .debug_frame   0x00000000000002e0      0x168 src/BSP/CMakeFiles/bsp.dir/bsp_timer.c.o
 .debug_frame   0x0000000000000448      0x2b4 src/BSP/CMakeFiles/bsp.dir/bsp_uart_fifo.c.o
 .debug_frame   0x00000000000006fc       0xd0 src/BSP/CMakeFiles/bsp.dir/bsp.c.o
 .debug_frame   0x00000000000007cc       0x80 src/BSP/CMakeFiles/bsp.dir/stm32h7xx_it.c.o
 .debug_frame   0x000000000000084c       0x50 src/CMSIS/CMakeFiles/cmsis.dir/system_stm32h7xx.c.o
 .debug_frame   0x000000000000089c      0x16c src/driver/CMakeFiles/driver.dir/stm32h7xx_hal_cortex.c.o
 .debug_frame   0x0000000000000a08       0xd8 src/driver/CMakeFiles/driver.dir/stm32h7xx_hal_gpio.c.o
 .debug_frame   0x0000000000000ae0      0x274 src/driver/CMakeFiles/driver.dir/stm32h7xx_hal_rcc_ex.c.o
 .debug_frame   0x0000000000000d54      0x1c4 src/driver/CMakeFiles/driver.dir/stm32h7xx_hal_sram.c.o
 .debug_frame   0x0000000000000f18      0x15c src/driver/CMakeFiles/driver.dir/stm32h7xx_hal_rcc.c.o
 .debug_frame   0x0000000000001074      0xa30 src/driver/CMakeFiles/driver.dir/stm32h7xx_hal_tim.c.o
 .debug_frame   0x0000000000001aa4      0x558 src/driver/CMakeFiles/driver.dir/stm32h7xx_hal_uart.c.o
 .debug_frame   0x0000000000001ffc      0x3a4 src/driver/CMakeFiles/driver.dir/stm32h7xx_hal.c.o
 .debug_frame   0x00000000000023a0      0x1f4 src/driver/CMakeFiles/driver.dir/stm32h7xx_ll_fmc.c.o
 .debug_frame   0x0000000000002594       0x44 src/User/CMakeFiles/user.dir/application.c.o
 .debug_frame   0x00000000000025d8       0x64 src/User/CMakeFiles/user.dir/main.c.o
 .debug_frame   0x000000000000263c       0x54 src/User/CMakeFiles/user.dir/normal_stack.c.o
 .debug_frame   0x0000000000002690       0x70 src/User/CMakeFiles/user.dir/range_stack.c.o
 .debug_frame   0x0000000000002700       0x20 src/User/CMakeFiles/user.dir/stack.c.o
 .debug_frame   0x0000000000002720       0x20 src/User/CMakeFiles/user.dir/validator.c.o
 .debug_frame   0x0000000000002740       0x2c /mnt/d/gcc-arm-none-eabi-8-2019-q3-update/bin/../lib/gcc/arm-none-eabi/8.3.1/thumb/v7e-m+dp/hard/libgcc.a(_aeabi_uldivmod.o)
 .debug_frame   0x000000000000276c       0x34 /mnt/d/gcc-arm-none-eabi-8-2019-q3-update/bin/../lib/gcc/arm-none-eabi/8.3.1/thumb/v7e-m+dp/hard/libgcc.a(_udivmoddi4.o)
 .debug_frame   0x00000000000027a0       0x74 /mnt/d/gcc-arm-none-eabi-8-2019-q3-update/bin/../lib/gcc/arm-none-eabi/8.3.1/../../../../arm-none-eabi/lib/thumb/v7e-m+dp/hard/libg_nano.a(lib_a-printf.o)
 .debug_frame   0x0000000000002814       0x3c /mnt/d/gcc-arm-none-eabi-8-2019-q3-update/bin/../lib/gcc/arm-none-eabi/8.3.1/../../../../arm-none-eabi/lib/thumb/v7e-m+dp/hard/libg_nano.a(lib_a-puts.o)
 .debug_frame   0x0000000000002850       0x40 /mnt/d/gcc-arm-none-eabi-8-2019-q3-update/bin/../lib/gcc/arm-none-eabi/8.3.1/../../../../arm-none-eabi/lib/thumb/v7e-m+dp/hard/libg_nano.a(lib_a-wbuf.o)
 .debug_frame   0x0000000000002890       0x2c /mnt/d/gcc-arm-none-eabi-8-2019-q3-update/bin/../lib/gcc/arm-none-eabi/8.3.1/../../../../arm-none-eabi/lib/thumb/v7e-m+dp/hard/libg_nano.a(lib_a-wsetup.o)
 .debug_frame   0x00000000000028bc       0x5c /mnt/d/gcc-arm-none-eabi-8-2019-q3-update/bin/../lib/gcc/arm-none-eabi/8.3.1/../../../../arm-none-eabi/lib/thumb/v7e-m+dp/hard/libg_nano.a(lib_a-fflush.o)
 .debug_frame   0x0000000000002918      0x14c /mnt/d/gcc-arm-none-eabi-8-2019-q3-update/bin/../lib/gcc/arm-none-eabi/8.3.1/../../../../arm-none-eabi/lib/thumb/v7e-m+dp/hard/libg_nano.a(lib_a-findfp.o)
 .debug_frame   0x0000000000002a64       0x54 /mnt/d/gcc-arm-none-eabi-8-2019-q3-update/bin/../lib/gcc/arm-none-eabi/8.3.1/../../../../arm-none-eabi/lib/thumb/v7e-m+dp/hard/libg_nano.a(lib_a-fwalk.o)
 .debug_frame   0x0000000000002ab8       0xb0 /mnt/d/gcc-arm-none-eabi-8-2019-q3-update/bin/../lib/gcc/arm-none-eabi/8.3.1/../../../../arm-none-eabi/lib/thumb/v7e-m+dp/hard/libg_nano.a(lib_a-lock.o)
 .debug_frame   0x0000000000002b68       0x58 /mnt/d/gcc-arm-none-eabi-8-2019-q3-update/bin/../lib/gcc/arm-none-eabi/8.3.1/../../../../arm-none-eabi/lib/thumb/v7e-m+dp/hard/libg_nano.a(lib_a-makebuf.o)
 .debug_frame   0x0000000000002bc0       0x38 /mnt/d/gcc-arm-none-eabi-8-2019-q3-update/bin/../lib/gcc/arm-none-eabi/8.3.1/../../../../arm-none-eabi/lib/thumb/v7e-m+dp/hard/libg_nano.a(lib_a-nano-freer.o)
 .debug_frame   0x0000000000002bf8       0x30 /mnt/d/gcc-arm-none-eabi-8-2019-q3-update/bin/../lib/gcc/arm-none-eabi/8.3.1/../../../../arm-none-eabi/lib/thumb/v7e-m+dp/hard/libg_nano.a(lib_a-nano-mallocr.o)
 .debug_frame   0x0000000000002c28       0xac /mnt/d/gcc-arm-none-eabi-8-2019-q3-update/bin/../lib/gcc/arm-none-eabi/8.3.1/../../../../arm-none-eabi/lib/thumb/v7e-m+dp/hard/libg_nano.a(lib_a-nano-vfprintf.o)
 .debug_frame   0x0000000000002cd4       0x60 /mnt/d/gcc-arm-none-eabi-8-2019-q3-update/bin/../lib/gcc/arm-none-eabi/8.3.1/../../../../arm-none-eabi/lib/thumb/v7e-m+dp/hard/libg_nano.a(lib_a-nano-vfprintf_i.o)
 .debug_frame   0x0000000000002d34       0x2c /mnt/d/gcc-arm-none-eabi-8-2019-q3-update/bin/../lib/gcc/arm-none-eabi/8.3.1/../../../../arm-none-eabi/lib/thumb/v7e-m+dp/hard/libg_nano.a(lib_a-sbrkr.o)
 .debug_frame   0x0000000000002d60       0x88 /mnt/d/gcc-arm-none-eabi-8-2019-q3-update/bin/../lib/gcc/arm-none-eabi/8.3.1/../../../../arm-none-eabi/lib/thumb/v7e-m+dp/hard/libg_nano.a(lib_a-stdio.o)
 .debug_frame   0x0000000000002de8       0x2c /mnt/d/gcc-arm-none-eabi-8-2019-q3-update/bin/../lib/gcc/arm-none-eabi/8.3.1/../../../../arm-none-eabi/lib/thumb/v7e-m+dp/hard/libg_nano.a(lib_a-writer.o)
 .debug_frame   0x0000000000002e14       0x2c /mnt/d/gcc-arm-none-eabi-8-2019-q3-update/bin/../lib/gcc/arm-none-eabi/8.3.1/../../../../arm-none-eabi/lib/thumb/v7e-m+dp/hard/libg_nano.a(lib_a-closer.o)
 .debug_frame   0x0000000000002e40       0x2c /mnt/d/gcc-arm-none-eabi-8-2019-q3-update/bin/../lib/gcc/arm-none-eabi/8.3.1/../../../../arm-none-eabi/lib/thumb/v7e-m+dp/hard/libg_nano.a(lib_a-fstatr.o)
 .debug_frame   0x0000000000002e6c       0x2c /mnt/d/gcc-arm-none-eabi-8-2019-q3-update/bin/../lib/gcc/arm-none-eabi/8.3.1/../../../../arm-none-eabi/lib/thumb/v7e-m+dp/hard/libg_nano.a(lib_a-isattyr.o)
 .debug_frame   0x0000000000002e98       0x2c /mnt/d/gcc-arm-none-eabi-8-2019-q3-update/bin/../lib/gcc/arm-none-eabi/8.3.1/../../../../arm-none-eabi/lib/thumb/v7e-m+dp/hard/libg_nano.a(lib_a-lseekr.o)
 .debug_frame   0x0000000000002ec4       0x30 /mnt/d/gcc-arm-none-eabi-8-2019-q3-update/bin/../lib/gcc/arm-none-eabi/8.3.1/../../../../arm-none-eabi/lib/thumb/v7e-m+dp/hard/libg_nano.a(lib_a-mlock.o)
 .debug_frame   0x0000000000002ef4       0x2c /mnt/d/gcc-arm-none-eabi-8-2019-q3-update/bin/../lib/gcc/arm-none-eabi/8.3.1/../../../../arm-none-eabi/lib/thumb/v7e-m+dp/hard/libg_nano.a(lib_a-readr.o)
 .debug_frame   0x0000000000002f20       0x5c /mnt/d/gcc-arm-none-eabi-8-2019-q3-update/bin/../lib/gcc/arm-none-eabi/8.3.1/../../../../arm-none-eabi/lib/thumb/v7e-m+dp/hard/libg_nano.a(lib_a-reent.o)
 .debug_frame   0x0000000000002f7c       0x20 /mnt/d/gcc-arm-none-eabi-8-2019-q3-update/bin/../lib/gcc/arm-none-eabi/8.3.1/../../../../arm-none-eabi/lib/thumb/v7e-m+dp/hard/libnosys.a(close.o)
 .debug_frame   0x0000000000002f9c       0x20 /mnt/d/gcc-arm-none-eabi-8-2019-q3-update/bin/../lib/gcc/arm-none-eabi/8.3.1/../../../../arm-none-eabi/lib/thumb/v7e-m+dp/hard/libnosys.a(fstat.o)
 .debug_frame   0x0000000000002fbc       0x20 /mnt/d/gcc-arm-none-eabi-8-2019-q3-update/bin/../lib/gcc/arm-none-eabi/8.3.1/../../../../arm-none-eabi/lib/thumb/v7e-m+dp/hard/libnosys.a(isatty.o)
 .debug_frame   0x0000000000002fdc       0x20 /mnt/d/gcc-arm-none-eabi-8-2019-q3-update/bin/../lib/gcc/arm-none-eabi/8.3.1/../../../../arm-none-eabi/lib/thumb/v7e-m+dp/hard/libnosys.a(lseek.o)
 .debug_frame   0x0000000000002ffc       0x20 /mnt/d/gcc-arm-none-eabi-8-2019-q3-update/bin/../lib/gcc/arm-none-eabi/8.3.1/../../../../arm-none-eabi/lib/thumb/v7e-m+dp/hard/libnosys.a(read.o)
 .debug_frame   0x000000000000301c       0x20 /mnt/d/gcc-arm-none-eabi-8-2019-q3-update/bin/../lib/gcc/arm-none-eabi/8.3.1/../../../../arm-none-eabi/lib/thumb/v7e-m+dp/hard/libnosys.a(sbrk.o)
 .debug_frame   0x000000000000303c       0x20 /mnt/d/gcc-arm-none-eabi-8-2019-q3-update/bin/../lib/gcc/arm-none-eabi/8.3.1/../../../../arm-none-eabi/lib/thumb/v7e-m+dp/hard/libnosys.a(write.o)

.debug_info     0x0000000000000000    0x21779
 .debug_info    0x0000000000000000     0x1f19 src/BSP/CMakeFiles/bsp.dir/bsp_fmc_io.c.o
 .debug_info    0x0000000000001f19     0x1766 src/BSP/CMakeFiles/bsp.dir/bsp_key.c.o
 .debug_info    0x000000000000367f      0xca3 src/BSP/CMakeFiles/bsp.dir/bsp_led.c.o
 .debug_info    0x0000000000004322     0x2797 src/BSP/CMakeFiles/bsp.dir/bsp_timer.c.o
 .debug_info    0x0000000000006ab9     0x29f0 src/BSP/CMakeFiles/bsp.dir/bsp_uart_fifo.c.o
 .debug_info    0x00000000000094a9     0x196b src/BSP/CMakeFiles/bsp.dir/bsp.c.o
 .debug_info    0x000000000000ae14      0xabf src/BSP/CMakeFiles/bsp.dir/stm32h7xx_it.c.o
 .debug_info    0x000000000000b8d3     0x12f9 src/CMSIS/CMakeFiles/cmsis.dir/system_stm32h7xx.c.o
 .debug_info    0x000000000000cbcc       0x22 src/GCCARM/CMakeFiles/gccarm.dir/startup_stm32h743xx.s.o
 .debug_info    0x000000000000cbee     0x1d65 src/driver/CMakeFiles/driver.dir/stm32h7xx_hal_cortex.c.o
 .debug_info    0x000000000000e953     0x1646 src/driver/CMakeFiles/driver.dir/stm32h7xx_hal_gpio.c.o
 .debug_info    0x000000000000ff99     0x257a src/driver/CMakeFiles/driver.dir/stm32h7xx_hal_rcc_ex.c.o
 .debug_info    0x0000000000012513     0x176b src/driver/CMakeFiles/driver.dir/stm32h7xx_hal_sram.c.o
 .debug_info    0x0000000000013c7e     0x1e2f src/driver/CMakeFiles/driver.dir/stm32h7xx_hal_rcc.c.o
 .debug_info    0x0000000000015aad     0x3f1f src/driver/CMakeFiles/driver.dir/stm32h7xx_hal_tim.c.o
 .debug_info    0x00000000000199cc     0x2aff src/driver/CMakeFiles/driver.dir/stm32h7xx_hal_uart.c.o
 .debug_info    0x000000000001c4cb     0x1f68 src/driver/CMakeFiles/driver.dir/stm32h7xx_hal.c.o
 .debug_info    0x000000000001e433     0x1748 src/driver/CMakeFiles/driver.dir/stm32h7xx_ll_fmc.c.o
 .debug_info    0x000000000001fb7b      0x48a src/User/CMakeFiles/user.dir/application.c.o
 .debug_info    0x0000000000020005     0x10a0 src/User/CMakeFiles/user.dir/main.c.o
 .debug_info    0x00000000000210a5      0x1dc src/User/CMakeFiles/user.dir/normal_stack.c.o
 .debug_info    0x0000000000021281      0x37b src/User/CMakeFiles/user.dir/range_stack.c.o
 .debug_info    0x00000000000215fc       0xdc src/User/CMakeFiles/user.dir/stack.c.o
 .debug_info    0x00000000000216d8       0xa1 src/User/CMakeFiles/user.dir/validator.c.o

.debug_abbrev   0x0000000000000000     0x433a
 .debug_abbrev  0x0000000000000000      0x32d src/BSP/CMakeFiles/bsp.dir/bsp_fmc_io.c.o
 .debug_abbrev  0x000000000000032d      0x405 src/BSP/CMakeFiles/bsp.dir/bsp_key.c.o
 .debug_abbrev  0x0000000000000732      0x271 src/BSP/CMakeFiles/bsp.dir/bsp_led.c.o
 .debug_abbrev  0x00000000000009a3      0x4cc src/BSP/CMakeFiles/bsp.dir/bsp_timer.c.o
 .debug_abbrev  0x0000000000000e6f      0x4a3 src/BSP/CMakeFiles/bsp.dir/bsp_uart_fifo.c.o
 .debug_abbrev  0x0000000000001312      0x3b1 src/BSP/CMakeFiles/bsp.dir/bsp.c.o
 .debug_abbrev  0x00000000000016c3      0x1e7 src/BSP/CMakeFiles/bsp.dir/stm32h7xx_it.c.o
 .debug_abbrev  0x00000000000018aa      0x2c2 src/CMSIS/CMakeFiles/cmsis.dir/system_stm32h7xx.c.o
 .debug_abbrev  0x0000000000001b6c       0x12 src/GCCARM/CMakeFiles/gccarm.dir/startup_stm32h743xx.s.o
 .debug_abbrev  0x0000000000001b7e      0x49c src/driver/CMakeFiles/driver.dir/stm32h7xx_hal_cortex.c.o
 .debug_abbrev  0x000000000000201a      0x332 src/driver/CMakeFiles/driver.dir/stm32h7xx_hal_gpio.c.o
 .debug_abbrev  0x000000000000234c      0x3fb src/driver/CMakeFiles/driver.dir/stm32h7xx_hal_rcc_ex.c.o
 .debug_abbrev  0x0000000000002747      0x2e1 src/driver/CMakeFiles/driver.dir/stm32h7xx_hal_sram.c.o
 .debug_abbrev  0x0000000000002a28      0x3bd src/driver/CMakeFiles/driver.dir/stm32h7xx_hal_rcc.c.o
 .debug_abbrev  0x0000000000002de5      0x33c src/driver/CMakeFiles/driver.dir/stm32h7xx_hal_tim.c.o
 .debug_abbrev  0x0000000000003121      0x36f src/driver/CMakeFiles/driver.dir/stm32h7xx_hal_uart.c.o
 .debug_abbrev  0x0000000000003490      0x3de src/driver/CMakeFiles/driver.dir/stm32h7xx_hal.c.o
 .debug_abbrev  0x000000000000386e      0x2e0 src/driver/CMakeFiles/driver.dir/stm32h7xx_ll_fmc.c.o
 .debug_abbrev  0x0000000000003b4e      0x1d8 src/User/CMakeFiles/user.dir/application.c.o
 .debug_abbrev  0x0000000000003d26      0x2a2 src/User/CMakeFiles/user.dir/main.c.o
 .debug_abbrev  0x0000000000003fc8       0xda src/User/CMakeFiles/user.dir/normal_stack.c.o
 .debug_abbrev  0x00000000000040a2      0x13c src/User/CMakeFiles/user.dir/range_stack.c.o
 .debug_abbrev  0x00000000000041de       0xbf src/User/CMakeFiles/user.dir/stack.c.o
 .debug_abbrev  0x000000000000429d       0x9d src/User/CMakeFiles/user.dir/validator.c.o

.debug_loc      0x0000000000000000     0xc8ee
 .debug_loc     0x0000000000000000       0x84 src/BSP/CMakeFiles/bsp.dir/bsp_fmc_io.c.o
 .debug_loc     0x0000000000000084      0x456 src/BSP/CMakeFiles/bsp.dir/bsp_key.c.o
 .debug_loc     0x00000000000004da      0x244 src/BSP/CMakeFiles/bsp.dir/bsp_led.c.o
 .debug_loc     0x000000000000071e      0x69c src/BSP/CMakeFiles/bsp.dir/bsp_timer.c.o
 .debug_loc     0x0000000000000dba      0x759 src/BSP/CMakeFiles/bsp.dir/bsp_uart_fifo.c.o
 .debug_loc     0x0000000000001513      0x104 src/BSP/CMakeFiles/bsp.dir/bsp.c.o
 .debug_loc     0x0000000000001617      0x27e src/CMSIS/CMakeFiles/cmsis.dir/system_stm32h7xx.c.o
 .debug_loc     0x0000000000001895      0x6e2 src/driver/CMakeFiles/driver.dir/stm32h7xx_hal_cortex.c.o
 .debug_loc     0x0000000000001f77      0x4de src/driver/CMakeFiles/driver.dir/stm32h7xx_hal_gpio.c.o
 .debug_loc     0x0000000000002455     0x1cd4 src/driver/CMakeFiles/driver.dir/stm32h7xx_hal_rcc_ex.c.o
 .debug_loc     0x0000000000004129      0x9d2 src/driver/CMakeFiles/driver.dir/stm32h7xx_hal_sram.c.o
 .debug_loc     0x0000000000004afb      0xa98 src/driver/CMakeFiles/driver.dir/stm32h7xx_hal_rcc.c.o
 .debug_loc     0x0000000000005593     0x4058 src/driver/CMakeFiles/driver.dir/stm32h7xx_hal_tim.c.o
 .debug_loc     0x00000000000095eb     0x1f6d src/driver/CMakeFiles/driver.dir/stm32h7xx_hal_uart.c.o
 .debug_loc     0x000000000000b558      0x4ef src/driver/CMakeFiles/driver.dir/stm32h7xx_hal.c.o
 .debug_loc     0x000000000000ba47      0x9cc src/driver/CMakeFiles/driver.dir/stm32h7xx_ll_fmc.c.o
 .debug_loc     0x000000000000c413      0x188 src/User/CMakeFiles/user.dir/application.c.o
 .debug_loc     0x000000000000c59b       0x3f src/User/CMakeFiles/user.dir/main.c.o
 .debug_loc     0x000000000000c5da      0x119 src/User/CMakeFiles/user.dir/normal_stack.c.o
 .debug_loc     0x000000000000c6f3      0x1b1 src/User/CMakeFiles/user.dir/range_stack.c.o
 .debug_loc     0x000000000000c8a4       0x25 src/User/CMakeFiles/user.dir/stack.c.o
 .debug_loc     0x000000000000c8c9       0x25 src/User/CMakeFiles/user.dir/validator.c.o

.debug_aranges  0x0000000000000000      0xf68
 .debug_aranges
                0x0000000000000000       0x50 src/BSP/CMakeFiles/bsp.dir/bsp_fmc_io.c.o
 .debug_aranges
                0x0000000000000050       0x90 src/BSP/CMakeFiles/bsp.dir/bsp_key.c.o
 .debug_aranges
                0x00000000000000e0       0x40 src/BSP/CMakeFiles/bsp.dir/bsp_led.c.o
 .debug_aranges
                0x0000000000000120       0x90 src/BSP/CMakeFiles/bsp.dir/bsp_timer.c.o
 .debug_aranges
                0x00000000000001b0       0xf0 src/BSP/CMakeFiles/bsp.dir/bsp_uart_fifo.c.o
 .debug_aranges
                0x00000000000002a0       0x58 src/BSP/CMakeFiles/bsp.dir/bsp.c.o
 .debug_aranges
                0x00000000000002f8       0x50 src/BSP/CMakeFiles/bsp.dir/stm32h7xx_it.c.o
 .debug_aranges
                0x0000000000000348       0x28 src/CMSIS/CMakeFiles/cmsis.dir/system_stm32h7xx.c.o
 .debug_aranges
                0x0000000000000370       0x28 src/GCCARM/CMakeFiles/gccarm.dir/startup_stm32h743xx.s.o
 .debug_aranges
                0x0000000000000398       0xb0 src/driver/CMakeFiles/driver.dir/stm32h7xx_hal_cortex.c.o
 .debug_aranges
                0x0000000000000448       0x58 src/driver/CMakeFiles/driver.dir/stm32h7xx_hal_gpio.c.o
 .debug_aranges
                0x00000000000004a0       0xe0 src/driver/CMakeFiles/driver.dir/stm32h7xx_hal_rcc_ex.c.o
 .debug_aranges
                0x0000000000000580       0xa0 src/driver/CMakeFiles/driver.dir/stm32h7xx_hal_sram.c.o
 .debug_aranges
                0x0000000000000620       0x80 src/driver/CMakeFiles/driver.dir/stm32h7xx_hal_rcc.c.o
 .debug_aranges
                0x00000000000006a0      0x378 src/driver/CMakeFiles/driver.dir/stm32h7xx_hal_tim.c.o
 .debug_aranges
                0x0000000000000a18      0x1e8 src/driver/CMakeFiles/driver.dir/stm32h7xx_hal_uart.c.o
 .debug_aranges
                0x0000000000000c00      0x1a0 src/driver/CMakeFiles/driver.dir/stm32h7xx_hal.c.o
 .debug_aranges
                0x0000000000000da0       0xc8 src/driver/CMakeFiles/driver.dir/stm32h7xx_ll_fmc.c.o
 .debug_aranges
                0x0000000000000e68       0x28 src/User/CMakeFiles/user.dir/application.c.o
 .debug_aranges
                0x0000000000000e90       0x30 src/User/CMakeFiles/user.dir/main.c.o
 .debug_aranges
                0x0000000000000ec0       0x30 src/User/CMakeFiles/user.dir/normal_stack.c.o
 .debug_aranges
                0x0000000000000ef0       0x38 src/User/CMakeFiles/user.dir/range_stack.c.o
 .debug_aranges
                0x0000000000000f28       0x20 src/User/CMakeFiles/user.dir/stack.c.o
 .debug_aranges
                0x0000000000000f48       0x20 src/User/CMakeFiles/user.dir/validator.c.o

.debug_ranges   0x0000000000000000      0xe80
 .debug_ranges  0x0000000000000000       0x40 src/BSP/CMakeFiles/bsp.dir/bsp_fmc_io.c.o
 .debug_ranges  0x0000000000000040       0x98 src/BSP/CMakeFiles/bsp.dir/bsp_key.c.o
 .debug_ranges  0x00000000000000d8       0x30 src/BSP/CMakeFiles/bsp.dir/bsp_led.c.o
 .debug_ranges  0x0000000000000108       0x80 src/BSP/CMakeFiles/bsp.dir/bsp_timer.c.o
 .debug_ranges  0x0000000000000188       0xe0 src/BSP/CMakeFiles/bsp.dir/bsp_uart_fifo.c.o
 .debug_ranges  0x0000000000000268       0x48 src/BSP/CMakeFiles/bsp.dir/bsp.c.o
 .debug_ranges  0x00000000000002b0       0x40 src/BSP/CMakeFiles/bsp.dir/stm32h7xx_it.c.o
 .debug_ranges  0x00000000000002f0       0x18 src/CMSIS/CMakeFiles/cmsis.dir/system_stm32h7xx.c.o
 .debug_ranges  0x0000000000000308       0x20 src/GCCARM/CMakeFiles/gccarm.dir/startup_stm32h743xx.s.o
 .debug_ranges  0x0000000000000328       0xe8 src/driver/CMakeFiles/driver.dir/stm32h7xx_hal_cortex.c.o
 .debug_ranges  0x0000000000000410       0x48 src/driver/CMakeFiles/driver.dir/stm32h7xx_hal_gpio.c.o
 .debug_ranges  0x0000000000000458       0xd0 src/driver/CMakeFiles/driver.dir/stm32h7xx_hal_rcc_ex.c.o
 .debug_ranges  0x0000000000000528       0x90 src/driver/CMakeFiles/driver.dir/stm32h7xx_hal_sram.c.o
 .debug_ranges  0x00000000000005b8       0x70 src/driver/CMakeFiles/driver.dir/stm32h7xx_hal_rcc.c.o