Archive member included to satisfy reference by file (symbol)

/mnt/d/gcc-arm-none-eabi-8-2019-q3-update/bin/../lib/gcc/arm-none-eabi/8.3.1/thumb/v7e-m+dp/hard/libgcc.a(_aeabi_uldivmod.o)
                              src/driver/CMakeFiles/driver.dir/stm32h7xx_hal_uart.c.o (__aeabi_uldivmod)
/mnt/d/gcc-arm-none-eabi-8-2019-q3-update/bin/../lib/gcc/arm-none-eabi/8.3.1/thumb/v7e-m+dp/hard/libgcc.a(_udivmoddi4.o)
                              /mnt/d/gcc-arm-none-eabi-8-2019-q3-update/bin/../lib/gcc/arm-none-eabi/8.3.1/thumb/v7e-m+dp/hard/libgcc.a(_aeabi_uldivmod.o) (__udivmoddi4)
/mnt/d/gcc-arm-none-eabi-8-2019-q3-update/bin/../lib/gcc/arm-none-eabi/8.3.1/thumb/v7e-m+dp/hard/libgcc.a(_dvmd_tls.o)
                              /mnt/d/gcc-arm-none-eabi-8-2019-q3-update/bin/../lib/gcc/arm-none-eabi/8.3.1/thumb/v7e-m+dp/hard/libgcc.a(_aeabi_uldivmod.o) (__aeabi_ldiv0)
/mnt/d/gcc-arm-none-eabi-8-2019-q3-update/bin/../lib/gcc/arm-none-eabi/8.3.1/../../../../arm-none-eabi/lib/thumb/v7e-m+dp/hard/libc_nano.a(lib_a-aeabi_memclr.o)
                              src/rtos/src/CMakeFiles/rtossrc.dir/kservice.c.o (__aeabi_memclr)
/mnt/d/gcc-arm-none-eabi-8-2019-q3-update/bin/../lib/gcc/arm-none-eabi/8.3.1/../../../../arm-none-eabi/lib/thumb/v7e-m+dp/hard/libc_nano.a(lib_a-aeabi_memcpy.o)
                              src/components/finsh/CMakeFiles/finsh.dir/shell.c.o (__aeabi_memcpy)
/mnt/d/gcc-arm-none-eabi-8-2019-q3-update/bin/../lib/gcc/arm-none-eabi/8.3.1/../../../../arm-none-eabi/lib/thumb/v7e-m+dp/hard/libc_nano.a(lib_a-aeabi_memset-soft.o)
                              src/rtos/src/CMakeFiles/rtossrc.dir/kservice.c.o (__aeabi_memset)
/mnt/d/gcc-arm-none-eabi-8-2019-q3-update/bin/../lib/gcc/arm-none-eabi/8.3.1/../../../../arm-none-eabi/lib/thumb/v7e-m+dp/hard/libc_nano.a(lib_a-exit.o)
                              /mnt/d/gcc-arm-none-eabi-8-2019-q3-update/bin/../lib/gcc/arm-none-eabi/8.3.1/../../../../arm-none-eabi/lib/thumb/v7e-m+dp/hard/crt0.o (exit)
/mnt/d/gcc-arm-none-eabi-8-2019-q3-update/bin/../lib/gcc/arm-none-eabi/8.3.1/../../../../arm-none-eabi/lib/thumb/v7e-m+dp/hard/libc_nano.a(lib_a-impure.o)
                              /mnt/d/gcc-arm-none-eabi-8-2019-q3-update/bin/../lib/gcc/arm-none-eabi/8.3.1/../../../../arm-none-eabi/lib/thumb/v7e-m+dp/hard/libc_nano.a(lib_a-exit.o) (_global_impure_ptr)
/mnt/d/gcc-arm-none-eabi-8-2019-q3-update/bin/../lib/gcc/arm-none-eabi/8.3.1/../../../../arm-none-eabi/lib/thumb/v7e-m+dp/hard/libc_nano.a(lib_a-init.o)
                              /mnt/d/gcc-arm-none-eabi-8-2019-q3-update/bin/../lib/gcc/arm-none-eabi/8.3.1/../../../../arm-none-eabi/lib/thumb/v7e-m+dp/hard/crt0.o (__libc_init_array)
/mnt/d/gcc-arm-none-eabi-8-2019-q3-update/bin/../lib/gcc/arm-none-eabi/8.3.1/../../../../arm-none-eabi/lib/thumb/v7e-m+dp/hard/libc_nano.a(lib_a-malloc.o)
                              src/STM32_USB_Device_Library/CMakeFiles/usb.dir/Class/HID/Src/usbd_hid.c.o (malloc)
/mnt/d/gcc-arm-none-eabi-8-2019-q3-update/bin/../lib/gcc/arm-none-eabi/8.3.1/../../../../arm-none-eabi/lib/thumb/v7e-m+dp/hard/libc_nano.a(lib_a-memcmp.o)
                              src/components/finsh/CMakeFiles/finsh.dir/shell.c.o (memcmp)
/mnt/d/gcc-arm-none-eabi-8-2019-q3-update/bin/../lib/gcc/arm-none-eabi/8.3.1/../../../../arm-none-eabi/lib/thumb/v7e-m+dp/hard/libc_nano.a(lib_a-memcpy-stub.o)
                              /mnt/d/gcc-arm-none-eabi-8-2019-q3-update/bin/../lib/gcc/arm-none-eabi/8.3.1/../../../../arm-none-eabi/lib/thumb/v7e-m+dp/hard/libc_nano.a(lib_a-aeabi_memcpy.o) (memcpy)
/mnt/d/gcc-arm-none-eabi-8-2019-q3-update/bin/../lib/gcc/arm-none-eabi/8.3.1/../../../../arm-none-eabi/lib/thumb/v7e-m+dp/hard/libc_nano.a(lib_a-memset.o)
                              /mnt/d/gcc-arm-none-eabi-8-2019-q3-update/bin/../lib/gcc/arm-none-eabi/8.3.1/../../../../arm-none-eabi/lib/thumb/v7e-m+dp/hard/crt0.o (memset)
/mnt/d/gcc-arm-none-eabi-8-2019-q3-update/bin/../lib/gcc/arm-none-eabi/8.3.1/../../../../arm-none-eabi/lib/thumb/v7e-m+dp/hard/libc_nano.a(lib_a-nano-freer.o)
                              /mnt/d/gcc-arm-none-eabi-8-2019-q3-update/bin/../lib/gcc/arm-none-eabi/8.3.1/../../../../arm-none-eabi/lib/thumb/v7e-m+dp/hard/libc_nano.a(lib_a-malloc.o) (_free_r)
/mnt/d/gcc-arm-none-eabi-8-2019-q3-update/bin/../lib/gcc/arm-none-eabi/8.3.1/../../../../arm-none-eabi/lib/thumb/v7e-m+dp/hard/libc_nano.a(lib_a-nano-mallocr.o)
                              /mnt/d/gcc-arm-none-eabi-8-2019-q3-update/bin/../lib/gcc/arm-none-eabi/8.3.1/../../../../arm-none-eabi/lib/thumb/v7e-m+dp/hard/libc_nano.a(lib_a-malloc.o) (_malloc_r)
/mnt/d/gcc-arm-none-eabi-8-2019-q3-update/bin/../lib/gcc/arm-none-eabi/8.3.1/../../../../arm-none-eabi/lib/thumb/v7e-m+dp/hard/libc_nano.a(lib_a-printf.o)
                              src/BSP/CMakeFiles/bsp.dir/bsp_timer.c.o (printf)
/mnt/d/gcc-arm-none-eabi-8-2019-q3-update/bin/../lib/gcc/arm-none-eabi/8.3.1/../../../../arm-none-eabi/lib/thumb/v7e-m+dp/hard/libc_nano.a(lib_a-puts.o)
[...]
Memory Configuration

Name             Origin             Length             Attributes
DTCMRAM          0x0000000020000000 0x0000000000020000 xrw
RAM_D1           0x0000000024000000 0x0000000000080000 xrw
RAM_D2           0x0000000030000000 0x0000000000048000 xrw
RAM_D3           0x0000000038000000 0x0000000000010000 xrw
ITCMRAM          0x0000000000000000 0x0000000000010000 xrw
FLASH            0x0000000008000000 0x0000000000200000 xr
*default*        0x0000000000000000 0xffffffffffffffff

Linker script and memory map

LOAD /mnt/d/gcc-arm-none-eabi-8-2019-q3-update/bin/../lib/gcc/arm-none-eabi/8.3.1/thumb/v7e-m+dp/hard/crti.o
LOAD /mnt/d/gcc-arm-none-eabi-8-2019-q3-update/bin/../lib/gcc/arm-none-eabi/8.3.1/thumb/v7e-m+dp/hard/crtbegin.o
LOAD /mnt/d/gcc-arm-none-eabi-8-2019-q3-update/bin/../lib/gcc/arm-none-eabi/8.3.1/../../../../arm-none-eabi/lib/thumb/v7e-m+dp/hard/crt0.o
LOAD /mnt/d/gcc-arm-none-eabi-8-2019-q3-update/bin/../lib/gcc/arm-none-eabi/8.3.1/../../../../arm-none-eabi/lib/thumb/v7e-m+dp/hard/libm.a
LOAD src/BSP/CMakeFiles/bsp.dir/bsp_fmc_io.c.o
LOAD src/BSP/CMakeFiles/bsp.dir/bsp_key.c.o
LOAD src/BSP/CMakeFiles/bsp.dir/bsp_led.c.o
LOAD src/BSP/CMakeFiles/bsp.dir/bsp_timer.c.o
LOAD src/BSP/CMakeFiles/bsp.dir/bsp_uart_fifo.c.o
LOAD src/BSP/CMakeFiles/bsp.dir/bsp.c.o
LOAD src/BSP/CMakeFiles/bsp.dir/stm32h7xx_it.c.o
LOAD src/BSP/CMakeFiles/bsp.dir/board.c.o
LOAD src/CMSIS/CMakeFiles/cmsis.dir/system_stm32h7xx.c.o
LOAD src/GCCARM/CMakeFiles/gccarm.dir/startup_stm32h743xx.s.o
LOAD src/driver/CMakeFiles/driver.dir/stm32h7xx_hal_cortex.c.o
LOAD src/driver/CMakeFiles/driver.dir/stm32h7xx_hal_dma_ex.c.o
LOAD src/driver/CMakeFiles/driver.dir/stm32h7xx_hal_dma.c.o
LOAD src/driver/CMakeFiles/driver.dir/stm32h7xx_hal_gpio.c.o
LOAD src/driver/CMakeFiles/driver.dir/stm32h7xx_hal_mdma.c.o
LOAD src/driver/CMakeFiles/driver.dir/stm32h7xx_hal_rcc_ex.c.o
LOAD src/driver/CMakeFiles/driver.dir/stm32h7xx_hal_sram.c.o
LOAD src/driver/CMakeFiles/driver.dir/stm32h7xx_hal_rcc.c.o
LOAD src/driver/CMakeFiles/driver.dir/stm32h7xx_hal_tim_ex.c.o
LOAD src/driver/CMakeFiles/driver.dir/stm32h7xx_hal_tim.c.o
LOAD src/driver/CMakeFiles/driver.dir/stm32h7xx_hal_uart.c.o
LOAD src/driver/CMakeFiles/driver.dir/stm32h7xx_hal_uart_ex.c.o
LOAD src/driver/CMakeFiles/driver.dir/stm32h7xx_hal.c.o
LOAD src/driver/CMakeFiles/driver.dir/stm32h7xx_ll_fmc.c.o
LOAD src/driver/CMakeFiles/driver.dir/stm32h7xx_hal_pcd.c.o
LOAD src/driver/CMakeFiles/driver.dir/stm32h7xx_hal_pcd_ex.c.o
LOAD src/driver/CMakeFiles/driver.dir/stm32h7xx_ll_usb.c.o
LOAD src/driver/CMakeFiles/driver.dir/stm32h7xx_hal_pwr.c.o
LOAD src/driver/CMakeFiles/driver.dir/stm32h7xx_hal_pwr_ex.c.o
LOAD src/User/CMakeFiles/user.dir/application.c.o
LOAD src/User/CMakeFiles/user.dir/main.c.o
LOAD src/User/CMakeFiles/user.dir/normal_stack.c.o
LOAD src/User/CMakeFiles/user.dir/range_stack.c.o
LOAD src/User/CMakeFiles/user.dir/stack.c.o
LOAD src/User/CMakeFiles/user.dir/validator.c.o
LOAD src/rtos/cortex-m7/CMakeFiles/cortex-m7.dir/context_gcc.S.o
LOAD src/rtos/cortex-m7/CMakeFiles/cortex-m7.dir/cpu_cache.c.o
LOAD src/rtos/cortex-m7/CMakeFiles/cortex-m7.dir/cpuport.c.o
LOAD src/rtos/src/CMakeFiles/rtossrc.dir/clock.c.o
LOAD src/rtos/src/CMakeFiles/rtossrc.dir/components.c.o
LOAD src/rtos/src/CMakeFiles/rtossrc.dir/cpu.c.o
LOAD src/rtos/src/CMakeFiles/rtossrc.dir/idle.c.o
LOAD src/rtos/src/CMakeFiles/rtossrc.dir/ipc.c.o
LOAD src/rtos/src/CMakeFiles/rtossrc.dir/irq.c.o
LOAD src/rtos/src/CMakeFiles/rtossrc.dir/kservice.c.o
LOAD src/rtos/src/CMakeFiles/rtossrc.dir/mem.c.o
LOAD src/rtos/src/CMakeFiles/rtossrc.dir/memheap.c.o
LOAD src/rtos/src/CMakeFiles/rtossrc.dir/mempool.c.o
LOAD src/rtos/src/CMakeFiles/rtossrc.dir/object.c.o
LOAD src/rtos/src/CMakeFiles/rtossrc.dir/scheduler.c.o
LOAD src/rtos/src/CMakeFiles/rtossrc.dir/slab.c.o
LOAD src/rtos/src/CMakeFiles/rtossrc.dir/thread.c.o
LOAD src/rtos/src/CMakeFiles/rtossrc.dir/timer.c.o
LOAD src/components/finsh/CMakeFiles/finsh.dir/cmd.c.o
LOAD src/components/finsh/CMakeFiles/finsh.dir/msh.c.o
LOAD src/components/finsh/CMakeFiles/finsh.dir/shell.c.o
LOAD src/STM32_USB_Device_Library/CMakeFiles/usb.dir/Core/Src/usbd_core.c.o
LOAD src/STM32_USB_Device_Library/CMakeFiles/usb.dir/Core/Src/usbd_ctlreq.c.o
LOAD src/STM32_USB_Device_Library/CMakeFiles/usb.dir/Core/Src/usbd_ioreq.c.o
LOAD src/STM32_USB_Device_Library/CMakeFiles/usb.dir/Core/Src/usb_device.c.o
LOAD src/STM32_USB_Device_Library/CMakeFiles/usb.dir/Core/Src/usbd_conf.c.o
LOAD src/STM32_USB_Device_Library/CMakeFiles/usb.dir/Core/Src/usbd_desc.c.o
LOAD src/STM32_USB_Device_Library/CMakeFiles/usb.dir/Class/HID/Src/usbd_hid.c.o
START GROUP
LOAD /mnt/d/gcc-arm-none-eabi-8-2019-q3-update/bin/../lib/gcc/arm-none-eabi/8.3.1/thumb/v7e-m+dp/hard/libgcc.a
LOAD /mnt/d/gcc-arm-none-eabi-8-2019-q3-update/bin/../lib/gcc/arm-none-eabi/8.3.1/../../../../arm-none-eabi/lib/thumb/v7e-m+dp/hard/libc_nano.a
END GROUP
START GROUP
LOAD /mnt/d/gcc-arm-none-eabi-8-2019-q3-update/bin/../lib/gcc/arm-none-eabi/8.3.1/thumb/v7e-m+dp/hard/libgcc.a
LOAD /mnt/d/gcc-arm-none-eabi-8-2019-q3-update/bin/../lib/gcc/arm-none-eabi/8.3.1/../../../../arm-none-eabi/lib/thumb/v7e-m+dp/hard/libc_nano.a
LOAD /mnt/d/gcc-arm-none-eabi-8-2019-q3-update/bin/../lib/gcc/arm-none-eabi/8.3.1/../../../../arm-none-eabi/lib/thumb/v7e-m+dp/hard/libnosys.a
END GROUP
START GROUP
LOAD /mnt/d/gcc-arm-none-eabi-8-2019-q3-update/bin/../lib/gcc/arm-none-eabi/8.3.1/thumb/v7e-m+dp/hard/libgcc.a
LOAD /mnt/d/gcc-arm-none-eabi-8-2019-q3-update/bin/../lib/gcc/arm-none-eabi/8.3.1/../../../../arm-none-eabi/lib/thumb/v7e-m+dp/hard/libc_nano.a
LOAD /mnt/d/gcc-arm-none-eabi-8-2019-q3-update/bin/../lib/gcc/arm-none-eabi/8.3.1/../../../../arm-none-eabi/lib/thumb/v7e-m+dp/hard/libnosys.a
END GROUP
LOAD /mnt/d/gcc-arm-none-eabi-8-2019-q3-update/bin/../lib/gcc/arm-none-eabi/8.3.1/thumb/v7e-m+dp/hard/crtend.o
LOAD /mnt/d/gcc-arm-none-eabi-8-2019-q3-update/bin/../lib/gcc/arm-none-eabi/8.3.1/thumb/v7e-m+dp/hard/crtn.o
                0x0000000020020000                _estack = 0x20020000
                0x0000000000000200                _Min_Heap_Size = 0x200
                0x0000000000000800                _Min_Stack_Size = 0x800

.isr_vector     0x0000000008000000      0x298
                0x0000000008000000                . = ALIGN (0x4)
 *(.isr_vector)
 .isr_vector    0x0000000008000000      0x298 src/GCCARM/CMakeFiles/gccarm.dir/startup_stm32h743xx.s.o
                0x0000000008000000                g_pfnVectors
                0x0000000008000298                . = ALIGN (0x4)

.text           0x00000000080002a0     0x9800
                0x00000000080002a0                . = ALIGN (0x4)
 *(.text)
 .text          0x00000000080002a0       0x40 /mnt/d/gcc-arm-none-eabi-8-2019-q3-update/bin/../lib/gcc/arm-none-eabi/8.3.1/thumb/v7e-m+dp/hard/crtbegin.o
 .text          0x00000000080002e0      0x150 src/rtos/cortex-m7/CMakeFiles/cortex-m7.dir/context_gcc.S.o
                0x00000000080002e0                rt_hw_interrupt_disable
                0x00000000080002e8                rt_hw_interrupt_enable
                0x00000000080002ee                rt_hw_context_switch_interrupt
                0x00000000080002ee                rt_hw_context_switch
                0x000000000800030e                PendSV_Handler
                0x000000000800037a                rt_hw_context_switch_to
                0x00000000080003c2                rt_hw_interrupt_thread_switch
                0x00000000080003c6                HardFault_Handler
 .text          0x0000000008000430       0x30 /mnt/d/gcc-arm-none-eabi-8-2019-q3-update/bin/../lib/gcc/arm-none-eabi/8.3.1/thumb/v7e-m+dp/hard/libgcc.a(_aeabi_uldivmod.o)
                0x0000000008000430                __aeabi_uldivmod
 .text          0x0000000008000460      0x2d0 /mnt/d/gcc-arm-none-eabi-8-2019-q3-update/bin/../lib/gcc/arm-none-eabi/8.3.1/thumb/v7e-m+dp/hard/libgcc.a(_udivmoddi4.o)
                0x0000000008000460                __udivmoddi4
 .text          0x0000000008000730        0x4 /mnt/d/gcc-arm-none-eabi-8-2019-q3-update/bin/../lib/gcc/arm-none-eabi/8.3.1/thumb/v7e-m+dp/hard/libgcc.a(_dvmd_tls.o)
                0x0000000008000730                __aeabi_ldiv0
                0x0000000008000730                __aeabi_idiv0
 .text          0x0000000008000734       0x9a /mnt/d/gcc-arm-none-eabi-8-2019-q3-update/bin/../lib/gcc/arm-none-eabi/8.3.1/../../../../arm-none-eabi/lib/thumb/v7e-m+dp/hard/libc_nano.a(lib_a-aeabi_memset-soft.o)
                0x0000000008000734                __aeabi_memset
                0x0000000008000734                __aeabi_memset8
                0x0000000008000734                __aeabi_memset4
 .text          0x00000000080007ce       0x10 /mnt/d/gcc-arm-none-eabi-8-2019-q3-update/bin/../lib/gcc/arm-none-eabi/8.3.1/../../../../arm-none-eabi/lib/thumb/v7e-m+dp/hard/libc_nano.a(lib_a-strlen.o)
                0x00000000080007ce                strlen
 *fill*         0x00000000080007de        0x2 
 .text          0x00000000080007e0       0xa0 /mnt/d/gcc-arm-none-eabi-8-2019-q3-update/bin/../lib/gcc/arm-none-eabi/8.3.1/../../../../arm-none-eabi/lib/thumb/v7e-m+dp/hard/libc_nano.a(lib_a-memchr.o)
                0x00000000080007e0                memchr
 *(.text*)
 .text.bsp_InitExtIO
                0x0000000008000880       0x28 src/BSP/CMakeFiles/bsp.dir/bsp_fmc_io.c.o
                0x0000000008000880                bsp_InitExtIO
 .text.HC574_ConfigGPIO
                0x00000000080008a8       0xf0 src/BSP/CMakeFiles/bsp.dir/bsp_fmc_io.c.o
 .text.HC574_ConfigFMC
                0x0000000008000998       0x74 src/BSP/CMakeFiles/bsp.dir/bsp_fmc_io.c.o
 .text.HC574_SetPin
                0x0000000008000a0c       0x24 src/BSP/CMakeFiles/bsp.dir/bsp_fmc_io.c.o
                0x0000000008000a0c                HC574_SetPin
 .text.bsp_InitKey
                0x0000000008000a30       0x10 src/BSP/CMakeFiles/bsp.dir/bsp_key.c.o
                0x0000000008000a30                bsp_InitKey
 .text.bsp_InitKeyVar
                0x0000000008000a40       0x68 src/BSP/CMakeFiles/bsp.dir/bsp_key.c.o
 .text.bsp_InitKeyHard
                0x0000000008000aa8       0xa0 src/BSP/CMakeFiles/bsp.dir/bsp_key.c.o
 .text.bsp_PutKey
                0x0000000008000b48       0x1c src/BSP/CMakeFiles/bsp.dir/bsp_key.c.o
                0x0000000008000b48                bsp_PutKey
 .text.bsp_SetKeyParam
                0x0000000008000b64       0x16 src/BSP/CMakeFiles/bsp.dir/bsp_key.c.o
                0x0000000008000b64                bsp_SetKeyParam
 .text.bsp_KeyScan10ms
                0x0000000008000b7a       0x16 src/BSP/CMakeFiles/bsp.dir/bsp_key.c.o
                0x0000000008000b7a                bsp_KeyScan10ms
 .text.bsp_DetectKey
                0x0000000008000b90       0xc8 src/BSP/CMakeFiles/bsp.dir/bsp_key.c.o
 .text.IsKeyDownFunc
                0x0000000008000c58       0x82 src/BSP/CMakeFiles/bsp.dir/bsp_key.c.o
 .text.KeyPinActive
                0x0000000008000cda       0x26 src/BSP/CMakeFiles/bsp.dir/bsp_key.c.o
 .text.bsp_InitLed
                0x0000000008000d00       0x20 src/BSP/CMakeFiles/bsp.dir/bsp_led.c.o
                0x0000000008000d00                bsp_InitLed
 .text.bsp_LedOff
                0x0000000008000d20       0x1e src/BSP/CMakeFiles/bsp.dir/bsp_led.c.o
                0x0000000008000d20                bsp_LedOff
 .text.bsp_LedOn
                0x0000000008000d3e       0x1e src/BSP/CMakeFiles/bsp.dir/bsp_led.c.o
                0x0000000008000d3e                bsp_LedOn
 .text.bsp_InitTimer
                0x0000000008000d5c       0x52 src/BSP/CMakeFiles/bsp.dir/bsp_timer.c.o
                0x0000000008000d5c                bsp_InitTimer
 .text.SysTick_Config
                0x0000000008000dae       0x26 src/BSP/CMakeFiles/bsp.dir/bsp_timer.c.o
 .text.bsp_InitHardTimer
                0x0000000008000dd4       0x94 src/BSP/CMakeFiles/bsp.dir/bsp_timer.c.o
                0x0000000008000dd4                bsp_InitHardTimer
 .text.SysTick_ISR
                0x0000000008000e68       0x7c src/BSP/CMakeFiles/bsp.dir/bsp_timer.c.o
                0x0000000008000e68                SysTick_ISR
 .text.bsp_SoftTimerDec
                0x0000000008000ee4       0x22 src/BSP/CMakeFiles/bsp.dir/bsp_timer.c.o
 .text.SysTick_Handler
                0x0000000008000f06       0x2c src/BSP/CMakeFiles/bsp.dir/bsp_timer.c.o
                0x0000000008000f06                SysTick_Handler
 .text.TIM2_IRQHandler
                0x0000000008000f32       0x98 src/BSP/CMakeFiles/bsp.dir/bsp_timer.c.o
                0x0000000008000f32                TIM2_IRQHandler
 .text.__NVIC_SetPriority
                0x0000000008000fca        0xe src/BSP/CMakeFiles/bsp.dir/bsp_timer.c.o
 .text.bsp_InitUart
                0x0000000008000fd8       0x14 src/BSP/CMakeFiles/bsp.dir/bsp_uart_fifo.c.o
                0x0000000008000fd8                bsp_InitUart
 .text.UartVarInit
                0x0000000008000fec       0x9c src/BSP/CMakeFiles/bsp.dir/bsp_uart_fifo.c.o
 .text.InitHardUart
                0x0000000008001088      0x182 src/BSP/CMakeFiles/bsp.dir/bsp_uart_fifo.c.o
 .text.RS485_InitTXE
                0x000000000800120a       0x42 src/BSP/CMakeFiles/bsp.dir/bsp_uart_fifo.c.o
                0x000000000800120a                RS485_InitTXE
 .text.ComToUart
                0x000000000800124c       0x2c src/BSP/CMakeFiles/bsp.dir/bsp_uart_fifo.c.o
                0x000000000800124c                ComToUart
 .text.comSendBuf
                0x0000000008001278       0x36 src/BSP/CMakeFiles/bsp.dir/bsp_uart_fifo.c.o
                0x0000000008001278                comSendBuf
 .text.UartSend
                0x00000000080012ae       0x90 src/BSP/CMakeFiles/bsp.dir/bsp_uart_fifo.c.o
 .text.comSendChar
                0x000000000800133e       0x16 src/BSP/CMakeFiles/bsp.dir/bsp_uart_fifo.c.o
                0x000000000800133e                comSendChar
 .text.UartGetChar
                0x0000000008001354       0x52 src/BSP/CMakeFiles/bsp.dir/bsp_uart_fifo.c.o
 .text.bsp_SetUartParam
                0x00000000080013a6       0x42 src/BSP/CMakeFiles/bsp.dir/bsp_uart_fifo.c.o
                0x00000000080013a6                bsp_SetUartParam
 .text.RS485_SendBefor
                0x00000000080013e8        0xe src/BSP/CMakeFiles/bsp.dir/bsp_uart_fifo.c.o
                0x00000000080013e8                RS485_SendBefor
 .text.RS485_SendOver
                0x00000000080013f6        0xe src/BSP/CMakeFiles/bsp.dir/bsp_uart_fifo.c.o
                0x00000000080013f6                RS485_SendOver
 .text.RS485_ReciveNew
                0x0000000008001404        0x2 src/BSP/CMakeFiles/bsp.dir/bsp_uart_fifo.c.o
                0x0000000008001404                RS485_ReciveNew
 .text.USART1_IRQHandler
                0x0000000008001406       0x1c src/BSP/CMakeFiles/bsp.dir/bsp_uart_fifo.c.o
                0x0000000008001406                USART1_IRQHandler
 .text.UartIRQ  0x0000000008001422      0x132 src/BSP/CMakeFiles/bsp.dir/bsp_uart_fifo.c.o
 .text.USART3_IRQHandler
                0x0000000008001554        0xc src/BSP/CMakeFiles/bsp.dir/bsp_uart_fifo.c.o
                0x0000000008001554                USART3_IRQHandler
 .text.rt_hw_console_getchar
                0x0000000008001560       0x26 src/BSP/CMakeFiles/bsp.dir/bsp_uart_fifo.c.o
                0x0000000008001560                rt_hw_console_getchar
 .text._write   0x0000000008001586       0x52 src/BSP/CMakeFiles/bsp.dir/bsp.c.o
                0x0000000008001586                _write
 .text.bsp_Init
                0x00000000080015d8       0x2c src/BSP/CMakeFiles/bsp.dir/bsp.c.o
                0x00000000080015d8                bsp_Init
 .text.MPU_Config
                0x0000000008001604       0x5a src/BSP/CMakeFiles/bsp.dir/bsp.c.o
 .text.CPU_CACHE_Enable
                0x000000000800165e       0x10 src/BSP/CMakeFiles/bsp.dir/bsp.c.o
 .text.SystemClock_Config
                0x000000000800166e      0x108 src/BSP/CMakeFiles/bsp.dir/bsp.c.o
 .text.Error_Handler
                0x0000000008001776       0x1e src/BSP/CMakeFiles/bsp.dir/bsp.c.o
                0x0000000008001776                Error_Handler
 .text.bsp_RunPer10ms
                0x0000000008001794        0x4 src/BSP/CMakeFiles/bsp.dir/bsp.c.o
                0x0000000008001794                bsp_RunPer10ms
 .text.bsp_RunPer1ms
                0x0000000008001798        0x2 src/BSP/CMakeFiles/bsp.dir/bsp.c.o
                0x0000000008001798                bsp_RunPer1ms
 .text.SCB_EnableICache
                0x000000000800179a       0x30 src/BSP/CMakeFiles/bsp.dir/bsp.c.o
 .text.SCB_EnableDCache
                0x00000000080017ca       0x66 src/BSP/CMakeFiles/bsp.dir/bsp.c.o
 .text.NMI_Handler
                0x0000000008001830        0x2 src/BSP/CMakeFiles/bsp.dir/stm32h7xx_it.c.o
                0x0000000008001830                NMI_Handler
 .text.MemManage_Handler
                0x0000000008001832        0x2 src/BSP/CMakeFiles/bsp.dir/stm32h7xx_it.c.o
                0x0000000008001832                MemManage_Handler
 .text.BusFault_Handler
                0x0000000008001834        0x2 src/BSP/CMakeFiles/bsp.dir/stm32h7xx_it.c.o
                0x0000000008001834                BusFault_Handler
 .text.UsageFault_Handler
                0x0000000008001836        0x2 src/BSP/CMakeFiles/bsp.dir/stm32h7xx_it.c.o
                0x0000000008001836                UsageFault_Handler
 .text.SVC_Handler
                0x0000000008001838        0x2 src/BSP/CMakeFiles/bsp.dir/stm32h7xx_it.c.o
                0x0000000008001838                SVC_Handler
 .text.DebugMon_Handler
                0x000000000800183a        0x2 src/BSP/CMakeFiles/bsp.dir/stm32h7xx_it.c.o
                0x000000000800183a                DebugMon_Handler
 .text.OTG_FS_IRQHandler
                0x000000000800183c       0x1c src/BSP/CMakeFiles/bsp.dir/stm32h7xx_it.c.o
                0x000000000800183c                OTG_FS_IRQHandler
 .text.rt_hw_board_init
                0x0000000008001858       0x14 src/BSP/CMakeFiles/bsp.dir/board.c.o
                0x0000000008001858                rt_hw_board_init
 .text.SystemInit
                0x000000000800186c       0x6c src/CMSIS/CMakeFiles/cmsis.dir/system_stm32h7xx.c.o
                0x000000000800186c                SystemInit
 .text.SystemCoreClockUpdate
                0x00000000080018d8      0x10c src/CMSIS/CMakeFiles/cmsis.dir/system_stm32h7xx.c.o
                0x00000000080018d8                SystemCoreClockUpdate
 .text.Reset_Handler
                0x00000000080019e4       0x50 src/GCCARM/CMakeFiles/gccarm.dir/startup_stm32h743xx.s.o
                0x00000000080019e4                Reset_Handler
 .text.Default_Handler
                0x0000000008001a34        0x2 src/GCCARM/CMakeFiles/gccarm.dir/startup_stm32h743xx.s.o
                0x0000000008001a34                RTC_Alarm_IRQHandler
                0x0000000008001a34                EXTI2_IRQHandler
                0x0000000008001a34                TIM8_CC_IRQHandler
                0x0000000008001a34                HRTIM1_Master_IRQHandler
                0x0000000008001a34                UART8_IRQHandler
                0x0000000008001a34                SPI4_IRQHandler
                0x0000000008001a34                TIM1_CC_IRQHandler
                0x0000000008001a34                BDMA_Channel6_IRQHandler
                0x0000000008001a34                DMA2_Stream5_IRQHandler
                0x0000000008001a34                HRTIM1_FLT_IRQHandler
                0x0000000008001a34                JPEG_IRQHandler
                0x0000000008001a34                DMA1_Stream5_IRQHandler
                0x0000000008001a34                BDMA_Channel1_IRQHandler
                0x0000000008001a34                HRTIM1_TIMD_IRQHandler
                0x0000000008001a34                TAMP_STAMP_IRQHandler
                0x0000000008001a34                EXTI3_IRQHandler
                0x0000000008001a34                LPTIM4_IRQHandler
                0x0000000008001a34                TIM8_TRG_COM_TIM14_IRQHandler
                0x0000000008001a34                LPTIM2_IRQHandler
                0x0000000008001a34                DFSDM1_FLT1_IRQHandler
                0x0000000008001a34                DMAMUX2_OVR_IRQHandler
                0x0000000008001a34                TIM8_UP_TIM13_IRQHandler
                0x0000000008001a34                I2C3_ER_IRQHandler
                0x0000000008001a34                DFSDM1_FLT2_IRQHandler
                0x0000000008001a34                MDMA_IRQHandler
                0x0000000008001a34                LPTIM3_IRQHandler
                0x0000000008001a34                HSEM1_IRQHandler
                0x0000000008001a34                EXTI0_IRQHandler
                0x0000000008001a34                I2C2_EV_IRQHandler
                0x0000000008001a34                DMA1_Stream2_IRQHandler
                0x0000000008001a34                FPU_IRQHandler
                0x0000000008001a34                OTG_HS_WKUP_IRQHandler
                0x0000000008001a34                FDCAN1_IT1_IRQHandler
                0x0000000008001a34                LTDC_ER_IRQHandler
                0x0000000008001a34                DMA2_Stream2_IRQHandler
                0x0000000008001a34                HRTIM1_TIME_IRQHandler
                0x0000000008001a34                SPI1_IRQHandler
                0x0000000008001a34                TIM6_DAC_IRQHandler
                0x0000000008001a34                DCMI_IRQHandler
                0x0000000008001a34                HRTIM1_TIMC_IRQHandler
                0x0000000008001a34                DMA2_Stream3_IRQHandler
                0x0000000008001a34                SAI2_IRQHandler
                0x0000000008001a34                DFSDM1_FLT3_IRQHandler
                0x0000000008001a34                USART6_IRQHandler
                0x0000000008001a34                TIM17_IRQHandler
                0x0000000008001a34                BDMA_Channel7_IRQHandler
                0x0000000008001a34                LPTIM5_IRQHandler
                0x0000000008001a34                UART5_IRQHandler
                0x0000000008001a34                ADC3_IRQHandler
                0x0000000008001a34                DMA2_Stream0_IRQHandler
                0x0000000008001a34                TIM4_IRQHandler
                0x0000000008001a34                BDMA_Channel2_IRQHandler
                0x0000000008001a34                QUADSPI_IRQHandler
                0x0000000008001a34                I2C1_EV_IRQHandler
                0x0000000008001a34                DMA1_Stream6_IRQHandler
                0x0000000008001a34                DMAMUX1_OVR_IRQHandler
                0x0000000008001a34                DMA1_Stream1_IRQHandler
                0x0000000008001a34                TIM16_IRQHandler
                0x0000000008001a34                UART4_IRQHandler
                0x0000000008001a34                BDMA_Channel5_IRQHandler
                0x0000000008001a34                TIM3_IRQHandler
                0x0000000008001a34                RCC_IRQHandler
                0x0000000008001a34                TIM8_BRK_TIM12_IRQHandler
                0x0000000008001a34                TIM1_TRG_COM_IRQHandler
                0x0000000008001a34                Default_Handler
                0x0000000008001a34                CEC_IRQHandler
                0x0000000008001a34                EXTI15_10_IRQHandler
                0x0000000008001a34                BDMA_Channel0_IRQHandler
                0x0000000008001a34                ADC_IRQHandler
                0x0000000008001a34                DMA1_Stream7_IRQHandler
                0x0000000008001a34                HRTIM1_TIMA_IRQHandler
                0x0000000008001a34                SPI5_IRQHandler
                0x0000000008001a34                TIM7_IRQHandler
                0x0000000008001a34                SDMMC1_IRQHandler
                0x0000000008001a34                TIM5_IRQHandler
                0x0000000008001a34                DMA2_Stream7_IRQHandler
                0x0000000008001a34                TIM15_IRQHandler
                0x0000000008001a34                PVD_AVD_IRQHandler
                0x0000000008001a34                I2C3_EV_IRQHandler
                0x0000000008001a34                EXTI9_5_IRQHandler
                0x0000000008001a34                RTC_WKUP_IRQHandler
                0x0000000008001a34                LTDC_IRQHandler
                0x0000000008001a34                SAI3_IRQHandler
                0x0000000008001a34                ETH_WKUP_IRQHandler
                0x0000000008001a34                SPDIF_RX_IRQHandler
                0x0000000008001a34                SPI2_IRQHandler
                0x0000000008001a34                OTG_HS_EP1_IN_IRQHandler
                0x0000000008001a34                DMA1_Stream0_IRQHandler
                0x0000000008001a34                CRS_IRQHandler
                0x0000000008001a34                EXTI4_IRQHandler
                0x0000000008001a34                RNG_IRQHandler
                0x0000000008001a34                HRTIM1_TIMB_IRQHandler
                0x0000000008001a34                FDCAN2_IT1_IRQHandler
                0x0000000008001a34                ETH_IRQHandler
                0x0000000008001a34                TIM1_UP_IRQHandler
                0x0000000008001a34                BDMA_Channel4_IRQHandler
                0x0000000008001a34                OTG_HS_EP1_OUT_IRQHandler
                0x0000000008001a34                WWDG_IRQHandler
                0x0000000008001a34                SPI6_IRQHandler
                0x0000000008001a34                MDIOS_IRQHandler
                0x0000000008001a34                I2C4_EV_IRQHandler
                0x0000000008001a34                FDCAN2_IT0_IRQHandler
                0x0000000008001a34                LPUART1_IRQHandler
                0x0000000008001a34                FDCAN1_IT0_IRQHandler
                0x0000000008001a34                OTG_FS_WKUP_IRQHandler
                0x0000000008001a34                OTG_HS_IRQHandler
                0x0000000008001a34                DMA2D_IRQHandler
                0x0000000008001a34                TIM1_BRK_IRQHandler
                0x0000000008001a34                EXTI1_IRQHandler
                0x0000000008001a34                SDMMC2_IRQHandler
                0x0000000008001a34                OTG_FS_EP1_OUT_IRQHandler
                0x0000000008001a34                BDMA_Channel3_IRQHandler
                0x0000000008001a34                UART7_IRQHandler
                0x0000000008001a34                MDIOS_WKUP_IRQHandler
                0x0000000008001a34                USART2_IRQHandler
                0x0000000008001a34                DFSDM1_FLT0_IRQHandler
                0x0000000008001a34                SAI4_IRQHandler
                0x0000000008001a34                I2C2_ER_IRQHandler
                0x0000000008001a34                DMA2_Stream1_IRQHandler
                0x0000000008001a34                FLASH_IRQHandler
                0x0000000008001a34                DMA2_Stream4_IRQHandler
                0x0000000008001a34                SPI3_IRQHandler
                0x0000000008001a34                WAKEUP_PIN_IRQHandler
                0x0000000008001a34                DMA1_Stream4_IRQHandler
                0x0000000008001a34                OTG_FS_EP1_IN_IRQHandler
                0x0000000008001a34                I2C1_ER_IRQHandler
                0x0000000008001a34                FMC_IRQHandler
                0x0000000008001a34                FDCAN_CAL_IRQHandler
                0x0000000008001a34                SWPMI1_IRQHandler
                0x0000000008001a34                COMP1_IRQHandler
                0x0000000008001a34                LPTIM1_IRQHandler
                0x0000000008001a34                I2C4_ER_IRQHandler
                0x0000000008001a34                DMA2_Stream6_IRQHandler
                0x0000000008001a34                SAI1_IRQHandler
                0x0000000008001a34                DMA1_Stream3_IRQHandler
 .text.HAL_NVIC_SetPriorityGrouping
                0x0000000008001a36        0x4 src/driver/CMakeFiles/driver.dir/stm32h7xx_hal_cortex.c.o
                0x0000000008001a36                HAL_NVIC_SetPriorityGrouping
 .text.__NVIC_SetPriorityGrouping
                0x0000000008001a3a       0x20 src/driver/CMakeFiles/driver.dir/stm32h7xx_hal_cortex.c.o
 .text.HAL_NVIC_SetPriority
                0x0000000008001a5a       0x2a src/driver/CMakeFiles/driver.dir/stm32h7xx_hal_cortex.c.o
                0x0000000008001a5a                HAL_NVIC_SetPriority
 .text.__NVIC_GetPriorityGrouping
                0x0000000008001a84       0x10 src/driver/CMakeFiles/driver.dir/stm32h7xx_hal_cortex.c.o
 .text.__NVIC_SetPriority
                0x0000000008001a94       0x22 src/driver/CMakeFiles/driver.dir/stm32h7xx_hal_cortex.c.o
 .text.NVIC_EncodePriority
                0x0000000008001ab6       0x2e src/driver/CMakeFiles/driver.dir/stm32h7xx_hal_cortex.c.o
 .text.HAL_NVIC_EnableIRQ
                0x0000000008001ae4        0x4 src/driver/CMakeFiles/driver.dir/stm32h7xx_hal_cortex.c.o
                0x0000000008001ae4                HAL_NVIC_EnableIRQ
 .text.__NVIC_EnableIRQ
                0x0000000008001ae8       0x20 src/driver/CMakeFiles/driver.dir/stm32h7xx_hal_cortex.c.o
 .text.HAL_SYSTICK_Config
                0x0000000008001b08        0x4 src/driver/CMakeFiles/driver.dir/stm32h7xx_hal_cortex.c.o
                0x0000000008001b08                HAL_SYSTICK_Config
 .text.SysTick_Config
                0x0000000008001b0c       0x32 src/driver/CMakeFiles/driver.dir/stm32h7xx_hal_cortex.c.o
 .text.HAL_MPU_Disable
                0x0000000008001b3e       0x1a src/driver/CMakeFiles/driver.dir/stm32h7xx_hal_cortex.c.o
                0x0000000008001b3e                HAL_MPU_Disable
 .text.HAL_MPU_Enable
                0x0000000008001b58       0x20 src/driver/CMakeFiles/driver.dir/stm32h7xx_hal_cortex.c.o
                0x0000000008001b58                HAL_MPU_Enable
 .text.HAL_MPU_ConfigRegion
                0x0000000008001b78       0x60 src/driver/CMakeFiles/driver.dir/stm32h7xx_hal_cortex.c.o
                0x0000000008001b78                HAL_MPU_ConfigRegion
 .text.HAL_GPIO_Init
                0x0000000008001bd8      0x196 src/driver/CMakeFiles/driver.dir/stm32h7xx_hal_gpio.c.o
                0x0000000008001bd8                HAL_GPIO_Init
 *fill*         0x0000000008001d6e        0x2 
 .text.HAL_RCCEx_PeriphCLKConfig
                0x0000000008001d70      0x8fa src/driver/CMakeFiles/driver.dir/stm32h7xx_hal_rcc_ex.c.o
                0x0000000008001d70                HAL_RCCEx_PeriphCLKConfig
 .text.RCCEx_PLL2_Config
                0x000000000800266a      0x100 src/driver/CMakeFiles/driver.dir/stm32h7xx_hal_rcc_ex.c.o
 .text.RCCEx_PLL3_Config
                0x000000000800276a      0x100 src/driver/CMakeFiles/driver.dir/stm32h7xx_hal_rcc_ex.c.o
 *fill*         0x000000000800286a        0x2 
 .text.HAL_RCCEx_GetPLL2ClockFreq
                0x000000000800286c       0xfc src/driver/CMakeFiles/driver.dir/stm32h7xx_hal_rcc_ex.c.o
                0x000000000800286c                HAL_RCCEx_GetPLL2ClockFreq
 .text.HAL_RCCEx_GetPLL3ClockFreq
                0x0000000008002968       0xfc src/driver/CMakeFiles/driver.dir/stm32h7xx_hal_rcc_ex.c.o
                0x0000000008002968                HAL_RCCEx_GetPLL3ClockFreq
 .text.HAL_RCCEx_GetD3PCLK1Freq
                0x0000000008002a64       0x30 src/driver/CMakeFiles/driver.dir/stm32h7xx_hal_rcc_ex.c.o
                0x0000000008002a64                HAL_RCCEx_GetD3PCLK1Freq
 .text.HAL_RCCEx_GetD1SysClockFreq
                0x0000000008002a94       0x3c src/driver/CMakeFiles/driver.dir/stm32h7xx_hal_rcc_ex.c.o
                0x0000000008002a94                HAL_RCCEx_GetD1SysClockFreq
 .text.HAL_SRAM_Init
                0x0000000008002ad0       0x70 src/driver/CMakeFiles/driver.dir/stm32h7xx_hal_sram.c.o
                0x0000000008002ad0                HAL_SRAM_Init
 .text.HAL_SRAM_MspInit
                0x0000000008002b40        0x2 src/driver/CMakeFiles/driver.dir/stm32h7xx_hal_sram.c.o
                0x0000000008002b40                HAL_SRAM_MspInit
 .text.HAL_RCC_OscConfig
                0x0000000008002b42      0x4a0 src/driver/CMakeFiles/driver.dir/stm32h7xx_hal_rcc.c.o
                0x0000000008002b42                HAL_RCC_OscConfig
 .text.HAL_RCC_ClockConfig
                0x0000000008002fe2      0x1fc src/driver/CMakeFiles/driver.dir/stm32h7xx_hal_rcc.c.o
                0x0000000008002fe2                HAL_RCC_ClockConfig
 *fill*         0x00000000080031de        0x2 
 .text.HAL_RCC_GetSysClockFreq
                0x00000000080031e0       0xe8 src/driver/CMakeFiles/driver.dir/stm32h7xx_hal_rcc.c.o
                0x00000000080031e0                HAL_RCC_GetSysClockFreq
 .text.HAL_RCC_GetHCLKFreq
                0x00000000080032c8       0x3a src/driver/CMakeFiles/driver.dir/stm32h7xx_hal_rcc.c.o
                0x00000000080032c8                HAL_RCC_GetHCLKFreq
 .text.HAL_RCC_GetPCLK1Freq
                0x0000000008003302       0x30 src/driver/CMakeFiles/driver.dir/stm32h7xx_hal_rcc.c.o
                0x0000000008003302                HAL_RCC_GetPCLK1Freq
 .text.HAL_RCC_GetPCLK2Freq
                0x0000000008003332       0x32 src/driver/CMakeFiles/driver.dir/stm32h7xx_hal_rcc.c.o
                0x0000000008003332                HAL_RCC_GetPCLK2Freq
 .text.HAL_TIM_Base_Init
                0x0000000008003364       0x38 src/driver/CMakeFiles/driver.dir/stm32h7xx_hal_tim.c.o
                0x0000000008003364                HAL_TIM_Base_Init
 .text.HAL_TIM_Base_MspInit
                0x000000000800339c        0x2 src/driver/CMakeFiles/driver.dir/stm32h7xx_hal_tim.c.o
                0x000000000800339c                HAL_TIM_Base_MspInit
 .text.TIM_Base_SetConfig
                0x000000000800339e      0x136 src/driver/CMakeFiles/driver.dir/stm32h7xx_hal_tim.c.o
                0x000000000800339e                TIM_Base_SetConfig
 .text.HAL_TIM_Base_Start
                0x00000000080034d4       0x1a src/driver/CMakeFiles/driver.dir/stm32h7xx_hal_tim.c.o
                0x00000000080034d4                HAL_TIM_Base_Start
 .text.HAL_UART_Init
                0x00000000080034ee       0x68 src/driver/CMakeFiles/driver.dir/stm32h7xx_hal_uart.c.o
                0x00000000080034ee                HAL_UART_Init
 .text.HAL_UART_MspInit
                0x0000000008003556        0x2 src/driver/CMakeFiles/driver.dir/stm32h7xx_hal_uart.c.o
                0x0000000008003556                HAL_UART_MspInit
 .text.UART_SetConfig
                0x0000000008003558      0x79c src/driver/CMakeFiles/driver.dir/stm32h7xx_hal_uart.c.o
                0x0000000008003558                UART_SetConfig
 .text.UART_AdvFeatureConfig
                0x0000000008003cf4       0xe8 src/driver/CMakeFiles/driver.dir/stm32h7xx_hal_uart.c.o
                0x0000000008003cf4                UART_AdvFeatureConfig
 .text.UART_CheckIdleState
                0x0000000008003ddc       0x68 src/driver/CMakeFiles/driver.dir/stm32h7xx_hal_uart.c.o
                0x0000000008003ddc                UART_CheckIdleState
 .text.UART_WaitOnFlagUntilTimeout
                0x0000000008003e44       0x8a src/driver/CMakeFiles/driver.dir/stm32h7xx_hal_uart.c.o
                0x0000000008003e44                UART_WaitOnFlagUntilTimeout
 .text.HAL_Init
                0x0000000008003ece       0x64 src/driver/CMakeFiles/driver.dir/stm32h7xx_hal.c.o
                0x0000000008003ece                HAL_Init
 .text.HAL_InitTick
                0x0000000008003f32       0x4e src/driver/CMakeFiles/driver.dir/stm32h7xx_hal.c.o
                0x0000000008003f32                HAL_InitTick
 .text.HAL_MspInit
                0x0000000008003f80        0x2 src/driver/CMakeFiles/driver.dir/stm32h7xx_hal.c.o
                0x0000000008003f80                HAL_MspInit
 .text.HAL_IncTick
                0x0000000008003f82       0x1a src/driver/CMakeFiles/driver.dir/stm32h7xx_hal.c.o
                0x0000000008003f82                HAL_IncTick
 .text.HAL_GetTick
                0x0000000008003f9c        0xc src/driver/CMakeFiles/driver.dir/stm32h7xx_hal.c.o
                0x0000000008003f9c                HAL_GetTick
 .text.HAL_Delay
                0x0000000008003fa8       0x28 src/driver/CMakeFiles/driver.dir/stm32h7xx_hal.c.o
                0x0000000008003fa8                HAL_Delay
 .text.HAL_EnableCompensationCell
                0x0000000008003fd0       0x12 src/driver/CMakeFiles/driver.dir/stm32h7xx_hal.c.o
                0x0000000008003fd0                HAL_EnableCompensationCell
 .text.FMC_NORSRAM_Init
                0x0000000008003fe2       0x94 src/driver/CMakeFiles/driver.dir/stm32h7xx_ll_fmc.c.o
                0x0000000008003fe2                FMC_NORSRAM_Init
 .text.FMC_NORSRAM_Timing_Init
                0x0000000008004076       0x6a src/driver/CMakeFiles/driver.dir/stm32h7xx_ll_fmc.c.o
                0x0000000008004076                FMC_NORSRAM_Timing_Init
 .text.FMC_NORSRAM_Extended_Timing_Init
                0x00000000080040e0       0x42 src/driver/CMakeFiles/driver.dir/stm32h7xx_ll_fmc.c.o
                0x00000000080040e0                FMC_NORSRAM_Extended_Timing_Init
 .text.HAL_PCD_Init
                0x0000000008004122      0x14a src/driver/CMakeFiles/driver.dir/stm32h7xx_hal_pcd.c.o
                0x0000000008004122                HAL_PCD_Init
 .text.HAL_PCD_Start
                0x000000000800426c       0x40 src/driver/CMakeFiles/driver.dir/stm32h7xx_hal_pcd.c.o
                0x000000000800426c                HAL_PCD_Start
 .text.HAL_PCD_IRQHandler
                0x00000000080042ac      0x492 src/driver/CMakeFiles/driver.dir/stm32h7xx_hal_pcd.c.o
                0x00000000080042ac                HAL_PCD_IRQHandler
 .text.PCD_EP_OutXfrComplete_int
                0x000000000800473e       0xcc src/driver/CMakeFiles/driver.dir/stm32h7xx_hal_pcd.c.o
 .text.PCD_EP_OutSetupPacket_int
                0x000000000800480a       0x5a src/driver/CMakeFiles/driver.dir/stm32h7xx_hal_pcd.c.o
 .text.PCD_WriteEmptyTxFifo
                0x0000000008004864       0xcc src/driver/CMakeFiles/driver.dir/stm32h7xx_hal_pcd.c.o
 .text.HAL_PCD_SetAddress
                0x0000000008004930       0x2a src/driver/CMakeFiles/driver.dir/stm32h7xx_hal_pcd.c.o
                0x0000000008004930                HAL_PCD_SetAddress
 .text.HAL_PCD_EP_Open
                0x000000000800495a       0x6a src/driver/CMakeFiles/driver.dir/stm32h7xx_hal_pcd.c.o
                0x000000000800495a                HAL_PCD_EP_Open
 .text.HAL_PCD_EP_Close
                0x00000000080049c4       0x54 src/driver/CMakeFiles/driver.dir/stm32h7xx_hal_pcd.c.o
                0x00000000080049c4                HAL_PCD_EP_Close
 .text.HAL_PCD_EP_Receive
                0x0000000008004a18       0x4a src/driver/CMakeFiles/driver.dir/stm32h7xx_hal_pcd.c.o
                0x0000000008004a18                HAL_PCD_EP_Receive
 .text.HAL_PCD_EP_Transmit
                0x0000000008004a62       0x46 src/driver/CMakeFiles/driver.dir/stm32h7xx_hal_pcd.c.o
                0x0000000008004a62                HAL_PCD_EP_Transmit
 .text.HAL_PCD_EP_SetStall
                0x0000000008004aa8       0x70 src/driver/CMakeFiles/driver.dir/stm32h7xx_hal_pcd.c.o
                0x0000000008004aa8                HAL_PCD_EP_SetStall
 .text.HAL_PCD_EP_ClrStall
                0x0000000008004b18       0x66 src/driver/CMakeFiles/driver.dir/stm32h7xx_hal_pcd.c.o
                0x0000000008004b18                HAL_PCD_EP_ClrStall
 .text.HAL_PCDEx_SetTxFiFo
                0x0000000008004b7e       0x50 src/driver/CMakeFiles/driver.dir/stm32h7xx_hal_pcd_ex.c.o
                0x0000000008004b7e                HAL_PCDEx_SetTxFiFo
 .text.HAL_PCDEx_SetRxFiFo
                0x0000000008004bce        0x8 src/driver/CMakeFiles/driver.dir/stm32h7xx_hal_pcd_ex.c.o
                0x0000000008004bce                HAL_PCDEx_SetRxFiFo
 .text.HAL_PCDEx_ActivateLPM
                0x0000000008004bd6       0x26 src/driver/CMakeFiles/driver.dir/stm32h7xx_hal_pcd_ex.c.o
                0x0000000008004bd6                HAL_PCDEx_ActivateLPM
 .text.HAL_PCDEx_LPM_Callback
                0x0000000008004bfc        0x2 src/driver/CMakeFiles/driver.dir/stm32h7xx_hal_pcd_ex.c.o
                0x0000000008004bfc                HAL_PCDEx_LPM_Callback
 .text.USB_CoreInit
                0x0000000008004bfe       0x84 src/driver/CMakeFiles/driver.dir/stm32h7xx_ll_usb.c.o
                0x0000000008004bfe                USB_CoreInit
 .text.USB_CoreReset
                0x0000000008004c82       0x34 src/driver/CMakeFiles/driver.dir/stm32h7xx_ll_usb.c.o
 .text.USB_SetTurnaroundTime
                0x0000000008004cb6      0x10e src/driver/CMakeFiles/driver.dir/stm32h7xx_ll_usb.c.o
                0x0000000008004cb6                USB_SetTurnaroundTime
 .text.USB_EnableGlobalInt
                0x0000000008004dc4        0xc src/driver/CMakeFiles/driver.dir/stm32h7xx_ll_usb.c.o
                0x0000000008004dc4                USB_EnableGlobalInt
 .text.USB_DisableGlobalInt
                0x0000000008004dd0        0xc src/driver/CMakeFiles/driver.dir/stm32h7xx_ll_usb.c.o
                0x0000000008004dd0                USB_DisableGlobalInt
 .text.USB_SetCurrentMode
                0x0000000008004ddc       0x32 src/driver/CMakeFiles/driver.dir/stm32h7xx_ll_usb.c.o
                0x0000000008004ddc                USB_SetCurrentMode
 .text.USB_DevInit
                0x0000000008004e0e      0x18c src/driver/CMakeFiles/driver.dir/stm32h7xx_ll_usb.c.o
                0x0000000008004e0e                USB_DevInit
 .text.USB_SetDevSpeed
                0x0000000008004f9a        0xe src/driver/CMakeFiles/driver.dir/stm32h7xx_ll_usb.c.o
                0x0000000008004f9a                USB_SetDevSpeed
 .text.USB_FlushTxFifo
                0x0000000008004fa8       0x22 src/driver/CMakeFiles/driver.dir/stm32h7xx_ll_usb.c.o
                0x0000000008004fa8                USB_FlushTxFifo
 .text.USB_FlushRxFifo
                0x0000000008004fca       0x20 src/driver/CMakeFiles/driver.dir/stm32h7xx_ll_usb.c.o
                0x0000000008004fca                USB_FlushRxFifo
 .text.USB_GetDevSpeed
                0x0000000008004fea       0x1c src/driver/CMakeFiles/driver.dir/stm32h7xx_ll_usb.c.o
                0x0000000008004fea                USB_GetDevSpeed
 .text.USB_ActivateEndpoint
                0x0000000008005006       0x92 src/driver/CMakeFiles/driver.dir/stm32h7xx_ll_usb.c.o
                0x0000000008005006                USB_ActivateEndpoint
 .text.USB_DeactivateEndpoint
                0x0000000008005098       0x7e src/driver/CMakeFiles/driver.dir/stm32h7xx_ll_usb.c.o
                0x0000000008005098                USB_DeactivateEndpoint
 .text.USB_EPStartXfer
                0x0000000008005116      0x17e src/driver/CMakeFiles/driver.dir/stm32h7xx_ll_usb.c.o
                0x0000000008005116                USB_EPStartXfer
 .text.USB_WritePacket
                0x0000000008005294       0x34 src/driver/CMakeFiles/driver.dir/stm32h7xx_ll_usb.c.o
                0x0000000008005294                USB_WritePacket
 .text.USB_EP0StartXfer
                0x00000000080052c8       0xfa src/driver/CMakeFiles/driver.dir/stm32h7xx_ll_usb.c.o
                0x00000000080052c8                USB_EP0StartXfer
 .text.USB_ReadPacket
                0x00000000080053c2       0x24 src/driver/CMakeFiles/driver.dir/stm32h7xx_ll_usb.c.o
                0x00000000080053c2                USB_ReadPacket
 .text.USB_EPSetStall
                0x00000000080053e6       0x3e src/driver/CMakeFiles/driver.dir/stm32h7xx_ll_usb.c.o
                0x00000000080053e6                USB_EPSetStall
 .text.USB_EPClearStall
                0x0000000008005424       0x30 src/driver/CMakeFiles/driver.dir/stm32h7xx_ll_usb.c.o
                0x0000000008005424                USB_EPClearStall
 .text.USB_SetDevAddress
                0x0000000008005454       0x20 src/driver/CMakeFiles/driver.dir/stm32h7xx_ll_usb.c.o
                0x0000000008005454                USB_SetDevAddress
 .text.USB_DevConnect
                0x0000000008005474       0x1a src/driver/CMakeFiles/driver.dir/stm32h7xx_ll_usb.c.o
                0x0000000008005474                USB_DevConnect
 .text.USB_DevDisconnect
                0x000000000800548e       0x1a src/driver/CMakeFiles/driver.dir/stm32h7xx_ll_usb.c.o
                0x000000000800548e                USB_DevDisconnect
 .text.USB_ReadInterrupts
                0x00000000080054a8        0x8 src/driver/CMakeFiles/driver.dir/stm32h7xx_ll_usb.c.o
                0x00000000080054a8                USB_ReadInterrupts
 .text.USB_ReadDevAllOutEpInterrupt
                0x00000000080054b0        0xe src/driver/CMakeFiles/driver.dir/stm32h7xx_ll_usb.c.o
                0x00000000080054b0                USB_ReadDevAllOutEpInterrupt
 .text.USB_ReadDevAllInEpInterrupt
                0x00000000080054be        0xe src/driver/CMakeFiles/driver.dir/stm32h7xx_ll_usb.c.o
                0x00000000080054be                USB_ReadDevAllInEpInterrupt
 .text.USB_ReadDevOutEPInterrupt
                0x00000000080054cc       0x10 src/driver/CMakeFiles/driver.dir/stm32h7xx_ll_usb.c.o
                0x00000000080054cc                USB_ReadDevOutEPInterrupt
 .text.USB_ReadDevInEPInterrupt
                0x00000000080054dc       0x24 src/driver/CMakeFiles/driver.dir/stm32h7xx_ll_usb.c.o
                0x00000000080054dc                USB_ReadDevInEPInterrupt
 .text.USB_GetMode
                0x0000000008005500        0x8 src/driver/CMakeFiles/driver.dir/stm32h7xx_ll_usb.c.o
                0x0000000008005500                USB_GetMode
 .text.USB_ActivateSetup
                0x0000000008005508       0x36 src/driver/CMakeFiles/driver.dir/stm32h7xx_ll_usb.c.o
                0x0000000008005508                USB_ActivateSetup
 .text.USB_EP0_OutStart
                0x000000000800553e       0x5a src/driver/CMakeFiles/driver.dir/stm32h7xx_ll_usb.c.o
                0x000000000800553e                USB_EP0_OutStart
 .text.HAL_PWREx_EnableUSBVoltageDetector
                0x0000000008005598       0x12 src/driver/CMakeFiles/driver.dir/stm32h7xx_hal_pwr_ex.c.o
                0x0000000008005598                HAL_PWREx_EnableUSBVoltageDetector
 .text.main     0x00000000080055aa       0x64 src/User/CMakeFiles/user.dir/main.c.o
                0x00000000080055aa                main
 .text.rt_hw_stack_init
                0x000000000800560e       0x48 src/rtos/cortex-m7/CMakeFiles/cortex-m7.dir/cpuport.c.o
                0x000000000800560e                rt_hw_stack_init
 .text.rt_hw_hard_fault_exception
                0x0000000008005656      0x140 src/rtos/cortex-m7/CMakeFiles/cortex-m7.dir/cpuport.c.o
                0x0000000008005656                rt_hw_hard_fault_exception
 .text.hard_fault_track
                0x0000000008005796       0x62 src/rtos/cortex-m7/CMakeFiles/cortex-m7.dir/cpuport.c.o
 .text.bus_fault_track
                0x00000000080057f8       0xae src/rtos/cortex-m7/CMakeFiles/cortex-m7.dir/cpuport.c.o
 .text.mem_manage_fault_track
                0x00000000080058a6       0x9a src/rtos/cortex-m7/CMakeFiles/cortex-m7.dir/cpuport.c.o
 .text.usage_fault_track
                0x0000000008005940       0xa2 src/rtos/cortex-m7/CMakeFiles/cortex-m7.dir/cpuport.c.o
 .text.rt_tick_get
                0x00000000080059e2        0xc src/rtos/src/CMakeFiles/rtossrc.dir/clock.c.o
                0x00000000080059e2                rt_tick_get
 .text.rt_tick_increase
                0x00000000080059ee       0x36 src/rtos/src/CMakeFiles/rtossrc.dir/clock.c.o
                0x00000000080059ee                rt_tick_increase
 .text.rt_tick_from_millisecond
                0x0000000008005a24       0x34 src/rtos/src/CMakeFiles/rtossrc.dir/clock.c.o
                0x0000000008005a24                rt_tick_from_millisecond
 .text.rti_start
                0x0000000008005a58        0x4 src/rtos/src/CMakeFiles/rtossrc.dir/components.c.o
 .text.rti_board_start
                0x0000000008005a5c        0x4 src/rtos/src/CMakeFiles/rtossrc.dir/components.c.o
 .text.rti_board_end
                0x0000000008005a60        0x4 src/rtos/src/CMakeFiles/rtossrc.dir/components.c.o
 .text.rti_end  0x0000000008005a64        0x4 src/rtos/src/CMakeFiles/rtossrc.dir/components.c.o
 .text.rt_components_board_init
                0x0000000008005a68       0x2e src/rtos/src/CMakeFiles/rtossrc.dir/components.c.o
                0x0000000008005a68                rt_components_board_init
 .text.rt_components_init
                0x0000000008005a96       0x2e src/rtos/src/CMakeFiles/rtossrc.dir/components.c.o
                0x0000000008005a96                rt_components_init
 .text.entry    0x0000000008005ac4        0xc src/rtos/src/CMakeFiles/rtossrc.dir/components.c.o
                0x0000000008005ac4                entry
 .text.rtthread_startup
                0x0000000008005ad0       0x2c src/rtos/src/CMakeFiles/rtossrc.dir/components.c.o
                0x0000000008005ad0                rtthread_startup
 .text.main_thread_entry
                0x0000000008005afc       0x10 src/rtos/src/CMakeFiles/rtossrc.dir/components.c.o
                0x0000000008005afc                main_thread_entry
 .text.rt_application_init
                0x0000000008005b0c       0x4a src/rtos/src/CMakeFiles/rtossrc.dir/components.c.o
                0x0000000008005b0c                rt_application_init
 .text.rt_thread_idle_excute
                0x0000000008005b56       0x78 src/rtos/src/CMakeFiles/rtossrc.dir/idle.c.o
                0x0000000008005b56                rt_thread_idle_excute
 .text._has_defunct_thread
                0x0000000008005bce       0x12 src/rtos/src/CMakeFiles/rtossrc.dir/idle.c.o
 .text.rt_list_remove
                0x0000000008005be0       0x12 src/rtos/src/CMakeFiles/rtossrc.dir/idle.c.o
 .text.rt_thread_idle_init
                0x0000000008005bf2       0x48 src/rtos/src/CMakeFiles/rtossrc.dir/idle.c.o
                0x0000000008005bf2                rt_thread_idle_init
 .text.rt_thread_idle_entry
                0x0000000008005c3a        0xa src/rtos/src/CMakeFiles/rtossrc.dir/idle.c.o
 .text.rt_sem_init
                0x0000000008005c44       0x28 src/rtos/src/CMakeFiles/rtossrc.dir/ipc.c.o
                0x0000000008005c44                rt_sem_init
 .text.rt_ipc_object_init
                0x0000000008005c6c        0x6 src/rtos/src/CMakeFiles/rtossrc.dir/ipc.c.o
 .text.rt_list_init
                0x0000000008005c72        0x6 src/rtos/src/CMakeFiles/rtossrc.dir/ipc.c.o
 .text.rt_interrupt_enter
                0x0000000008005c78       0x1e src/rtos/src/CMakeFiles/rtossrc.dir/irq.c.o
                0x0000000008005c78                rt_interrupt_enter
 .text.rt_interrupt_leave
                0x0000000008005c96       0x1e src/rtos/src/CMakeFiles/rtossrc.dir/irq.c.o
                0x0000000008005c96                rt_interrupt_leave
 .text.rt_memset
                0x0000000008005cb4       0x6a src/rtos/src/CMakeFiles/rtossrc.dir/kservice.c.o
                0x0000000008005cb4                rt_memset
 .text.rt_memmove
                0x0000000008005d1e       0x38 src/rtos/src/CMakeFiles/rtossrc.dir/kservice.c.o
                0x0000000008005d1e                rt_memmove
 .text.rt_strlen
                0x0000000008005d56        0xe src/rtos/src/CMakeFiles/rtossrc.dir/kservice.c.o
                0x0000000008005d56                rt_strlen
 .text.rt_strncpy
                0x0000000008005d64       0x32 src/rtos/src/CMakeFiles/rtossrc.dir/kservice.c.o
                0x0000000008005d64                rt_strncpy
 .text.rt_show_version
                0x0000000008005d96       0x4c src/rtos/src/CMakeFiles/rtossrc.dir/kservice.c.o
                0x0000000008005d96                rt_show_version
 .text.rt_kprintf
                0x0000000008005de2       0x38 src/rtos/src/CMakeFiles/rtossrc.dir/kservice.c.o
                0x0000000008005de2                rt_kprintf
 *fill*         0x0000000008005e1a        0x2 
 .text.rt_vsnprintf
                0x0000000008005e1c      0x370 src/rtos/src/CMakeFiles/rtossrc.dir/kservice.c.o
                0x0000000008005e1c                rt_vsnprintf
 .text.skip_atoi
                0x000000000800618c       0x40 src/rtos/src/CMakeFiles/rtossrc.dir/kservice.c.o
 .text.print_number
                0x00000000080061cc      0x188 src/rtos/src/CMakeFiles/rtossrc.dir/kservice.c.o
 .text.rt_hw_console_output
                0x0000000008006354       0x34 src/rtos/src/CMakeFiles/rtossrc.dir/kservice.c.o
                0x0000000008006354                rt_hw_console_output
 .text.__rt_ffs
                0x0000000008006388       0x3a src/rtos/src/CMakeFiles/rtossrc.dir/kservice.c.o
                0x0000000008006388                __rt_ffs
 .text.divide   0x00000000080063c2       0x2a src/rtos/src/CMakeFiles/rtossrc.dir/kservice.c.o
 .text.rt_object_get_information
                0x00000000080063ec       0x20 src/rtos/src/CMakeFiles/rtossrc.dir/object.c.o
                0x00000000080063ec                rt_object_get_information
 .text.rt_object_init
                0x000000000800640c       0x56 src/rtos/src/CMakeFiles/rtossrc.dir/object.c.o
                0x000000000800640c                rt_object_init
 .text.rt_list_insert_after
                0x0000000008006462        0xe src/rtos/src/CMakeFiles/rtossrc.dir/object.c.o
 .text.rt_object_detach
                0x0000000008006470       0x22 src/rtos/src/CMakeFiles/rtossrc.dir/object.c.o
                0x0000000008006470                rt_object_detach
 .text.rt_list_remove
                0x0000000008006492       0x12 src/rtos/src/CMakeFiles/rtossrc.dir/object.c.o
 .text.rt_object_is_systemobject
                0x00000000080064a4        0x6 src/rtos/src/CMakeFiles/rtossrc.dir/object.c.o
                0x00000000080064a4                rt_object_is_systemobject
 .text.rt_system_scheduler_init
                0x00000000080064aa       0x56 src/rtos/src/CMakeFiles/rtossrc.dir/scheduler.c.o
                0x00000000080064aa                rt_system_scheduler_init
 .text.rt_list_init
                0x0000000008006500        0x6 src/rtos/src/CMakeFiles/rtossrc.dir/scheduler.c.o
 .text.rt_system_scheduler_start
                0x0000000008006506       0x3a src/rtos/src/CMakeFiles/rtossrc.dir/scheduler.c.o
                0x0000000008006506                rt_system_scheduler_start
 .text.rt_schedule
                0x0000000008006540       0x7c src/rtos/src/CMakeFiles/rtossrc.dir/scheduler.c.o
                0x0000000008006540                rt_schedule
 .text.rt_schedule_insert_thread
                0x00000000080065bc       0x4c src/rtos/src/CMakeFiles/rtossrc.dir/scheduler.c.o
                0x00000000080065bc                rt_schedule_insert_thread
 .text.rt_list_insert_before
                0x0000000008006608        0xe src/rtos/src/CMakeFiles/rtossrc.dir/scheduler.c.o
 .text.rt_schedule_remove_thread
                0x0000000008006616       0x46 src/rtos/src/CMakeFiles/rtossrc.dir/scheduler.c.o
                0x0000000008006616                rt_schedule_remove_thread
 .text.rt_list_remove
                0x000000000800665c       0x12 src/rtos/src/CMakeFiles/rtossrc.dir/scheduler.c.o
 .text.rt_list_isempty
                0x000000000800666e        0xc src/rtos/src/CMakeFiles/rtossrc.dir/scheduler.c.o
 .text.rt_enter_critical
                0x000000000800667a       0x1e src/rtos/src/CMakeFiles/rtossrc.dir/scheduler.c.o
                0x000000000800667a                rt_enter_critical
 .text.rt_exit_critical
                0x0000000008006698       0x44 src/rtos/src/CMakeFiles/rtossrc.dir/scheduler.c.o
                0x0000000008006698                rt_exit_critical
 .text.rt_thread_exit
                0x00000000080066dc       0x56 src/rtos/src/CMakeFiles/rtossrc.dir/thread.c.o
                0x00000000080066dc                rt_thread_exit
 .text.rt_list_insert_after
                0x0000000008006732       0x14 src/rtos/src/CMakeFiles/rtossrc.dir/thread.c.o
 .text.rt_thread_init
                0x0000000008006746       0x3a src/rtos/src/CMakeFiles/rtossrc.dir/thread.c.o
                0x0000000008006746                rt_thread_init
 .text._rt_thread_init
                0x0000000008006780       0x80 src/rtos/src/CMakeFiles/rtossrc.dir/thread.c.o
 .text.rt_thread_self
                0x0000000008006800        0xc src/rtos/src/CMakeFiles/rtossrc.dir/thread.c.o
                0x0000000008006800                rt_thread_self
 .text.rt_thread_startup
                0x000000000800680c       0x2e src/rtos/src/CMakeFiles/rtossrc.dir/thread.c.o
                0x000000000800680c                rt_thread_startup
 .text.rt_thread_resume
                0x000000000800683a       0x3e src/rtos/src/CMakeFiles/rtossrc.dir/thread.c.o
                0x000000000800683a                rt_thread_resume
 .text.rt_thread_yield
                0x0000000008006878       0x66 src/rtos/src/CMakeFiles/rtossrc.dir/thread.c.o
                0x0000000008006878                rt_thread_yield
 .text.rt_list_remove
                0x00000000080068de       0x12 src/rtos/src/CMakeFiles/rtossrc.dir/thread.c.o
 .text.rt_list_insert_before
                0x00000000080068f0        0xe src/rtos/src/CMakeFiles/rtossrc.dir/thread.c.o
 .text.rt_thread_sleep
                0x00000000080068fe       0x58 src/rtos/src/CMakeFiles/rtossrc.dir/thread.c.o
                0x00000000080068fe                rt_thread_sleep
 .text.rt_thread_suspend
                0x0000000008006956       0x44 src/rtos/src/CMakeFiles/rtossrc.dir/thread.c.o
                0x0000000008006956                rt_thread_suspend
 .text.rt_thread_delay
                0x000000000800699a        0xc src/rtos/src/CMakeFiles/rtossrc.dir/thread.c.o
                0x000000000800699a                rt_thread_delay
 .text.rt_thread_mdelay
                0x00000000080069a6       0x10 src/rtos/src/CMakeFiles/rtossrc.dir/thread.c.o
                0x00000000080069a6                rt_thread_mdelay
 .text.rt_thread_timeout
                0x00000000080069b6       0x22 src/rtos/src/CMakeFiles/rtossrc.dir/thread.c.o
                0x00000000080069b6                rt_thread_timeout
 .text.rt_list_init
                0x00000000080069d8        0x6 src/rtos/src/CMakeFiles/rtossrc.dir/thread.c.o
 .text.rt_timer_init
                0x00000000080069de       0x30 src/rtos/src/CMakeFiles/rtossrc.dir/timer.c.o
                0x00000000080069de                rt_timer_init
 .text._rt_timer_init
                0x0000000008006a0e       0x1c src/rtos/src/CMakeFiles/rtossrc.dir/timer.c.o
 .text.rt_timer_detach
                0x0000000008006a2a       0x22 src/rtos/src/CMakeFiles/rtossrc.dir/timer.c.o
                0x0000000008006a2a                rt_timer_detach
 .text._rt_timer_remove
                0x0000000008006a4c        0x6 src/rtos/src/CMakeFiles/rtossrc.dir/timer.c.o
 .text.rt_timer_start
                0x0000000008006a52       0x90 src/rtos/src/CMakeFiles/rtossrc.dir/timer.c.o
                0x0000000008006a52                rt_timer_start
 .text.rt_list_insert_after
                0x0000000008006ae2        0xe src/rtos/src/CMakeFiles/rtossrc.dir/timer.c.o
 .text.rt_timer_stop
                0x0000000008006af0       0x30 src/rtos/src/CMakeFiles/rtossrc.dir/timer.c.o
                0x0000000008006af0                rt_timer_stop
 .text.rt_timer_control
                0x0000000008006b20       0x30 src/rtos/src/CMakeFiles/rtossrc.dir/timer.c.o
                0x0000000008006b20                rt_timer_control
 .text.rt_timer_check
                0x0000000008006b50       0x7c src/rtos/src/CMakeFiles/rtossrc.dir/timer.c.o
                0x0000000008006b50                rt_timer_check
 .text.rt_list_isempty
                0x0000000008006bcc       0x14 src/rtos/src/CMakeFiles/rtossrc.dir/timer.c.o
 .text.rt_system_timer_init
                0x0000000008006be0        0xc src/rtos/src/CMakeFiles/rtossrc.dir/timer.c.o
                0x0000000008006be0                rt_system_timer_init
 .text.rt_list_init
                0x0000000008006bec        0x6 src/rtos/src/CMakeFiles/rtossrc.dir/timer.c.o
 .text.rt_system_timer_thread_init
                0x0000000008006bf2        0x2 src/rtos/src/CMakeFiles/rtossrc.dir/timer.c.o
                0x0000000008006bf2                rt_system_timer_thread_init
 .text.rt_list_remove
                0x0000000008006bf4       0x12 src/rtos/src/CMakeFiles/rtossrc.dir/timer.c.o
 .text.hello    0x0000000008006c06       0x14 src/components/finsh/CMakeFiles/finsh.dir/cmd.c.o
                0x0000000008006c06                hello
 .text.version  0x0000000008006c1a        0xc src/components/finsh/CMakeFiles/finsh.dir/cmd.c.o
                0x0000000008006c1a                version
 .text.list_thread
                0x0000000008006c26      0x10e src/components/finsh/CMakeFiles/finsh.dir/cmd.c.o
                0x0000000008006c26                list_thread
 .text.list_find_init
                0x0000000008006d34       0x2a src/components/finsh/CMakeFiles/finsh.dir/cmd.c.o
 .text.object_split
                0x0000000008006d5e       0x1c src/components/finsh/CMakeFiles/finsh.dir/cmd.c.o
 .text.list_get_next
                0x0000000008006d7a       0x6e src/components/finsh/CMakeFiles/finsh.dir/cmd.c.o
 .text.list_sem
                0x0000000008006de8       0xfa src/components/finsh/CMakeFiles/finsh.dir/cmd.c.o
                0x0000000008006de8                list_sem
 .text.rt_list_isempty
                0x0000000008006ee2        0xc src/components/finsh/CMakeFiles/finsh.dir/cmd.c.o
 .text.rt_list_len
                0x0000000008006eee       0x12 src/components/finsh/CMakeFiles/finsh.dir/cmd.c.o
 .text.show_wait_queue
                0x0000000008006f00       0x42 src/components/finsh/CMakeFiles/finsh.dir/cmd.c.o
 .text.list_mailbox
                0x0000000008006f42      0x100 src/components/finsh/CMakeFiles/finsh.dir/cmd.c.o
                0x0000000008006f42                list_mailbox
 .text.list_timer
                0x0000000008007042       0xd6 src/components/finsh/CMakeFiles/finsh.dir/cmd.c.o
                0x0000000008007042                list_timer
 .text.list     0x0000000008007118       0x6e src/components/finsh/CMakeFiles/finsh.dir/cmd.c.o
                0x0000000008007118                list
 .text.msh_is_used
                0x0000000008007186        0x4 src/components/finsh/CMakeFiles/finsh.dir/msh.c.o
                0x0000000008007186                msh_is_used
 .text.msh_help
                0x000000000800718a       0x7a src/components/finsh/CMakeFiles/finsh.dir/msh.c.o
                0x000000000800718a                msh_help
 .text.cmd_ps   0x0000000008007204        0xc src/components/finsh/CMakeFiles/finsh.dir/msh.c.o
                0x0000000008007204                cmd_ps
 .text.msh_exec
                0x0000000008007210       0x5a src/components/finsh/CMakeFiles/finsh.dir/msh.c.o
                0x0000000008007210                msh_exec
 .text._msh_exec_cmd
                0x000000000800726a       0x66 src/components/finsh/CMakeFiles/finsh.dir/msh.c.o
 .text.msh_auto_complete
                0x00000000080072d0       0xdc src/components/finsh/CMakeFiles/finsh.dir/msh.c.o
                0x00000000080072d0                msh_auto_complete
 .text.str_common
                0x00000000080073ac       0x24 src/components/finsh/CMakeFiles/finsh.dir/msh.c.o
 .text.msh_get_cmd
                0x00000000080073d0       0x70 src/components/finsh/CMakeFiles/finsh.dir/msh.c.o
 .text.msh_split
                0x0000000008007440       0xfc src/components/finsh/CMakeFiles/finsh.dir/msh.c.o
 .text.finsh_get_prompt
                0x000000000800753c       0x70 src/components/finsh/CMakeFiles/finsh.dir/shell.c.o
                0x000000000800753c                finsh_get_prompt
 .text.finsh_set_prompt_mode
                0x00000000080075ac       0x20 src/components/finsh/CMakeFiles/finsh.dir/shell.c.o
                0x00000000080075ac                finsh_set_prompt_mode
 .text.finsh_thread_entry
                0x00000000080075cc      0x3b2 src/components/finsh/CMakeFiles/finsh.dir/shell.c.o
                0x00000000080075cc                finsh_thread_entry
 .text.finsh_getchar
                0x000000000800797e        0xa src/components/finsh/CMakeFiles/finsh.dir/shell.c.o
 .text.shell_handle_history
                0x0000000008007988       0x32 src/components/finsh/CMakeFiles/finsh.dir/shell.c.o
 .text.shell_auto_complete
                0x00000000080079ba       0x3e src/components/finsh/CMakeFiles/finsh.dir/shell.c.o
 .text.shell_push_history
                0x00000000080079f8       0xac src/components/finsh/CMakeFiles/finsh.dir/shell.c.o
 .text.finsh_system_function_init
                0x0000000008007aa4       0x16 src/components/finsh/CMakeFiles/finsh.dir/shell.c.o
                0x0000000008007aa4                finsh_system_function_init
 .text.finsh_system_var_init
                0x0000000008007aba       0x16 src/components/finsh/CMakeFiles/finsh.dir/shell.c.o
                0x0000000008007aba                finsh_system_var_init
 .text.finsh_system_init
                0x0000000008007ad0       0xa4 src/components/finsh/CMakeFiles/finsh.dir/shell.c.o
                0x0000000008007ad0                finsh_system_init
 .text.USBD_Init
                0x0000000008007b74       0x32 src/STM32_USB_Device_Library/CMakeFiles/usb.dir/Core/Src/usbd_core.c.o
                0x0000000008007b74                USBD_Init
 .text.USBD_RegisterClass
                0x0000000008007ba6        0xe src/STM32_USB_Device_Library/CMakeFiles/usb.dir/Core/Src/usbd_core.c.o
                0x0000000008007ba6                USBD_RegisterClass
 .text.USBD_Start
                0x0000000008007bb4        0xc src/STM32_USB_Device_Library/CMakeFiles/usb.dir/Core/Src/usbd_core.c.o
                0x0000000008007bb4                USBD_Start
 .text.USBD_SetClassConfig
                0x0000000008007bc0       0x1e src/STM32_USB_Device_Library/CMakeFiles/usb.dir/Core/Src/usbd_core.c.o
                0x0000000008007bc0                USBD_SetClassConfig
 .text.USBD_ClrClassConfig
                0x0000000008007bde       0x10 src/STM32_USB_Device_Library/CMakeFiles/usb.dir/Core/Src/usbd_core.c.o
                0x0000000008007bde                USBD_ClrClassConfig
 .text.USBD_LL_SetupStage
                0x0000000008007bee       0x5e src/STM32_USB_Device_Library/CMakeFiles/usb.dir/Core/Src/usbd_core.c.o
                0x0000000008007bee                USBD_LL_SetupStage
 .text.USBD_LL_DataOutStage
                0x0000000008007c4c       0x90 src/STM32_USB_Device_Library/CMakeFiles/usb.dir/Core/Src/usbd_core.c.o
                0x0000000008007c4c                USBD_LL_DataOutStage
 .text.USBD_LL_DataInStage
                0x0000000008007cdc       0xc2 src/STM32_USB_Device_Library/CMakeFiles/usb.dir/Core/Src/usbd_core.c.o
                0x0000000008007cdc                USBD_LL_DataInStage
 .text.USBD_LL_Reset
                0x0000000008007d9e       0x5e src/STM32_USB_Device_Library/CMakeFiles/usb.dir/Core/Src/usbd_core.c.o
                0x0000000008007d9e                USBD_LL_Reset
 .text.USBD_LL_SetSpeed
                0x0000000008007dfc        0x6 src/STM32_USB_Device_Library/CMakeFiles/usb.dir/Core/Src/usbd_core.c.o
                0x0000000008007dfc                USBD_LL_SetSpeed
 .text.USBD_LL_Suspend
                0x0000000008007e02       0x12 src/STM32_USB_Device_Library/CMakeFiles/usb.dir/Core/Src/usbd_core.c.o
                0x0000000008007e02                USBD_LL_Suspend
 .text.USBD_LL_Resume
                0x0000000008007e14       0x14 src/STM32_USB_Device_Library/CMakeFiles/usb.dir/Core/Src/usbd_core.c.o
                0x0000000008007e14                USBD_LL_Resume
 .text.USBD_LL_SOF
                0x0000000008007e28       0x1c src/STM32_USB_Device_Library/CMakeFiles/usb.dir/Core/Src/usbd_core.c.o
                0x0000000008007e28                USBD_LL_SOF
 .text.USBD_LL_IsoINIncomplete
                0x0000000008007e44        0x4 src/STM32_USB_Device_Library/CMakeFiles/usb.dir/Core/Src/usbd_core.c.o
                0x0000000008007e44                USBD_LL_IsoINIncomplete
 .text.USBD_LL_IsoOUTIncomplete
                0x0000000008007e48        0x4 src/STM32_USB_Device_Library/CMakeFiles/usb.dir/Core/Src/usbd_core.c.o
                0x0000000008007e48                USBD_LL_IsoOUTIncomplete
 .text.USBD_LL_DevConnected
                0x0000000008007e4c        0x4 src/STM32_USB_Device_Library/CMakeFiles/usb.dir/Core/Src/usbd_core.c.o
                0x0000000008007e4c                USBD_LL_DevConnected
 .text.USBD_LL_DevDisconnected
                0x0000000008007e50       0x18 src/STM32_USB_Device_Library/CMakeFiles/usb.dir/Core/Src/usbd_core.c.o
                0x0000000008007e50                USBD_LL_DevDisconnected
 .text.USBD_StdDevReq
                0x0000000008007e68       0x74 src/STM32_USB_Device_Library/CMakeFiles/usb.dir/Core/Src/usbd_ctlreq.c.o
                0x0000000008007e68                USBD_StdDevReq
 .text.USBD_GetDescriptor
                0x0000000008007edc      0x10a src/STM32_USB_Device_Library/CMakeFiles/usb.dir/Core/Src/usbd_ctlreq.c.o
 .text.USBD_SetAddress
                0x0000000008007fe6       0x4a src/STM32_USB_Device_Library/CMakeFiles/usb.dir/Core/Src/usbd_ctlreq.c.o
 .text.USBD_SetConfig
                0x0000000008008030       0x82 src/STM32_USB_Device_Library/CMakeFiles/usb.dir/Core/Src/usbd_ctlreq.c.o
 .text.USBD_GetConfig
                0x00000000080080b2       0x32 src/STM32_USB_Device_Library/CMakeFiles/usb.dir/Core/Src/usbd_ctlreq.c.o
 .text.USBD_GetStatus
                0x00000000080080e4       0x30 src/STM32_USB_Device_Library/CMakeFiles/usb.dir/Core/Src/usbd_ctlreq.c.o
 .text.USBD_SetFeature
                0x0000000008008114       0x12 src/STM32_USB_Device_Library/CMakeFiles/usb.dir/Core/Src/usbd_ctlreq.c.o
 .text.USBD_ClrFeature
                0x0000000008008126       0x20 src/STM32_USB_Device_Library/CMakeFiles/usb.dir/Core/Src/usbd_ctlreq.c.o
 .text.USBD_CtlError
                0x0000000008008146       0x18 src/STM32_USB_Device_Library/CMakeFiles/usb.dir/Core/Src/usbd_ctlreq.c.o
                0x0000000008008146                USBD_CtlError
 .text.USBD_StdItfReq
                0x000000000800815e       0x58 src/STM32_USB_Device_Library/CMakeFiles/usb.dir/Core/Src/usbd_ctlreq.c.o
                0x000000000800815e                USBD_StdItfReq
 .text.USBD_StdEPReq
                0x00000000080081b6      0x146 src/STM32_USB_Device_Library/CMakeFiles/usb.dir/Core/Src/usbd_ctlreq.c.o
                0x00000000080081b6                USBD_StdEPReq
 .text.USBD_ParseSetupRequest
                0x00000000080082fc       0x28 src/STM32_USB_Device_Library/CMakeFiles/usb.dir/Core/Src/usbd_ctlreq.c.o
                0x00000000080082fc                USBD_ParseSetupRequest
 .text.USBD_GetString
                0x0000000008008324       0x48 src/STM32_USB_Device_Library/CMakeFiles/usb.dir/Core/Src/usbd_ctlreq.c.o
                0x0000000008008324                USBD_GetString
 .text.USBD_GetLen
                0x000000000800836c       0x1e src/STM32_USB_Device_Library/CMakeFiles/usb.dir/Core/Src/usbd_ctlreq.c.o
 .text.USBD_CtlSendData
                0x000000000800838a       0x1c src/STM32_USB_Device_Library/CMakeFiles/usb.dir/Core/Src/usbd_ioreq.c.o
                0x000000000800838a                USBD_CtlSendData
 .text.USBD_CtlContinueSendData
                0x00000000080083a6       0x12 src/STM32_USB_Device_Library/CMakeFiles/usb.dir/Core/Src/usbd_ioreq.c.o
                0x00000000080083a6                USBD_CtlContinueSendData
 .text.USBD_CtlContinueRx
                0x00000000080083b8       0x12 src/STM32_USB_Device_Library/CMakeFiles/usb.dir/Core/Src/usbd_ioreq.c.o
                0x00000000080083b8                USBD_CtlContinueRx
 .text.USBD_CtlSendStatus
                0x00000000080083ca       0x18 src/STM32_USB_Device_Library/CMakeFiles/usb.dir/Core/Src/usbd_ioreq.c.o
                0x00000000080083ca                USBD_CtlSendStatus
 .text.USBD_CtlReceiveStatus
                0x00000000080083e2       0x18 src/STM32_USB_Device_Library/CMakeFiles/usb.dir/Core/Src/usbd_ioreq.c.o
                0x00000000080083e2                USBD_CtlReceiveStatus
 .text.MX_USB_DEVICE_Init
                0x00000000080083fa       0x72 src/STM32_USB_Device_Library/CMakeFiles/usb.dir/Core/Src/usb_device.c.o
                0x00000000080083fa                MX_USB_DEVICE_Init
 .text.HAL_PCD_MspInit
                0x000000000800846c       0xb0 src/STM32_USB_Device_Library/CMakeFiles/usb.dir/Core/Src/usbd_conf.c.o
                0x000000000800846c                HAL_PCD_MspInit
 .text.HAL_PCD_SetupStageCallback
                0x000000000800851c        0xe src/STM32_USB_Device_Library/CMakeFiles/usb.dir/Core/Src/usbd_conf.c.o
                0x000000000800851c                HAL_PCD_SetupStageCallback
 .text.HAL_PCD_DataOutStageCallback
                0x000000000800852a       0x14 src/STM32_USB_Device_Library/CMakeFiles/usb.dir/Core/Src/usbd_conf.c.o
                0x000000000800852a                HAL_PCD_DataOutStageCallback
 .text.HAL_PCD_DataInStageCallback
                0x000000000800853e       0x12 src/STM32_USB_Device_Library/CMakeFiles/usb.dir/Core/Src/usbd_conf.c.o
                0x000000000800853e                HAL_PCD_DataInStageCallback
 .text.HAL_PCD_SOFCallback
                0x0000000008008550        0x8 src/STM32_USB_Device_Library/CMakeFiles/usb.dir/Core/Src/usbd_conf.c.o
                0x0000000008008550                HAL_PCD_SOFCallback
 .text.HAL_PCD_ResetCallback
                0x0000000008008558       0x36 src/STM32_USB_Device_Library/CMakeFiles/usb.dir/Core/Src/usbd_conf.c.o
                0x0000000008008558                HAL_PCD_ResetCallback
 .text.HAL_PCD_SuspendCallback
                0x000000000800858e       0x36 src/STM32_USB_Device_Library/CMakeFiles/usb.dir/Core/Src/usbd_conf.c.o
                0x000000000800858e                HAL_PCD_SuspendCallback
 .text.HAL_PCD_ResumeCallback
                0x00000000080085c4        0x8 src/STM32_USB_Device_Library/CMakeFiles/usb.dir/Core/Src/usbd_conf.c.o
                0x00000000080085c4                HAL_PCD_ResumeCallback
 .text.HAL_PCD_ISOOUTIncompleteCallback
                0x00000000080085cc        0x8 src/STM32_USB_Device_Library/CMakeFiles/usb.dir/Core/Src/usbd_conf.c.o
                0x00000000080085cc                HAL_PCD_ISOOUTIncompleteCallback
 .text.HAL_PCD_ISOINIncompleteCallback
                0x00000000080085d4        0x8 src/STM32_USB_Device_Library/CMakeFiles/usb.dir/Core/Src/usbd_conf.c.o
                0x00000000080085d4                HAL_PCD_ISOINIncompleteCallback
 .text.HAL_PCD_ConnectCallback
                0x00000000080085dc        0x8 src/STM32_USB_Device_Library/CMakeFiles/usb.dir/Core/Src/usbd_conf.c.o
                0x00000000080085dc                HAL_PCD_ConnectCallback
 .text.HAL_PCD_DisconnectCallback
                0x00000000080085e4        0x8 src/STM32_USB_Device_Library/CMakeFiles/usb.dir/Core/Src/usbd_conf.c.o
                0x00000000080085e4                HAL_PCD_DisconnectCallback
 .text.USBD_LL_Init
                0x00000000080085ec       0x7e src/STM32_USB_Device_Library/CMakeFiles/usb.dir/Core/Src/usbd_conf.c.o
                0x00000000080085ec                USBD_LL_Init
 .text.USBD_Get_USB_Status
                0x000000000800866a       0x1a src/STM32_USB_Device_Library/CMakeFiles/usb.dir/Core/Src/usbd_conf.c.o
                0x000000000800866a                USBD_Get_USB_Status
 .text.USBD_LL_Start
                0x0000000008008684       0x14 src/STM32_USB_Device_Library/CMakeFiles/usb.dir/Core/Src/usbd_conf.c.o
                0x0000000008008684                USBD_LL_Start
 .text.USBD_LL_OpenEP
                0x0000000008008698       0x1a src/STM32_USB_Device_Library/CMakeFiles/usb.dir/Core/Src/usbd_conf.c.o
                0x0000000008008698                USBD_LL_OpenEP
 .text.USBD_LL_CloseEP
                0x00000000080086b2       0x14 src/STM32_USB_Device_Library/CMakeFiles/usb.dir/Core/Src/usbd_conf.c.o
                0x00000000080086b2                USBD_LL_CloseEP
 .text.USBD_LL_StallEP
                0x00000000080086c6       0x14 src/STM32_USB_Device_Library/CMakeFiles/usb.dir/Core/Src/usbd_conf.c.o
                0x00000000080086c6                USBD_LL_StallEP
 .text.USBD_LL_ClearStallEP
                0x00000000080086da       0x14 src/STM32_USB_Device_Library/CMakeFiles/usb.dir/Core/Src/usbd_conf.c.o
                0x00000000080086da                USBD_LL_ClearStallEP
 .text.USBD_LL_IsStallEP
                0x00000000080086ee       0x20 src/STM32_USB_Device_Library/CMakeFiles/usb.dir/Core/Src/usbd_conf.c.o
                0x00000000080086ee                USBD_LL_IsStallEP
 .text.USBD_LL_SetUSBAddress
                0x000000000800870e       0x14 src/STM32_USB_Device_Library/CMakeFiles/usb.dir/Core/Src/usbd_conf.c.o
                0x000000000800870e                USBD_LL_SetUSBAddress
 .text.USBD_LL_Transmit
                0x0000000008008722       0x14 src/STM32_USB_Device_Library/CMakeFiles/usb.dir/Core/Src/usbd_conf.c.o
                0x0000000008008722                USBD_LL_Transmit
 .text.USBD_LL_PrepareReceive
                0x0000000008008736       0x14 src/STM32_USB_Device_Library/CMakeFiles/usb.dir/Core/Src/usbd_conf.c.o
                0x0000000008008736                USBD_LL_PrepareReceive
 .text.USBD_FS_DeviceDescriptor
                0x000000000800874a        0xe src/STM32_USB_Device_Library/CMakeFiles/usb.dir/Core/Src/usbd_desc.c.o
                0x000000000800874a                USBD_FS_DeviceDescriptor
 .text.USBD_FS_LangIDStrDescriptor
                0x0000000008008758        0xe src/STM32_USB_Device_Library/CMakeFiles/usb.dir/Core/Src/usbd_desc.c.o
                0x0000000008008758                USBD_FS_LangIDStrDescriptor
 .text.USBD_FS_ManufacturerStrDescriptor
                0x0000000008008766       0x20 src/STM32_USB_Device_Library/CMakeFiles/usb.dir/Core/Src/usbd_desc.c.o
                0x0000000008008766                USBD_FS_ManufacturerStrDescriptor
 .text.USBD_FS_ProductStrDescriptor
                0x0000000008008786       0x20 src/STM32_USB_Device_Library/CMakeFiles/usb.dir/Core/Src/usbd_desc.c.o
                0x0000000008008786                USBD_FS_ProductStrDescriptor
 .text.USBD_FS_SerialStrDescriptor
                0x00000000080087a6       0x16 src/STM32_USB_Device_Library/CMakeFiles/usb.dir/Core/Src/usbd_desc.c.o
                0x00000000080087a6                USBD_FS_SerialStrDescriptor
 .text.USBD_FS_ConfigStrDescriptor
                0x00000000080087bc       0x20 src/STM32_USB_Device_Library/CMakeFiles/usb.dir/Core/Src/usbd_desc.c.o
                0x00000000080087bc                USBD_FS_ConfigStrDescriptor
 .text.USBD_FS_InterfaceStrDescriptor
                0x00000000080087dc       0x20 src/STM32_USB_Device_Library/CMakeFiles/usb.dir/Core/Src/usbd_desc.c.o
                0x00000000080087dc                USBD_FS_InterfaceStrDescriptor
 .text.Get_SerialNum
                0x00000000080087fc       0x38 src/STM32_USB_Device_Library/CMakeFiles/usb.dir/Core/Src/usbd_desc.c.o
 .text.IntToUnicode
                0x0000000008008834       0x36 src/STM32_USB_Device_Library/CMakeFiles/usb.dir/Core/Src/usbd_desc.c.o
 .text.USBD_HID_Init
                0x000000000800886a       0x2c src/STM32_USB_Device_Library/CMakeFiles/usb.dir/Class/HID/Src/usbd_hid.c.o
 .text.USBD_HID_DeInit
                0x0000000008008896       0x22 src/STM32_USB_Device_Library/CMakeFiles/usb.dir/Class/HID/Src/usbd_hid.c.o
 .text.USBD_HID_Setup
                0x00000000080088b8       0xd4 src/STM32_USB_Device_Library/CMakeFiles/usb.dir/Class/HID/Src/usbd_hid.c.o
 .text.USBD_HID_DataIn
                0x000000000800898c        0xc src/STM32_USB_Device_Library/CMakeFiles/usb.dir/Class/HID/Src/usbd_hid.c.o
 .text.USBD_HID_GetHSCfgDesc
                0x0000000008008998        0xe src/STM32_USB_Device_Library/CMakeFiles/usb.dir/Class/HID/Src/usbd_hid.c.o
 .text.USBD_HID_GetFSCfgDesc
                0x00000000080089a6        0xe src/STM32_USB_Device_Library/CMakeFiles/usb.dir/Class/HID/Src/usbd_hid.c.o
 .text.USBD_HID_GetOtherSpeedCfgDesc
                0x00000000080089b4        0xe src/STM32_USB_Device_Library/CMakeFiles/usb.dir/Class/HID/Src/usbd_hid.c.o
 .text.USBD_HID_GetDeviceQualifierDesc
                0x00000000080089c2        0xe src/STM32_USB_Device_Library/CMakeFiles/usb.dir/Class/HID/Src/usbd_hid.c.o
 .text.USBD_HID_SendReport
                0x00000000080089d0       0x2c src/STM32_USB_Device_Library/CMakeFiles/usb.dir/Class/HID/Src/usbd_hid.c.o
                0x00000000080089d0                USBD_HID_SendReport
 .text.__aeabi_memclr
                0x00000000080089fc        0x6 /mnt/d/gcc-arm-none-eabi-8-2019-q3-update/bin/../lib/gcc/arm-none-eabi/8.3.1/../../../../arm-none-eabi/lib/thumb/v7e-m+dp/hard/libc_nano.a(lib_a-aeabi_memclr.o)
                0x00000000080089fc                __aeabi_memclr8
                0x00000000080089fc                __aeabi_memclr
                0x00000000080089fc                __aeabi_memclr4
 .text.__aeabi_memcpy
                0x0000000008008a02        0x4 /mnt/d/gcc-arm-none-eabi-8-2019-q3-update/bin/../lib/gcc/arm-none-eabi/8.3.1/../../../../arm-none-eabi/lib/thumb/v7e-m+dp/hard/libc_nano.a(lib_a-aeabi_memcpy.o)
                0x0000000008008a02                __aeabi_memcpy
                0x0000000008008a02                __aeabi_memcpy4
                0x0000000008008a02                __aeabi_memcpy8
 *fill*         0x0000000008008a06        0x2 
 .text.__libc_init_array
                0x0000000008008a08       0x48 /mnt/d/gcc-arm-none-eabi-8-2019-q3-update/bin/../lib/gcc/arm-none-eabi/8.3.1/../../../../arm-none-eabi/lib/thumb/v7e-m+dp/hard/libc_nano.a(lib_a-init.o)
                0x0000000008008a08                __libc_init_array
 .text.malloc   0x0000000008008a50       0x10 /mnt/d/gcc-arm-none-eabi-8-2019-q3-update/bin/../lib/gcc/arm-none-eabi/8.3.1/../../../../arm-none-eabi/lib/thumb/v7e-m+dp/hard/libc_nano.a(lib_a-malloc.o)
                0x0000000008008a50                malloc
 .text.free     0x0000000008008a60       0x10 /mnt/d/gcc-arm-none-eabi-8-2019-q3-update/bin/../lib/gcc/arm-none-eabi/8.3.1/../../../../arm-none-eabi/lib/thumb/v7e-m+dp/hard/libc_nano.a(lib_a-malloc.o)
                0x0000000008008a60                free
 .text.memcmp   0x0000000008008a70       0x1c /mnt/d/gcc-arm-none-eabi-8-2019-q3-update/bin/../lib/gcc/arm-none-eabi/8.3.1/../../../../arm-none-eabi/lib/thumb/v7e-m+dp/hard/libc_nano.a(lib_a-memcmp.o)
                0x0000000008008a70                memcmp
 .text.memcpy   0x0000000008008a8c       0x1c /mnt/d/gcc-arm-none-eabi-8-2019-q3-update/bin/../lib/gcc/arm-none-eabi/8.3.1/../../../../arm-none-eabi/lib/thumb/v7e-m+dp/hard/libc_nano.a(lib_a-memcpy-stub.o)
                0x0000000008008a8c                memcpy
 .text.memset   0x0000000008008aa8       0x10 /mnt/d/gcc-arm-none-eabi-8-2019-q3-update/bin/../lib/gcc/arm-none-eabi/8.3.1/../../../../arm-none-eabi/lib/thumb/v7e-m+dp/hard/libc_nano.a(lib_a-memset.o)
                0x0000000008008aa8                memset
 .text._free_r  0x0000000008008ab8       0x9c /mnt/d/gcc-arm-none-eabi-8-2019-q3-update/bin/../lib/gcc/arm-none-eabi/8.3.1/../../../../arm-none-eabi/lib/thumb/v7e-m+dp/hard/libc_nano.a(lib_a-nano-freer.o)
                0x0000000008008ab8                _free_r
 .text._malloc_r
                0x0000000008008b54       0xb4 /mnt/d/gcc-arm-none-eabi-8-2019-q3-update/bin/../lib/gcc/arm-none-eabi/8.3.1/../../../../arm-none-eabi/lib/thumb/v7e-m+dp/hard/libc_nano.a(lib_a-nano-mallocr.o)
                0x0000000008008b54                _malloc_r
 .text.printf   0x0000000008008c08       0x30 /mnt/d/gcc-arm-none-eabi-8-2019-q3-update/bin/../lib/gcc/arm-none-eabi/8.3.1/../../../../arm-none-eabi/lib/thumb/v7e-m+dp/hard/libc_nano.a(lib_a-printf.o)
                0x0000000008008c08                printf
                0x0000000008008c08                iprintf
 .text._sbrk_r  0x0000000008008c38       0x20 /mnt/d/gcc-arm-none-eabi-8-2019-q3-update/bin/../lib/gcc/arm-none-eabi/8.3.1/../../../../arm-none-eabi/lib/thumb/v7e-m+dp/hard/libc_nano.a(lib_a-sbrkr.o)
                0x0000000008008c38                _sbrk_r
 .text.strncmp  0x0000000008008c58       0x24 /mnt/d/gcc-arm-none-eabi-8-2019-q3-update/bin/../lib/gcc/arm-none-eabi/8.3.1/../../../../arm-none-eabi/lib/thumb/v7e-m+dp/hard/libc_nano.a(lib_a-strncmp.o)
                0x0000000008008c58                strncmp
 .text.__swbuf_r
                0x0000000008008c7c       0xa4 /mnt/d/gcc-arm-none-eabi-8-2019-q3-update/bin/../lib/gcc/arm-none-eabi/8.3.1/../../../../arm-none-eabi/lib/thumb/v7e-m+dp/hard/libc_nano.a(lib_a-wbuf.o)
                0x0000000008008c7c                __swbuf_r
 .text.__swsetup_r
                0x0000000008008d20       0xdc /mnt/d/gcc-arm-none-eabi-8-2019-q3-update/bin/../lib/gcc/arm-none-eabi/8.3.1/../../../../arm-none-eabi/lib/thumb/v7e-m+dp/hard/libc_nano.a(lib_a-wsetup.o)
                0x0000000008008d20                __swsetup_r
 .text.__sflush_r
                0x0000000008008dfc      0x10c /mnt/d/gcc-arm-none-eabi-8-2019-q3-update/bin/../lib/gcc/arm-none-eabi/8.3.1/../../../../arm-none-eabi/lib/thumb/v7e-m+dp/hard/libc_nano.a(lib_a-fflush.o)
                0x0000000008008dfc                __sflush_r
 .text._fflush_r
                0x0000000008008f08       0x78 /mnt/d/gcc-arm-none-eabi-8-2019-q3-update/bin/../lib/gcc/arm-none-eabi/8.3.1/../../../../arm-none-eabi/lib/thumb/v7e-m+dp/hard/libc_nano.a(lib_a-fflush.o)
                0x0000000008008f08                _fflush_r
 .text.std      0x0000000008008f80       0x48 /mnt/d/gcc-arm-none-eabi-8-2019-q3-update/bin/../lib/gcc/arm-none-eabi/8.3.1/../../../../arm-none-eabi/lib/thumb/v7e-m+dp/hard/libc_nano.a(lib_a-findfp.o)
 .text._cleanup_r
                0x0000000008008fc8        0xc /mnt/d/gcc-arm-none-eabi-8-2019-q3-update/bin/../lib/gcc/arm-none-eabi/8.3.1/../../../../arm-none-eabi/lib/thumb/v7e-m+dp/hard/libc_nano.a(lib_a-findfp.o)
                0x0000000008008fc8                _cleanup_r
 .text.__sfmoreglue
                0x0000000008008fd4       0x2c /mnt/d/gcc-arm-none-eabi-8-2019-q3-update/bin/../lib/gcc/arm-none-eabi/8.3.1/../../../../arm-none-eabi/lib/thumb/v7e-m+dp/hard/libc_nano.a(lib_a-findfp.o)
                0x0000000008008fd4                __sfmoreglue
 .text.__sfp_lock_acquire
                0x0000000008009000        0xc /mnt/d/gcc-arm-none-eabi-8-2019-q3-update/bin/../lib/gcc/arm-none-eabi/8.3.1/../../../../arm-none-eabi/lib/thumb/v7e-m+dp/hard/libc_nano.a(lib_a-findfp.o)
                0x0000000008009000                __sfp_lock_acquire
 .text.__sfp_lock_release
                0x000000000800900c        0xc /mnt/d/gcc-arm-none-eabi-8-2019-q3-update/bin/../lib/gcc/arm-none-eabi/8.3.1/../../../../arm-none-eabi/lib/thumb/v7e-m+dp/hard/libc_nano.a(lib_a-findfp.o)
                0x000000000800900c                __sfp_lock_release
 .text.__sinit_lock_acquire
                0x0000000008009018        0xc /mnt/d/gcc-arm-none-eabi-8-2019-q3-update/bin/../lib/gcc/arm-none-eabi/8.3.1/../../../../arm-none-eabi/lib/thumb/v7e-m+dp/hard/libc_nano.a(lib_a-findfp.o)
                0x0000000008009018                __sinit_lock_acquire
 .text.__sinit_lock_release
                0x0000000008009024        0xc /mnt/d/gcc-arm-none-eabi-8-2019-q3-update/bin/../lib/gcc/arm-none-eabi/8.3.1/../../../../arm-none-eabi/lib/thumb/v7e-m+dp/hard/libc_nano.a(lib_a-findfp.o)
                0x0000000008009024                __sinit_lock_release
 .text.__sinit  0x0000000008009030       0x70 /mnt/d/gcc-arm-none-eabi-8-2019-q3-update/bin/../lib/gcc/arm-none-eabi/8.3.1/../../../../arm-none-eabi/lib/thumb/v7e-m+dp/hard/libc_nano.a(lib_a-findfp.o)
                0x0000000008009030                __sinit
 .text.__sfp    0x00000000080090a0       0x8c /mnt/d/gcc-arm-none-eabi-8-2019-q3-update/bin/../lib/gcc/arm-none-eabi/8.3.1/../../../../arm-none-eabi/lib/thumb/v7e-m+dp/hard/libc_nano.a(lib_a-findfp.o)
                0x00000000080090a0                __sfp
 .text._fwalk_reent
                0x000000000800912c       0x3c /mnt/d/gcc-arm-none-eabi-8-2019-q3-update/bin/../lib/gcc/arm-none-eabi/8.3.1/../../../../arm-none-eabi/lib/thumb/v7e-m+dp/hard/libc_nano.a(lib_a-fwalk.o)
                0x000000000800912c                _fwalk_reent
 .text.__retarget_lock_init_recursive
                0x0000000008009168        0x2 /mnt/d/gcc-arm-none-eabi-8-2019-q3-update/bin/../lib/gcc/arm-none-eabi/8.3.1/../../../../arm-none-eabi/lib/thumb/v7e-m+dp/hard/libc_nano.a(lib_a-lock.o)
                0x0000000008009168                __retarget_lock_init_recursive
 .text.__retarget_lock_acquire_recursive
                0x000000000800916a        0x2 /mnt/d/gcc-arm-none-eabi-8-2019-q3-update/bin/../lib/gcc/arm-none-eabi/8.3.1/../../../../arm-none-eabi/lib/thumb/v7e-m+dp/hard/libc_nano.a(lib_a-lock.o)
                0x000000000800916a                __retarget_lock_acquire_recursive
 .text.__retarget_lock_release_recursive
                0x000000000800916c        0x2 /mnt/d/gcc-arm-none-eabi-8-2019-q3-update/bin/../lib/gcc/arm-none-eabi/8.3.1/../../../../arm-none-eabi/lib/thumb/v7e-m+dp/hard/libc_nano.a(lib_a-lock.o)
                0x000000000800916c                __retarget_lock_release_recursive
 .text.__swhatbuf_r
                0x000000000800916e       0x48 /mnt/d/gcc-arm-none-eabi-8-2019-q3-update/bin/../lib/gcc/arm-none-eabi/8.3.1/../../../../arm-none-eabi/lib/thumb/v7e-m+dp/hard/libc_nano.a(lib_a-makebuf.o)
                0x000000000800916e                __swhatbuf_r
 *fill*         0x00000000080091b6        0x2 
 .text.__smakebuf_r
                0x00000000080091b8       0x80 /mnt/d/gcc-arm-none-eabi-8-2019-q3-update/bin/../lib/gcc/arm-none-eabi/8.3.1/../../../../arm-none-eabi/lib/thumb/v7e-m+dp/hard/libc_nano.a(lib_a-makebuf.o)
                0x00000000080091b8                __smakebuf_r
 .text.__malloc_lock
                0x0000000008009238        0xc /mnt/d/gcc-arm-none-eabi-8-2019-q3-update/bin/../lib/gcc/arm-none-eabi/8.3.1/../../../../arm-none-eabi/lib/thumb/v7e-m+dp/hard/libc_nano.a(lib_a-mlock.o)
                0x0000000008009238                __malloc_lock
 .text.__malloc_unlock
                0x0000000008009244        0xc /mnt/d/gcc-arm-none-eabi-8-2019-q3-update/bin/../lib/gcc/arm-none-eabi/8.3.1/../../../../arm-none-eabi/lib/thumb/v7e-m+dp/hard/libc_nano.a(lib_a-mlock.o)
                0x0000000008009244                __malloc_unlock
 .text.__sfputc_r
                0x0000000008009250       0x2e /mnt/d/gcc-arm-none-eabi-8-2019-q3-update/bin/../lib/gcc/arm-none-eabi/8.3.1/../../../../arm-none-eabi/lib/thumb/v7e-m+dp/hard/libc_nano.a(lib_a-nano-vfprintf.o)
 .text.__sfputs_r
                0x000000000800927e       0x24 /mnt/d/gcc-arm-none-eabi-8-2019-q3-update/bin/../lib/gcc/arm-none-eabi/8.3.1/../../../../arm-none-eabi/lib/thumb/v7e-m+dp/hard/libc_nano.a(lib_a-nano-vfprintf.o)
                0x000000000800927e                __sfputs_r
 *fill*         0x00000000080092a2        0x2 
 .text._vfprintf_r
                0x00000000080092a4      0x250 /mnt/d/gcc-arm-none-eabi-8-2019-q3-update/bin/../lib/gcc/arm-none-eabi/8.3.1/../../../../arm-none-eabi/lib/thumb/v7e-m+dp/hard/libc_nano.a(lib_a-nano-vfprintf.o)
                0x00000000080092a4                _vfiprintf_r
                0x00000000080092a4                _vfprintf_r
 .text._printf_common
                0x00000000080094f4       0xea /mnt/d/gcc-arm-none-eabi-8-2019-q3-update/bin/../lib/gcc/arm-none-eabi/8.3.1/../../../../arm-none-eabi/lib/thumb/v7e-m+dp/hard/libc_nano.a(lib_a-nano-vfprintf_i.o)
                0x00000000080094f4                _printf_common
 *fill*         0x00000000080095de        0x2 
 .text._printf_i
                0x00000000080095e0      0x228 /mnt/d/gcc-arm-none-eabi-8-2019-q3-update/bin/../lib/gcc/arm-none-eabi/8.3.1/../../../../arm-none-eabi/lib/thumb/v7e-m+dp/hard/libc_nano.a(lib_a-nano-vfprintf_i.o)
                0x00000000080095e0                _printf_i
 .text.__sread  0x0000000008009808       0x22 /mnt/d/gcc-arm-none-eabi-8-2019-q3-update/bin/../lib/gcc/arm-none-eabi/8.3.1/../../../../arm-none-eabi/lib/thumb/v7e-m+dp/hard/libc_nano.a(lib_a-stdio.o)
                0x0000000008009808                __sread
 .text.__swrite
                0x000000000800982a       0x38 /mnt/d/gcc-arm-none-eabi-8-2019-q3-update/bin/../lib/gcc/arm-none-eabi/8.3.1/../../../../arm-none-eabi/lib/thumb/v7e-m+dp/hard/libc_nano.a(lib_a-stdio.o)
                0x000000000800982a                __swrite
 .text.__sseek  0x0000000008009862       0x24 /mnt/d/gcc-arm-none-eabi-8-2019-q3-update/bin/../lib/gcc/arm-none-eabi/8.3.1/../../../../arm-none-eabi/lib/thumb/v7e-m+dp/hard/libc_nano.a(lib_a-stdio.o)
                0x0000000008009862                __sseek
 .text.__sclose
                0x0000000008009886        0x8 /mnt/d/gcc-arm-none-eabi-8-2019-q3-update/bin/../lib/gcc/arm-none-eabi/8.3.1/../../../../arm-none-eabi/lib/thumb/v7e-m+dp/hard/libc_nano.a(lib_a-stdio.o)
                0x0000000008009886                __sclose
 *fill*         0x000000000800988e        0x2 
 .text._write_r
                0x0000000008009890       0x24 /mnt/d/gcc-arm-none-eabi-8-2019-q3-update/bin/../lib/gcc/arm-none-eabi/8.3.1/../../../../arm-none-eabi/lib/thumb/v7e-m+dp/hard/libc_nano.a(lib_a-writer.o)
                0x0000000008009890                _write_r
 .text._close_r
                0x00000000080098b4       0x20 /mnt/d/gcc-arm-none-eabi-8-2019-q3-update/bin/../lib/gcc/arm-none-eabi/8.3.1/../../../../arm-none-eabi/lib/thumb/v7e-m+dp/hard/libc_nano.a(lib_a-closer.o)
                0x00000000080098b4                _close_r
 .text._fstat_r
                0x00000000080098d4       0x24 /mnt/d/gcc-arm-none-eabi-8-2019-q3-update/bin/../lib/gcc/arm-none-eabi/8.3.1/../../../../arm-none-eabi/lib/thumb/v7e-m+dp/hard/libc_nano.a(lib_a-fstatr.o)
                0x00000000080098d4                _fstat_r
 .text._isatty_r
                0x00000000080098f8       0x20 /mnt/d/gcc-arm-none-eabi-8-2019-q3-update/bin/../lib/gcc/arm-none-eabi/8.3.1/../../../../arm-none-eabi/lib/thumb/v7e-m+dp/hard/libc_nano.a(lib_a-isattyr.o)