Archive member included to satisfy reference by file (symbol)

/mnt/d/gcc-arm-none-eabi-8-2019-q3-update/bin/../lib/gcc/arm-none-eabi/8.3.1/../../../../arm-none-eabi/lib/thumb/v7e-m+dp/hard/libc_nano.a(lib_a-exit.o)
                              /mnt/d/gcc-arm-none-eabi-8-2019-q3-update/bin/../lib/gcc/arm-none-eabi/8.3.1/../../../../arm-none-eabi/lib/thumb/v7e-m+dp/hard/crt0.o (exit)
/mnt/d/gcc-arm-none-eabi-8-2019-q3-update/bin/../lib/gcc/arm-none-eabi/8.3.1/../../../../arm-none-eabi/lib/thumb/v7e-m+dp/hard/libc_nano.a(lib_a-impure.o)
                              /mnt/d/gcc-arm-none-eabi-8-2019-q3-update/bin/../lib/gcc/arm-none-eabi/8.3.1/../../../../arm-none-eabi/lib/thumb/v7e-m+dp/hard/libc_nano.a(lib_a-exit.o) (_global_impure_ptr)
/mnt/d/gcc-arm-none-eabi-8-2019-q3-update/bin/../lib/gcc/arm-none-eabi/8.3.1/../../../../arm-none-eabi/lib/thumb/v7e-m+dp/hard/libc_nano.a(lib_a-init.o)
                              /mnt/d/gcc-arm-none-eabi-8-2019-q3-update/bin/../lib/gcc/arm-none-eabi/8.3.1/../../../../arm-none-eabi/lib/thumb/v7e-m+dp/hard/crt0.o (__libc_init_array)
/mnt/d/gcc-arm-none-eabi-8-2019-q3-update/bin/../lib/gcc/arm-none-eabi/8.3.1/../../../../arm-none-eabi/lib/thumb/v7e-m+dp/hard/libc_nano.a(lib_a-memset.o)
                              /mnt/d/gcc-arm-none-eabi-8-2019-q3-update/bin/../lib/gcc/arm-none-eabi/8.3.1/../../../../arm-none-eabi/lib/thumb/v7e-m+dp/hard/crt0.o (memset)
/mnt/d/gcc-arm-none-eabi-8-2019-q3-update/bin/../lib/gcc/arm-none-eabi/8.3.1/../../../../arm-none-eabi/lib/thumb/v7e-m+dp/hard/libnosys.a(_exit.o)
                              /mnt/d/gcc-arm-none-eabi-8-2019-q3-update/bin/../lib/gcc/arm-none-eabi/8.3.1/../../../../arm-none-eabi/lib/thumb/v7e-m+dp/hard/libc_nano.a(lib_a-exit.o) (_exit)
/mnt/d/gcc-arm-none-eabi-8-2019-q3-update/bin/../lib/gcc/arm-none-eabi/8.3.1/thumb/v7e-m+dp/hard/libgcc.a(_aeabi_uldivmod.o)
                              src/driver/CMakeFiles/driver.dir/stm32h7xx_hal_uart.c.o (__aeabi_uldivmod)
/mnt/d/gcc-arm-none-eabi-8-2019-q3-update/bin/../lib/gcc/arm-none-eabi/8.3.1/thumb/v7e-m+dp/hard/libgcc.a(_udivmoddi4.o)
                              /mnt/d/gcc-arm-none-eabi-8-2019-q3-update/bin/../lib/gcc/arm-none-eabi/8.3.1/thumb/v7e-m+dp/hard/libgcc.a(_aeabi_uldivmod.o) (__udivmoddi4)
/mnt/d/gcc-arm-none-eabi-8-2019-q3-update/bin/../lib/gcc/arm-none-eabi/8.3.1/thumb/v7e-m+dp/hard/libgcc.a(_dvmd_tls.o)
                              /mnt/d/gcc-arm-none-eabi-8-2019-q3-update/bin/../lib/gcc/arm-none-eabi/8.3.1/thumb/v7e-m+dp/hard/libgcc.a(_aeabi_uldivmod.o) (__aeabi_ldiv0)
/mnt/d/gcc-arm-none-eabi-8-2019-q3-update/bin/../lib/gcc/arm-none-eabi/8.3.1/../../../../arm-none-eabi/lib/thumb/v7e-m+dp/hard/libc_nano.a(lib_a-aeabi_memclr.o)
                              src/BSP/CMakeFiles/bsp.dir/bsp_timer.c.o (__aeabi_memclr4)
/mnt/d/gcc-arm-none-eabi-8-2019-q3-update/bin/../lib/gcc/arm-none-eabi/8.3.1/../../../../arm-none-eabi/lib/thumb/v7e-m+dp/hard/libc_nano.a(lib_a-aeabi_memset-soft.o)
                              /mnt/d/gcc-arm-none-eabi-8-2019-q3-update/bin/../lib/gcc/arm-none-eabi/8.3.1/../../../../arm-none-eabi/lib/thumb/v7e-m+dp/hard/libc_nano.a(lib_a-aeabi_memclr.o) (__aeabi_memset)
/mnt/d/gcc-arm-none-eabi-8-2019-q3-update/bin/../lib/gcc/arm-none-eabi/8.3.1/../../../../arm-none-eabi/lib/thumb/v7e-m+dp/hard/libc_nano.a(lib_a-printf.o)
                              src/BSP/CMakeFiles/bsp.dir/bsp_timer.c.o (printf)
/mnt/d/gcc-arm-none-eabi-8-2019-q3-update/bin/../lib/gcc/arm-none-eabi/8.3.1/../../../../arm-none-eabi/lib/thumb/v7e-m+dp/hard/libc_nano.a(lib_a-puts.o)
                              src/User/CMakeFiles/user.dir/main.c.o (puts)
/mnt/d/gcc-arm-none-eabi-8-2019-q3-update/bin/../lib/gcc/arm-none-eabi/8.3.1/../../../../arm-none-eabi/lib/thumb/v7e-m+dp/hard/libc_nano.a(lib_a-strlen.o)
                              src/BSP/CMakeFiles/bsp.dir/bsp_uart_fifo.c.o (strlen)
/mnt/d/gcc-arm-none-eabi-8-2019-q3-update/bin/../lib/gcc/arm-none-eabi/8.3.1/../../../../arm-none-eabi/lib/thumb/v7e-m+dp/hard/libc_nano.a(lib_a-wbuf.o)
                              /mnt/d/gcc-arm-none-eabi-8-2019-q3-update/bin/../lib/gcc/arm-none-eabi/8.3.1/../../../../arm-none-eabi/lib/thumb/v7e-m+dp/hard/libc_nano.a(lib_a-puts.o) (__swbuf_r)
/mnt/d/gcc-arm-none-eabi-8-2019-q3-update/bin/../lib/gcc/arm-none-eabi/8.3.1/../../../../arm-none-eabi/lib/thumb/v7e-m+dp/hard/libc_nano.a(lib_a-wsetup.o)
                              /mnt/d/gcc-arm-none-eabi-8-2019-q3-update/bin/../lib/gcc/arm-none-eabi/8.3.1/../../../../arm-none-eabi/lib/thumb/v7e-m+dp/hard/libc_nano.a(lib_a-puts.o) (__swsetup_r)
/mnt/d/gcc-arm-none-eabi-8-2019-q3-update/bin/../lib/gcc/arm-none-eabi/8.3.1/../../../../arm-none-eabi/lib/thumb/v7e-m+dp/hard/libc_nano.a(lib_a-fflush.o)
                              /mnt/d/gcc-arm-none-eabi-8-2019-q3-update/bin/../lib/gcc/arm-none-eabi/8.3.1/../../../../arm-none-eabi/lib/thumb/v7e-m+dp/hard/libc_nano.a(lib_a-wbuf.o) (_fflush_r)
[...]
Memory Configuration

Name             Origin             Length             Attributes
DTCMRAM          0x0000000020000000 0x0000000000020000 xrw
RAM_D1           0x0000000024000000 0x0000000000080000 xrw
RAM_D2           0x0000000030000000 0x0000000000048000 xrw
RAM_D3           0x0000000038000000 0x0000000000010000 xrw
ITCMRAM          0x0000000000000000 0x0000000000010000 xrw
FLASH            0x0000000008000000 0x0000000000200000 xr
*default*        0x0000000000000000 0xffffffffffffffff

Linker script and memory map

LOAD /mnt/d/gcc-arm-none-eabi-8-2019-q3-update/bin/../lib/gcc/arm-none-eabi/8.3.1/thumb/v7e-m+dp/hard/crti.o
LOAD /mnt/d/gcc-arm-none-eabi-8-2019-q3-update/bin/../lib/gcc/arm-none-eabi/8.3.1/thumb/v7e-m+dp/hard/crtbegin.o
LOAD /mnt/d/gcc-arm-none-eabi-8-2019-q3-update/bin/../lib/gcc/arm-none-eabi/8.3.1/../../../../arm-none-eabi/lib/thumb/v7e-m+dp/hard/crt0.o
START GROUP
LOAD /mnt/d/gcc-arm-none-eabi-8-2019-q3-update/bin/../lib/gcc/arm-none-eabi/8.3.1/../../../../arm-none-eabi/lib/thumb/v7e-m+dp/hard/libc_nano.a
LOAD /mnt/d/gcc-arm-none-eabi-8-2019-q3-update/bin/../lib/gcc/arm-none-eabi/8.3.1/thumb/v7e-m+dp/hard/libgcc.a
LOAD /mnt/d/gcc-arm-none-eabi-8-2019-q3-update/bin/../lib/gcc/arm-none-eabi/8.3.1/../../../../arm-none-eabi/lib/thumb/v7e-m+dp/hard/libnosys.a
END GROUP
LOAD src/BSP/CMakeFiles/bsp.dir/bsp_fmc_io.c.o
LOAD src/BSP/CMakeFiles/bsp.dir/bsp_key.c.o
LOAD src/BSP/CMakeFiles/bsp.dir/bsp_led.c.o
LOAD src/BSP/CMakeFiles/bsp.dir/bsp_timer.c.o
LOAD src/BSP/CMakeFiles/bsp.dir/bsp_uart_fifo.c.o
LOAD src/BSP/CMakeFiles/bsp.dir/bsp.c.o
LOAD src/BSP/CMakeFiles/bsp.dir/stm32h7xx_it.c.o
LOAD src/CMSIS/CMakeFiles/cmsis.dir/system_stm32h7xx.c.o
LOAD src/GCCARM/CMakeFiles/gccarm.dir/startup_stm32h743xx.s.o
LOAD src/driver/CMakeFiles/driver.dir/stm32h7xx_hal_cortex.c.o
LOAD src/driver/CMakeFiles/driver.dir/stm32h7xx_hal_dma_ex.c.o
LOAD src/driver/CMakeFiles/driver.dir/stm32h7xx_hal_dma.c.o
LOAD src/driver/CMakeFiles/driver.dir/stm32h7xx_hal_gpio.c.o
LOAD src/driver/CMakeFiles/driver.dir/stm32h7xx_hal_mdma.c.o
LOAD src/driver/CMakeFiles/driver.dir/stm32h7xx_hal_rcc_ex.c.o
LOAD src/driver/CMakeFiles/driver.dir/stm32h7xx_hal_sram.c.o
LOAD src/driver/CMakeFiles/driver.dir/stm32h7xx_hal_rcc.c.o
LOAD src/driver/CMakeFiles/driver.dir/stm32h7xx_hal_tim_ex.c.o
LOAD src/driver/CMakeFiles/driver.dir/stm32h7xx_hal_tim.c.o
LOAD src/driver/CMakeFiles/driver.dir/stm32h7xx_hal_uart.c.o
LOAD src/driver/CMakeFiles/driver.dir/stm32h7xx_hal_uart_ex.c.o
LOAD src/driver/CMakeFiles/driver.dir/stm32h7xx_hal.c.o
LOAD src/driver/CMakeFiles/driver.dir/stm32h7xx_ll_fmc.c.o
LOAD src/User/CMakeFiles/user.dir/application.c.o
LOAD src/User/CMakeFiles/user.dir/main.c.o
LOAD src/User/CMakeFiles/user.dir/normal_stack.c.o
LOAD src/User/CMakeFiles/user.dir/range_stack.c.o
LOAD src/User/CMakeFiles/user.dir/validator.c.o
START GROUP
LOAD /mnt/d/gcc-arm-none-eabi-8-2019-q3-update/bin/../lib/gcc/arm-none-eabi/8.3.1/thumb/v7e-m+dp/hard/libgcc.a
LOAD /mnt/d/gcc-arm-none-eabi-8-2019-q3-update/bin/../lib/gcc/arm-none-eabi/8.3.1/../../../../arm-none-eabi/lib/thumb/v7e-m+dp/hard/libc_nano.a
END GROUP
START GROUP
LOAD /mnt/d/gcc-arm-none-eabi-8-2019-q3-update/bin/../lib/gcc/arm-none-eabi/8.3.1/thumb/v7e-m+dp/hard/libgcc.a
LOAD /mnt/d/gcc-arm-none-eabi-8-2019-q3-update/bin/../lib/gcc/arm-none-eabi/8.3.1/../../../../arm-none-eabi/lib/thumb/v7e-m+dp/hard/libc_nano.a
LOAD /mnt/d/gcc-arm-none-eabi-8-2019-q3-update/bin/../lib/gcc/arm-none-eabi/8.3.1/../../../../arm-none-eabi/lib/thumb/v7e-m+dp/hard/libnosys.a
END GROUP
START GROUP
LOAD /mnt/d/gcc-arm-none-eabi-8-2019-q3-update/bin/../lib/gcc/arm-none-eabi/8.3.1/thumb/v7e-m+dp/hard/libgcc.a
LOAD /mnt/d/gcc-arm-none-eabi-8-2019-q3-update/bin/../lib/gcc/arm-none-eabi/8.3.1/../../../../arm-none-eabi/lib/thumb/v7e-m+dp/hard/libc_nano.a
LOAD /mnt/d/gcc-arm-none-eabi-8-2019-q3-update/bin/../lib/gcc/arm-none-eabi/8.3.1/../../../../arm-none-eabi/lib/thumb/v7e-m+dp/hard/libnosys.a
END GROUP
LOAD /mnt/d/gcc-arm-none-eabi-8-2019-q3-update/bin/../lib/gcc/arm-none-eabi/8.3.1/thumb/v7e-m+dp/hard/crtend.o
LOAD /mnt/d/gcc-arm-none-eabi-8-2019-q3-update/bin/../lib/gcc/arm-none-eabi/8.3.1/thumb/v7e-m+dp/hard/crtn.o
                0x0000000020020000                _estack = 0x20020000
                0x0000000000000200                _Min_Heap_Size = 0x200
                0x0000000000000400                _Min_Stack_Size = 0x400

.isr_vector     0x0000000008000000      0x298
                0x0000000008000000                . = ALIGN (0x4)
 *(.isr_vector)
 .isr_vector    0x0000000008000000      0x298 src/GCCARM/CMakeFiles/gccarm.dir/startup_stm32h743xx.s.o
                0x0000000008000000                g_pfnVectors
                0x0000000008000298                . = ALIGN (0x4)

.text           0x00000000080002a0     0x4da4
                0x00000000080002a0                . = ALIGN (0x4)
 *(.text)
 .text          0x00000000080002a0       0x40 /mnt/d/gcc-arm-none-eabi-8-2019-q3-update/bin/../lib/gcc/arm-none-eabi/8.3.1/thumb/v7e-m+dp/hard/crtbegin.o
 .text          0x00000000080002e0       0x30 /mnt/d/gcc-arm-none-eabi-8-2019-q3-update/bin/../lib/gcc/arm-none-eabi/8.3.1/thumb/v7e-m+dp/hard/libgcc.a(_aeabi_uldivmod.o)
                0x00000000080002e0                __aeabi_uldivmod
 .text          0x0000000008000310      0x2d0 /mnt/d/gcc-arm-none-eabi-8-2019-q3-update/bin/../lib/gcc/arm-none-eabi/8.3.1/thumb/v7e-m+dp/hard/libgcc.a(_udivmoddi4.o)
                0x0000000008000310                __udivmoddi4
 .text          0x00000000080005e0        0x4 /mnt/d/gcc-arm-none-eabi-8-2019-q3-update/bin/../lib/gcc/arm-none-eabi/8.3.1/thumb/v7e-m+dp/hard/libgcc.a(_dvmd_tls.o)
                0x00000000080005e0                __aeabi_ldiv0
                0x00000000080005e0                __aeabi_idiv0
 .text          0x00000000080005e4       0x9a /mnt/d/gcc-arm-none-eabi-8-2019-q3-update/bin/../lib/gcc/arm-none-eabi/8.3.1/../../../../arm-none-eabi/lib/thumb/v7e-m+dp/hard/libc_nano.a(lib_a-aeabi_memset-soft.o)
                0x00000000080005e4                __aeabi_memset
                0x00000000080005e4                __aeabi_memset8
                0x00000000080005e4                __aeabi_memset4
 *fill*         0x000000000800067e        0x2 
 .text          0x0000000008000680       0xa0 /mnt/d/gcc-arm-none-eabi-8-2019-q3-update/bin/../lib/gcc/arm-none-eabi/8.3.1/../../../../arm-none-eabi/lib/thumb/v7e-m+dp/hard/libc_nano.a(lib_a-memchr.o)
                0x0000000008000680                memchr
 *(.text*)
 .text.__libc_init_array
                0x0000000008000720       0x48 /mnt/d/gcc-arm-none-eabi-8-2019-q3-update/bin/../lib/gcc/arm-none-eabi/8.3.1/../../../../arm-none-eabi/lib/thumb/v7e-m+dp/hard/libc_nano.a(lib_a-init.o)
                0x0000000008000720                __libc_init_array
 .text.memset   0x0000000008000768       0x10 /mnt/d/gcc-arm-none-eabi-8-2019-q3-update/bin/../lib/gcc/arm-none-eabi/8.3.1/../../../../arm-none-eabi/lib/thumb/v7e-m+dp/hard/libc_nano.a(lib_a-memset.o)
                0x0000000008000768                memset
 .text.bsp_InitExtIO
                0x0000000008000778       0x28 src/BSP/CMakeFiles/bsp.dir/bsp_fmc_io.c.o
                0x0000000008000778                bsp_InitExtIO
 .text.HC574_ConfigGPIO
                0x00000000080007a0       0xf0 src/BSP/CMakeFiles/bsp.dir/bsp_fmc_io.c.o
 .text.HC574_ConfigFMC
                0x0000000008000890       0x74 src/BSP/CMakeFiles/bsp.dir/bsp_fmc_io.c.o
 .text.HC574_SetPin
                0x0000000008000904       0x24 src/BSP/CMakeFiles/bsp.dir/bsp_fmc_io.c.o
                0x0000000008000904                HC574_SetPin
 .text.HC574_GetPin
                0x0000000008000928       0x12 src/BSP/CMakeFiles/bsp.dir/bsp_fmc_io.c.o
                0x0000000008000928                HC574_GetPin
 .text.bsp_InitKey
                0x000000000800093a       0x10 src/BSP/CMakeFiles/bsp.dir/bsp_key.c.o
                0x000000000800093a                bsp_InitKey
 .text.bsp_InitKeyVar
                0x000000000800094a       0x68 src/BSP/CMakeFiles/bsp.dir/bsp_key.c.o
 .text.bsp_InitKeyHard
                0x00000000080009b2       0xa0 src/BSP/CMakeFiles/bsp.dir/bsp_key.c.o
 .text.bsp_PutKey
                0x0000000008000a52       0x1c src/BSP/CMakeFiles/bsp.dir/bsp_key.c.o
                0x0000000008000a52                bsp_PutKey
 .text.bsp_SetKeyParam
                0x0000000008000a6e       0x16 src/BSP/CMakeFiles/bsp.dir/bsp_key.c.o
                0x0000000008000a6e                bsp_SetKeyParam
 .text.bsp_KeyScan10ms
                0x0000000008000a84       0x16 src/BSP/CMakeFiles/bsp.dir/bsp_key.c.o
                0x0000000008000a84                bsp_KeyScan10ms
 .text.bsp_DetectKey
                0x0000000008000a9a       0xc8 src/BSP/CMakeFiles/bsp.dir/bsp_key.c.o
 .text.IsKeyDownFunc
                0x0000000008000b62       0x82 src/BSP/CMakeFiles/bsp.dir/bsp_key.c.o
 .text.KeyPinActive
                0x0000000008000be4       0x26 src/BSP/CMakeFiles/bsp.dir/bsp_key.c.o
 .text.bsp_InitLed
                0x0000000008000c0a       0x20 src/BSP/CMakeFiles/bsp.dir/bsp_led.c.o
                0x0000000008000c0a                bsp_InitLed
 .text.bsp_LedOff
                0x0000000008000c2a       0x1e src/BSP/CMakeFiles/bsp.dir/bsp_led.c.o
                0x0000000008000c2a                bsp_LedOff
 .text.bsp_LedOn
                0x0000000008000c48       0x1e src/BSP/CMakeFiles/bsp.dir/bsp_led.c.o
                0x0000000008000c48                bsp_LedOn
 .text.bsp_LedToggle
                0x0000000008000c66       0x32 src/BSP/CMakeFiles/bsp.dir/bsp_led.c.o
                0x0000000008000c66                bsp_LedToggle
 .text.bsp_InitTimer
                0x0000000008000c98       0x52 src/BSP/CMakeFiles/bsp.dir/bsp_timer.c.o
                0x0000000008000c98                bsp_InitTimer
 .text.SysTick_Config
                0x0000000008000cea       0x26 src/BSP/CMakeFiles/bsp.dir/bsp_timer.c.o
 .text.bsp_InitHardTimer
                0x0000000008000d10       0x94 src/BSP/CMakeFiles/bsp.dir/bsp_timer.c.o
                0x0000000008000d10                bsp_InitHardTimer
 .text.SysTick_ISR
                0x0000000008000da4       0x7c src/BSP/CMakeFiles/bsp.dir/bsp_timer.c.o
                0x0000000008000da4                SysTick_ISR
 .text.bsp_SoftTimerDec
                0x0000000008000e20       0x22 src/BSP/CMakeFiles/bsp.dir/bsp_timer.c.o
 .text.bsp_DelayMS
                0x0000000008000e42       0x3c src/BSP/CMakeFiles/bsp.dir/bsp_timer.c.o
                0x0000000008000e42                bsp_DelayMS
 .text.bsp_StartAutoTimer
                0x0000000008000e7e       0x50 src/BSP/CMakeFiles/bsp.dir/bsp_timer.c.o
                0x0000000008000e7e                bsp_StartAutoTimer
 .text.bsp_CheckTimer
                0x0000000008000ece       0x28 src/BSP/CMakeFiles/bsp.dir/bsp_timer.c.o
                0x0000000008000ece                bsp_CheckTimer
 .text.SysTick_Handler
                0x0000000008000ef6       0x20 src/BSP/CMakeFiles/bsp.dir/bsp_timer.c.o
                0x0000000008000ef6                SysTick_Handler
 .text.TIM2_IRQHandler
                0x0000000008000f16       0x98 src/BSP/CMakeFiles/bsp.dir/bsp_timer.c.o
                0x0000000008000f16                TIM2_IRQHandler
 .text.__NVIC_SetPriority
                0x0000000008000fae        0xe src/BSP/CMakeFiles/bsp.dir/bsp_timer.c.o
 .text.bsp_InitUart
                0x0000000008000fbc       0x14 src/BSP/CMakeFiles/bsp.dir/bsp_uart_fifo.c.o
                0x0000000008000fbc                bsp_InitUart
 .text.UartVarInit
                0x0000000008000fd0       0x9c src/BSP/CMakeFiles/bsp.dir/bsp_uart_fifo.c.o
 .text.InitHardUart
                0x000000000800106c      0x182 src/BSP/CMakeFiles/bsp.dir/bsp_uart_fifo.c.o
 .text.RS485_InitTXE
                0x00000000080011ee       0x42 src/BSP/CMakeFiles/bsp.dir/bsp_uart_fifo.c.o
                0x00000000080011ee                RS485_InitTXE
 .text.bsp_SetUartParam
                0x0000000008001230       0x42 src/BSP/CMakeFiles/bsp.dir/bsp_uart_fifo.c.o
                0x0000000008001230                bsp_SetUartParam
 .text.RS485_SendBefor
                0x0000000008001272        0xe src/BSP/CMakeFiles/bsp.dir/bsp_uart_fifo.c.o
                0x0000000008001272                RS485_SendBefor
 .text.RS485_SendOver
                0x0000000008001280        0xe src/BSP/CMakeFiles/bsp.dir/bsp_uart_fifo.c.o
                0x0000000008001280                RS485_SendOver
 .text.RS485_ReciveNew
                0x000000000800128e        0x2 src/BSP/CMakeFiles/bsp.dir/bsp_uart_fifo.c.o
                0x000000000800128e                RS485_ReciveNew
 .text.USART1_IRQHandler
                0x0000000008001290        0xc src/BSP/CMakeFiles/bsp.dir/bsp_uart_fifo.c.o
                0x0000000008001290                USART1_IRQHandler
 .text.UartIRQ  0x000000000800129c      0x136 src/BSP/CMakeFiles/bsp.dir/bsp_uart_fifo.c.o
 .text.USART3_IRQHandler
                0x00000000080013d2        0xc src/BSP/CMakeFiles/bsp.dir/bsp_uart_fifo.c.o
                0x00000000080013d2                USART3_IRQHandler
 .text.bsp_Init
                0x00000000080013de       0x2c src/BSP/CMakeFiles/bsp.dir/bsp.c.o
                0x00000000080013de                bsp_Init
 .text.MPU_Config
                0x000000000800140a       0x5a src/BSP/CMakeFiles/bsp.dir/bsp.c.o
 .text.CPU_CACHE_Enable
                0x0000000008001464       0x10 src/BSP/CMakeFiles/bsp.dir/bsp.c.o
 .text.SystemClock_Config
                0x0000000008001474       0xb8 src/BSP/CMakeFiles/bsp.dir/bsp.c.o
 .text.Error_Handler
                0x000000000800152c        0x8 src/BSP/CMakeFiles/bsp.dir/bsp.c.o
                0x000000000800152c                Error_Handler
 .text.bsp_RunPer10ms
                0x0000000008001534        0x4 src/BSP/CMakeFiles/bsp.dir/bsp.c.o
                0x0000000008001534                bsp_RunPer10ms
 .text.bsp_RunPer1ms
                0x0000000008001538        0x2 src/BSP/CMakeFiles/bsp.dir/bsp.c.o
                0x0000000008001538                bsp_RunPer1ms
 .text.bsp_Idle
                0x000000000800153a        0x2 src/BSP/CMakeFiles/bsp.dir/bsp.c.o
                0x000000000800153a                bsp_Idle
 .text.SCB_EnableICache
                0x000000000800153c       0x30 src/BSP/CMakeFiles/bsp.dir/bsp.c.o
 .text.SCB_EnableDCache
                0x000000000800156c       0x66 src/BSP/CMakeFiles/bsp.dir/bsp.c.o
 .text.NMI_Handler
                0x00000000080015d2        0x2 src/BSP/CMakeFiles/bsp.dir/stm32h7xx_it.c.o
                0x00000000080015d2                NMI_Handler
 .text.MemManage_Handler
                0x00000000080015d4        0x2 src/BSP/CMakeFiles/bsp.dir/stm32h7xx_it.c.o
                0x00000000080015d4                MemManage_Handler
 .text.BusFault_Handler
                0x00000000080015d6        0x2 src/BSP/CMakeFiles/bsp.dir/stm32h7xx_it.c.o
                0x00000000080015d6                BusFault_Handler
 .text.UsageFault_Handler
                0x00000000080015d8        0x2 src/BSP/CMakeFiles/bsp.dir/stm32h7xx_it.c.o
                0x00000000080015d8                UsageFault_Handler
 .text.SVC_Handler
                0x00000000080015da        0x2 src/BSP/CMakeFiles/bsp.dir/stm32h7xx_it.c.o
                0x00000000080015da                SVC_Handler
 .text.DebugMon_Handler
                0x00000000080015dc        0x2 src/BSP/CMakeFiles/bsp.dir/stm32h7xx_it.c.o
                0x00000000080015dc                DebugMon_Handler
 .text.PendSV_Handler
                0x00000000080015de        0x2 src/BSP/CMakeFiles/bsp.dir/stm32h7xx_it.c.o
                0x00000000080015de                PendSV_Handler
 .text.SystemInit
                0x00000000080015e0       0x6c src/CMSIS/CMakeFiles/cmsis.dir/system_stm32h7xx.c.o
                0x00000000080015e0                SystemInit
 .text.Reset_Handler
                0x000000000800164c       0x50 src/GCCARM/CMakeFiles/gccarm.dir/startup_stm32h743xx.s.o
                0x000000000800164c                Reset_Handler
 .text.Default_Handler
                0x000000000800169c        0x2 src/GCCARM/CMakeFiles/gccarm.dir/startup_stm32h743xx.s.o
                0x000000000800169c                RTC_Alarm_IRQHandler
                0x000000000800169c                EXTI2_IRQHandler
                0x000000000800169c                TIM8_CC_IRQHandler
                0x000000000800169c                HRTIM1_Master_IRQHandler
                0x000000000800169c                UART8_IRQHandler
                0x000000000800169c                SPI4_IRQHandler
                0x000000000800169c                TIM1_CC_IRQHandler
                0x000000000800169c                BDMA_Channel6_IRQHandler
                0x000000000800169c                DMA2_Stream5_IRQHandler
                0x000000000800169c                HardFault_Handler
                0x000000000800169c                HRTIM1_FLT_IRQHandler
                0x000000000800169c                JPEG_IRQHandler
                0x000000000800169c                DMA1_Stream5_IRQHandler
                0x000000000800169c                BDMA_Channel1_IRQHandler
                0x000000000800169c                HRTIM1_TIMD_IRQHandler
                0x000000000800169c                TAMP_STAMP_IRQHandler
                0x000000000800169c                EXTI3_IRQHandler
                0x000000000800169c                LPTIM4_IRQHandler
                0x000000000800169c                TIM8_TRG_COM_TIM14_IRQHandler
                0x000000000800169c                LPTIM2_IRQHandler
                0x000000000800169c                DFSDM1_FLT1_IRQHandler
                0x000000000800169c                DMAMUX2_OVR_IRQHandler
                0x000000000800169c                TIM8_UP_TIM13_IRQHandler
                0x000000000800169c                I2C3_ER_IRQHandler
                0x000000000800169c                DFSDM1_FLT2_IRQHandler
                0x000000000800169c                MDMA_IRQHandler
                0x000000000800169c                LPTIM3_IRQHandler
                0x000000000800169c                HSEM1_IRQHandler
                0x000000000800169c                EXTI0_IRQHandler
                0x000000000800169c                I2C2_EV_IRQHandler
                0x000000000800169c                DMA1_Stream2_IRQHandler
                0x000000000800169c                FPU_IRQHandler
                0x000000000800169c                OTG_HS_WKUP_IRQHandler
                0x000000000800169c                FDCAN1_IT1_IRQHandler
                0x000000000800169c                LTDC_ER_IRQHandler
                0x000000000800169c                DMA2_Stream2_IRQHandler
                0x000000000800169c                HRTIM1_TIME_IRQHandler
                0x000000000800169c                SPI1_IRQHandler
                0x000000000800169c                TIM6_DAC_IRQHandler
                0x000000000800169c                DCMI_IRQHandler
                0x000000000800169c                HRTIM1_TIMC_IRQHandler
                0x000000000800169c                DMA2_Stream3_IRQHandler
                0x000000000800169c                SAI2_IRQHandler
                0x000000000800169c                DFSDM1_FLT3_IRQHandler
                0x000000000800169c                USART6_IRQHandler
                0x000000000800169c                TIM17_IRQHandler
                0x000000000800169c                BDMA_Channel7_IRQHandler
                0x000000000800169c                LPTIM5_IRQHandler
                0x000000000800169c                UART5_IRQHandler
                0x000000000800169c                ADC3_IRQHandler
                0x000000000800169c                DMA2_Stream0_IRQHandler
                0x000000000800169c                TIM4_IRQHandler
                0x000000000800169c                BDMA_Channel2_IRQHandler
                0x000000000800169c                QUADSPI_IRQHandler
                0x000000000800169c                I2C1_EV_IRQHandler
                0x000000000800169c                DMA1_Stream6_IRQHandler
                0x000000000800169c                DMAMUX1_OVR_IRQHandler
                0x000000000800169c                DMA1_Stream1_IRQHandler
                0x000000000800169c                TIM16_IRQHandler
                0x000000000800169c                UART4_IRQHandler
                0x000000000800169c                BDMA_Channel5_IRQHandler
                0x000000000800169c                TIM3_IRQHandler
                0x000000000800169c                RCC_IRQHandler
                0x000000000800169c                TIM8_BRK_TIM12_IRQHandler
                0x000000000800169c                TIM1_TRG_COM_IRQHandler
                0x000000000800169c                Default_Handler
                0x000000000800169c                ECC_IRQHandler
                0x000000000800169c                CEC_IRQHandler
                0x000000000800169c                EXTI15_10_IRQHandler
                0x000000000800169c                BDMA_Channel0_IRQHandler
                0x000000000800169c                ADC_IRQHandler
                0x000000000800169c                DMA1_Stream7_IRQHandler
                0x000000000800169c                HRTIM1_TIMA_IRQHandler
                0x000000000800169c                SPI5_IRQHandler
                0x000000000800169c                TIM7_IRQHandler
                0x000000000800169c                SDMMC1_IRQHandler
                0x000000000800169c                TIM5_IRQHandler
                0x000000000800169c                DMA2_Stream7_IRQHandler
                0x000000000800169c                TIM15_IRQHandler
                0x000000000800169c                PVD_AVD_IRQHandler
                0x000000000800169c                I2C3_EV_IRQHandler
                0x000000000800169c                EXTI9_5_IRQHandler
                0x000000000800169c                RTC_WKUP_IRQHandler
                0x000000000800169c                LTDC_IRQHandler
                0x000000000800169c                SAI3_IRQHandler
                0x000000000800169c                ETH_WKUP_IRQHandler
                0x000000000800169c                SPDIF_RX_IRQHandler
                0x000000000800169c                SPI2_IRQHandler
                0x000000000800169c                OTG_HS_EP1_IN_IRQHandler
                0x000000000800169c                DMA1_Stream0_IRQHandler
                0x000000000800169c                CRS_IRQHandler
                0x000000000800169c                EXTI4_IRQHandler
                0x000000000800169c                RNG_IRQHandler
                0x000000000800169c                HRTIM1_TIMB_IRQHandler
                0x000000000800169c                FDCAN2_IT1_IRQHandler
                0x000000000800169c                ETH_IRQHandler
                0x000000000800169c                TIM1_UP_IRQHandler
                0x000000000800169c                BDMA_Channel4_IRQHandler
                0x000000000800169c                OTG_HS_EP1_OUT_IRQHandler
                0x000000000800169c                WWDG_IRQHandler
                0x000000000800169c                SPI6_IRQHandler
                0x000000000800169c                MDIOS_IRQHandler
                0x000000000800169c                I2C4_EV_IRQHandler
                0x000000000800169c                FDCAN2_IT0_IRQHandler
                0x000000000800169c                LPUART1_IRQHandler
                0x000000000800169c                FDCAN1_IT0_IRQHandler
                0x000000000800169c                OTG_FS_WKUP_IRQHandler
                0x000000000800169c                OTG_HS_IRQHandler
                0x000000000800169c                DMA2D_IRQHandler
                0x000000000800169c                TIM1_BRK_IRQHandler
                0x000000000800169c                EXTI1_IRQHandler
                0x000000000800169c                SDMMC2_IRQHandler
                0x000000000800169c                OTG_FS_EP1_OUT_IRQHandler
                0x000000000800169c                BDMA_Channel3_IRQHandler
                0x000000000800169c                UART7_IRQHandler
                0x000000000800169c                MDIOS_WKUP_IRQHandler
                0x000000000800169c                USART2_IRQHandler
                0x000000000800169c                DFSDM1_FLT0_IRQHandler
                0x000000000800169c                SAI4_IRQHandler
                0x000000000800169c                I2C2_ER_IRQHandler
                0x000000000800169c                DMA2_Stream1_IRQHandler
                0x000000000800169c                FLASH_IRQHandler
                0x000000000800169c                DMA2_Stream4_IRQHandler
                0x000000000800169c                OTG_FS_IRQHandler
                0x000000000800169c                SPI3_IRQHandler
                0x000000000800169c                WAKEUP_PIN_IRQHandler
                0x000000000800169c                DMA1_Stream4_IRQHandler
                0x000000000800169c                OTG_FS_EP1_IN_IRQHandler
                0x000000000800169c                I2C1_ER_IRQHandler
                0x000000000800169c                FMC_IRQHandler
                0x000000000800169c                FDCAN_CAL_IRQHandler
                0x000000000800169c                SWPMI1_IRQHandler
                0x000000000800169c                COMP1_IRQHandler
                0x000000000800169c                LPTIM1_IRQHandler
                0x000000000800169c                I2C4_ER_IRQHandler
                0x000000000800169c                DMA2_Stream6_IRQHandler
                0x000000000800169c                SAI1_IRQHandler
                0x000000000800169c                DMA1_Stream3_IRQHandler
 .text.HAL_NVIC_SetPriorityGrouping
                0x000000000800169e        0x4 src/driver/CMakeFiles/driver.dir/stm32h7xx_hal_cortex.c.o
                0x000000000800169e                HAL_NVIC_SetPriorityGrouping
 .text.__NVIC_SetPriorityGrouping
                0x00000000080016a2       0x20 src/driver/CMakeFiles/driver.dir/stm32h7xx_hal_cortex.c.o
 .text.HAL_NVIC_SetPriority
                0x00000000080016c2       0x2a src/driver/CMakeFiles/driver.dir/stm32h7xx_hal_cortex.c.o
                0x00000000080016c2                HAL_NVIC_SetPriority
 .text.__NVIC_GetPriorityGrouping
                0x00000000080016ec       0x10 src/driver/CMakeFiles/driver.dir/stm32h7xx_hal_cortex.c.o
 .text.__NVIC_SetPriority
                0x00000000080016fc       0x22 src/driver/CMakeFiles/driver.dir/stm32h7xx_hal_cortex.c.o
 .text.NVIC_EncodePriority
                0x000000000800171e       0x2e src/driver/CMakeFiles/driver.dir/stm32h7xx_hal_cortex.c.o
 .text.HAL_NVIC_EnableIRQ
                0x000000000800174c        0x4 src/driver/CMakeFiles/driver.dir/stm32h7xx_hal_cortex.c.o
                0x000000000800174c                HAL_NVIC_EnableIRQ
 .text.__NVIC_EnableIRQ
                0x0000000008001750       0x20 src/driver/CMakeFiles/driver.dir/stm32h7xx_hal_cortex.c.o
 .text.HAL_SYSTICK_Config
                0x0000000008001770        0x4 src/driver/CMakeFiles/driver.dir/stm32h7xx_hal_cortex.c.o
                0x0000000008001770                HAL_SYSTICK_Config
 .text.SysTick_Config
                0x0000000008001774       0x32 src/driver/CMakeFiles/driver.dir/stm32h7xx_hal_cortex.c.o
 .text.HAL_MPU_Disable
                0x00000000080017a6       0x1a src/driver/CMakeFiles/driver.dir/stm32h7xx_hal_cortex.c.o
                0x00000000080017a6                HAL_MPU_Disable
 .text.HAL_MPU_Enable
                0x00000000080017c0       0x20 src/driver/CMakeFiles/driver.dir/stm32h7xx_hal_cortex.c.o
                0x00000000080017c0                HAL_MPU_Enable
 .text.HAL_MPU_ConfigRegion
                0x00000000080017e0       0x60 src/driver/CMakeFiles/driver.dir/stm32h7xx_hal_cortex.c.o
                0x00000000080017e0                HAL_MPU_ConfigRegion
 .text.HAL_GPIO_Init
                0x0000000008001840      0x196 src/driver/CMakeFiles/driver.dir/stm32h7xx_hal_gpio.c.o
                0x0000000008001840                HAL_GPIO_Init
 *fill*         0x00000000080019d6        0x2 
 .text.HAL_RCCEx_PeriphCLKConfig
                0x00000000080019d8      0x8fa src/driver/CMakeFiles/driver.dir/stm32h7xx_hal_rcc_ex.c.o
                0x00000000080019d8                HAL_RCCEx_PeriphCLKConfig
 .text.RCCEx_PLL2_Config
                0x00000000080022d2      0x100 src/driver/CMakeFiles/driver.dir/stm32h7xx_hal_rcc_ex.c.o
 .text.RCCEx_PLL3_Config
                0x00000000080023d2      0x100 src/driver/CMakeFiles/driver.dir/stm32h7xx_hal_rcc_ex.c.o
 *fill*         0x00000000080024d2        0x2 
 .text.HAL_RCCEx_GetPLL2ClockFreq
                0x00000000080024d4       0xfc src/driver/CMakeFiles/driver.dir/stm32h7xx_hal_rcc_ex.c.o
                0x00000000080024d4                HAL_RCCEx_GetPLL2ClockFreq
 .text.HAL_RCCEx_GetPLL3ClockFreq
                0x00000000080025d0       0xfc src/driver/CMakeFiles/driver.dir/stm32h7xx_hal_rcc_ex.c.o
                0x00000000080025d0                HAL_RCCEx_GetPLL3ClockFreq
 .text.HAL_RCCEx_GetD3PCLK1Freq
                0x00000000080026cc       0x30 src/driver/CMakeFiles/driver.dir/stm32h7xx_hal_rcc_ex.c.o
                0x00000000080026cc                HAL_RCCEx_GetD3PCLK1Freq
 .text.HAL_RCCEx_GetD1SysClockFreq
                0x00000000080026fc       0x3c src/driver/CMakeFiles/driver.dir/stm32h7xx_hal_rcc_ex.c.o
                0x00000000080026fc                HAL_RCCEx_GetD1SysClockFreq
 .text.HAL_SRAM_Init
                0x0000000008002738       0x70 src/driver/CMakeFiles/driver.dir/stm32h7xx_hal_sram.c.o
                0x0000000008002738                HAL_SRAM_Init
 .text.HAL_SRAM_MspInit
                0x00000000080027a8        0x2 src/driver/CMakeFiles/driver.dir/stm32h7xx_hal_sram.c.o
                0x00000000080027a8                HAL_SRAM_MspInit
 .text.HAL_RCC_OscConfig
                0x00000000080027aa      0x4a0 src/driver/CMakeFiles/driver.dir/stm32h7xx_hal_rcc.c.o
                0x00000000080027aa                HAL_RCC_OscConfig
 .text.HAL_RCC_ClockConfig
                0x0000000008002c4a      0x1fc src/driver/CMakeFiles/driver.dir/stm32h7xx_hal_rcc.c.o
                0x0000000008002c4a                HAL_RCC_ClockConfig
 *fill*         0x0000000008002e46        0x2 
 .text.HAL_RCC_GetSysClockFreq
                0x0000000008002e48       0xe8 src/driver/CMakeFiles/driver.dir/stm32h7xx_hal_rcc.c.o
                0x0000000008002e48                HAL_RCC_GetSysClockFreq
 .text.HAL_RCC_GetHCLKFreq
                0x0000000008002f30       0x3a src/driver/CMakeFiles/driver.dir/stm32h7xx_hal_rcc.c.o
                0x0000000008002f30                HAL_RCC_GetHCLKFreq
 .text.HAL_RCC_GetPCLK1Freq
                0x0000000008002f6a       0x30 src/driver/CMakeFiles/driver.dir/stm32h7xx_hal_rcc.c.o
                0x0000000008002f6a                HAL_RCC_GetPCLK1Freq
 .text.HAL_RCC_GetPCLK2Freq
                0x0000000008002f9a       0x32 src/driver/CMakeFiles/driver.dir/stm32h7xx_hal_rcc.c.o
                0x0000000008002f9a                HAL_RCC_GetPCLK2Freq
 .text.HAL_TIM_Base_Init
                0x0000000008002fcc       0x38 src/driver/CMakeFiles/driver.dir/stm32h7xx_hal_tim.c.o
                0x0000000008002fcc                HAL_TIM_Base_Init
 .text.HAL_TIM_Base_MspInit
                0x0000000008003004        0x2 src/driver/CMakeFiles/driver.dir/stm32h7xx_hal_tim.c.o
                0x0000000008003004                HAL_TIM_Base_MspInit
 .text.TIM_Base_SetConfig
                0x0000000008003006      0x136 src/driver/CMakeFiles/driver.dir/stm32h7xx_hal_tim.c.o
                0x0000000008003006                TIM_Base_SetConfig
 .text.HAL_TIM_Base_Start
                0x000000000800313c       0x1a src/driver/CMakeFiles/driver.dir/stm32h7xx_hal_tim.c.o
                0x000000000800313c                HAL_TIM_Base_Start
 .text.HAL_UART_Init
                0x0000000008003156       0x68 src/driver/CMakeFiles/driver.dir/stm32h7xx_hal_uart.c.o
                0x0000000008003156                HAL_UART_Init
 .text.HAL_UART_MspInit
                0x00000000080031be        0x2 src/driver/CMakeFiles/driver.dir/stm32h7xx_hal_uart.c.o
                0x00000000080031be                HAL_UART_MspInit
 .text.UART_SetConfig
                0x00000000080031c0      0x79c src/driver/CMakeFiles/driver.dir/stm32h7xx_hal_uart.c.o
                0x00000000080031c0                UART_SetConfig
 .text.UART_AdvFeatureConfig
                0x000000000800395c       0xe8 src/driver/CMakeFiles/driver.dir/stm32h7xx_hal_uart.c.o
                0x000000000800395c                UART_AdvFeatureConfig
 .text.UART_CheckIdleState
                0x0000000008003a44       0x68 src/driver/CMakeFiles/driver.dir/stm32h7xx_hal_uart.c.o
                0x0000000008003a44                UART_CheckIdleState
 .text.UART_WaitOnFlagUntilTimeout
                0x0000000008003aac       0x8a src/driver/CMakeFiles/driver.dir/stm32h7xx_hal_uart.c.o
                0x0000000008003aac                UART_WaitOnFlagUntilTimeout
 .text.HAL_Init
                0x0000000008003b36       0x20 src/driver/CMakeFiles/driver.dir/stm32h7xx_hal.c.o
                0x0000000008003b36                HAL_Init
 .text.HAL_InitTick
                0x0000000008003b56       0x4e src/driver/CMakeFiles/driver.dir/stm32h7xx_hal.c.o
                0x0000000008003b56                HAL_InitTick
 .text.HAL_MspInit
                0x0000000008003ba4        0x2 src/driver/CMakeFiles/driver.dir/stm32h7xx_hal.c.o
                0x0000000008003ba4                HAL_MspInit
 .text.HAL_IncTick
                0x0000000008003ba6       0x1a src/driver/CMakeFiles/driver.dir/stm32h7xx_hal.c.o
                0x0000000008003ba6                HAL_IncTick
 .text.HAL_GetTick
                0x0000000008003bc0        0xc src/driver/CMakeFiles/driver.dir/stm32h7xx_hal.c.o
                0x0000000008003bc0                HAL_GetTick
 .text.HAL_EnableCompensationCell
                0x0000000008003bcc       0x12 src/driver/CMakeFiles/driver.dir/stm32h7xx_hal.c.o
                0x0000000008003bcc                HAL_EnableCompensationCell
 .text.FMC_NORSRAM_Init
                0x0000000008003bde       0x94 src/driver/CMakeFiles/driver.dir/stm32h7xx_ll_fmc.c.o
                0x0000000008003bde                FMC_NORSRAM_Init
 .text.FMC_NORSRAM_Timing_Init
                0x0000000008003c72       0x6a src/driver/CMakeFiles/driver.dir/stm32h7xx_ll_fmc.c.o
                0x0000000008003c72                FMC_NORSRAM_Timing_Init
 .text.FMC_NORSRAM_Extended_Timing_Init
                0x0000000008003cdc       0x42 src/driver/CMakeFiles/driver.dir/stm32h7xx_ll_fmc.c.o
                0x0000000008003cdc                FMC_NORSRAM_Extended_Timing_Init
 .text.application_init
                0x0000000008003d1e        0x6 src/User/CMakeFiles/user.dir/application.c.o
                0x0000000008003d1e                application_init
 .text.application_run
                0x0000000008003d24       0x96 src/User/CMakeFiles/user.dir/application.c.o
                0x0000000008003d24                application_run
 .text.stack_push
                0x0000000008003dba        0x4 src/User/CMakeFiles/user.dir/application.c.o
 .text.stack_pop
                0x0000000008003dbe        0x4 src/User/CMakeFiles/user.dir/application.c.o
 .text.main     0x0000000008003dc2       0x96 src/User/CMakeFiles/user.dir/main.c.o
                0x0000000008003dc2                main
 .text.PrintfLogo
                0x0000000008003e58      0x10c src/User/CMakeFiles/user.dir/main.c.o
 .text.PrintfHelp
                0x0000000008003f64       0x2c src/User/CMakeFiles/user.dir/main.c.o
 .text._push    0x0000000008003f90       0x1c src/User/CMakeFiles/user.dir/normal_stack.c.o
                0x0000000008003f90                _push
 .text._pop     0x0000000008003fac       0x1c src/User/CMakeFiles/user.dir/normal_stack.c.o
                0x0000000008003fac                _pop
 .text.normal_stack_init
                0x0000000008003fc8       0x18 src/User/CMakeFiles/user.dir/normal_stack.c.o
                0x0000000008003fc8                normal_stack_init
 .text.stack_init
                0x0000000008003fe0       0x16 src/User/CMakeFiles/user.dir/normal_stack.c.o
 .text.range_check
                0x0000000008003ff6       0x16 src/User/CMakeFiles/user.dir/range_stack.c.o
                0x0000000008003ff6                range_check
 .text.range_stack_init
                0x000000000800400c       0x2a src/User/CMakeFiles/user.dir/range_stack.c.o
                0x000000000800400c                range_stack_init
 .text.validator_init
                0x0000000008004036        0x4 src/User/CMakeFiles/user.dir/validator.c.o
                0x0000000008004036                validator_init
 .text.__aeabi_memclr
                0x000000000800403a        0x6 /mnt/d/gcc-arm-none-eabi-8-2019-q3-update/bin/../lib/gcc/arm-none-eabi/8.3.1/../../../../arm-none-eabi/lib/thumb/v7e-m+dp/hard/libc_nano.a(lib_a-aeabi_memclr.o)
                0x000000000800403a                __aeabi_memclr8
                0x000000000800403a                __aeabi_memclr
                0x000000000800403a                __aeabi_memclr4
 .text.printf   0x0000000008004040       0x30 /mnt/d/gcc-arm-none-eabi-8-2019-q3-update/bin/../lib/gcc/arm-none-eabi/8.3.1/../../../../arm-none-eabi/lib/thumb/v7e-m+dp/hard/libc_nano.a(lib_a-printf.o)
                0x0000000008004040                printf
                0x0000000008004040                iprintf
 .text._puts_r  0x0000000008004070       0xdc /mnt/d/gcc-arm-none-eabi-8-2019-q3-update/bin/../lib/gcc/arm-none-eabi/8.3.1/../../../../arm-none-eabi/lib/thumb/v7e-m+dp/hard/libc_nano.a(lib_a-puts.o)
                0x0000000008004070                _puts_r
 .text.puts     0x000000000800414c       0x10 /mnt/d/gcc-arm-none-eabi-8-2019-q3-update/bin/../lib/gcc/arm-none-eabi/8.3.1/../../../../arm-none-eabi/lib/thumb/v7e-m+dp/hard/libc_nano.a(lib_a-puts.o)
                0x000000000800414c                puts
 .text.__swbuf_r
                0x000000000800415c       0xa4 /mnt/d/gcc-arm-none-eabi-8-2019-q3-update/bin/../lib/gcc/arm-none-eabi/8.3.1/../../../../arm-none-eabi/lib/thumb/v7e-m+dp/hard/libc_nano.a(lib_a-wbuf.o)
                0x000000000800415c                __swbuf_r
 .text.__swsetup_r
                0x0000000008004200       0xdc /mnt/d/gcc-arm-none-eabi-8-2019-q3-update/bin/../lib/gcc/arm-none-eabi/8.3.1/../../../../arm-none-eabi/lib/thumb/v7e-m+dp/hard/libc_nano.a(lib_a-wsetup.o)
                0x0000000008004200                __swsetup_r
 .text.__sflush_r
                0x00000000080042dc      0x10c /mnt/d/gcc-arm-none-eabi-8-2019-q3-update/bin/../lib/gcc/arm-none-eabi/8.3.1/../../../../arm-none-eabi/lib/thumb/v7e-m+dp/hard/libc_nano.a(lib_a-fflush.o)
                0x00000000080042dc                __sflush_r
 .text._fflush_r
                0x00000000080043e8       0x78 /mnt/d/gcc-arm-none-eabi-8-2019-q3-update/bin/../lib/gcc/arm-none-eabi/8.3.1/../../../../arm-none-eabi/lib/thumb/v7e-m+dp/hard/libc_nano.a(lib_a-fflush.o)
                0x00000000080043e8                _fflush_r
 .text.std      0x0000000008004460       0x48 /mnt/d/gcc-arm-none-eabi-8-2019-q3-update/bin/../lib/gcc/arm-none-eabi/8.3.1/../../../../arm-none-eabi/lib/thumb/v7e-m+dp/hard/libc_nano.a(lib_a-findfp.o)
 .text._cleanup_r
                0x00000000080044a8        0xc /mnt/d/gcc-arm-none-eabi-8-2019-q3-update/bin/../lib/gcc/arm-none-eabi/8.3.1/../../../../arm-none-eabi/lib/thumb/v7e-m+dp/hard/libc_nano.a(lib_a-findfp.o)
                0x00000000080044a8                _cleanup_r
 .text.__sfmoreglue
                0x00000000080044b4       0x2c /mnt/d/gcc-arm-none-eabi-8-2019-q3-update/bin/../lib/gcc/arm-none-eabi/8.3.1/../../../../arm-none-eabi/lib/thumb/v7e-m+dp/hard/libc_nano.a(lib_a-findfp.o)
                0x00000000080044b4                __sfmoreglue
 .text.__sfp_lock_acquire
                0x00000000080044e0        0xc /mnt/d/gcc-arm-none-eabi-8-2019-q3-update/bin/../lib/gcc/arm-none-eabi/8.3.1/../../../../arm-none-eabi/lib/thumb/v7e-m+dp/hard/libc_nano.a(lib_a-findfp.o)
                0x00000000080044e0                __sfp_lock_acquire
 .text.__sfp_lock_release
                0x00000000080044ec        0xc /mnt/d/gcc-arm-none-eabi-8-2019-q3-update/bin/../lib/gcc/arm-none-eabi/8.3.1/../../../../arm-none-eabi/lib/thumb/v7e-m+dp/hard/libc_nano.a(lib_a-findfp.o)
                0x00000000080044ec                __sfp_lock_release
 .text.__sinit_lock_acquire
                0x00000000080044f8        0xc /mnt/d/gcc-arm-none-eabi-8-2019-q3-update/bin/../lib/gcc/arm-none-eabi/8.3.1/../../../../arm-none-eabi/lib/thumb/v7e-m+dp/hard/libc_nano.a(lib_a-findfp.o)
                0x00000000080044f8                __sinit_lock_acquire
 .text.__sinit_lock_release
                0x0000000008004504        0xc /mnt/d/gcc-arm-none-eabi-8-2019-q3-update/bin/../lib/gcc/arm-none-eabi/8.3.1/../../../../arm-none-eabi/lib/thumb/v7e-m+dp/hard/libc_nano.a(lib_a-findfp.o)
                0x0000000008004504                __sinit_lock_release
 .text.__sinit  0x0000000008004510       0x70 /mnt/d/gcc-arm-none-eabi-8-2019-q3-update/bin/../lib/gcc/arm-none-eabi/8.3.1/../../../../arm-none-eabi/lib/thumb/v7e-m+dp/hard/libc_nano.a(lib_a-findfp.o)
                0x0000000008004510                __sinit
 .text.__sfp    0x0000000008004580       0x8c /mnt/d/gcc-arm-none-eabi-8-2019-q3-update/bin/../lib/gcc/arm-none-eabi/8.3.1/../../../../arm-none-eabi/lib/thumb/v7e-m+dp/hard/libc_nano.a(lib_a-findfp.o)
                0x0000000008004580                __sfp
 .text._fwalk_reent
                0x000000000800460c       0x3c /mnt/d/gcc-arm-none-eabi-8-2019-q3-update/bin/../lib/gcc/arm-none-eabi/8.3.1/../../../../arm-none-eabi/lib/thumb/v7e-m+dp/hard/libc_nano.a(lib_a-fwalk.o)
                0x000000000800460c                _fwalk_reent
 .text.__retarget_lock_init_recursive
                0x0000000008004648        0x2 /mnt/d/gcc-arm-none-eabi-8-2019-q3-update/bin/../lib/gcc/arm-none-eabi/8.3.1/../../../../arm-none-eabi/lib/thumb/v7e-m+dp/hard/libc_nano.a(lib_a-lock.o)
                0x0000000008004648                __retarget_lock_init_recursive
 .text.__retarget_lock_acquire_recursive
                0x000000000800464a        0x2 /mnt/d/gcc-arm-none-eabi-8-2019-q3-update/bin/../lib/gcc/arm-none-eabi/8.3.1/../../../../arm-none-eabi/lib/thumb/v7e-m+dp/hard/libc_nano.a(lib_a-lock.o)
                0x000000000800464a                __retarget_lock_acquire_recursive
 .text.__retarget_lock_release_recursive
                0x000000000800464c        0x2 /mnt/d/gcc-arm-none-eabi-8-2019-q3-update/bin/../lib/gcc/arm-none-eabi/8.3.1/../../../../arm-none-eabi/lib/thumb/v7e-m+dp/hard/libc_nano.a(lib_a-lock.o)
                0x000000000800464c                __retarget_lock_release_recursive
 .text.__swhatbuf_r
                0x000000000800464e       0x48 /mnt/d/gcc-arm-none-eabi-8-2019-q3-update/bin/../lib/gcc/arm-none-eabi/8.3.1/../../../../arm-none-eabi/lib/thumb/v7e-m+dp/hard/libc_nano.a(lib_a-makebuf.o)
                0x000000000800464e                __swhatbuf_r
 *fill*         0x0000000008004696        0x2 
 .text.__smakebuf_r
                0x0000000008004698       0x80 /mnt/d/gcc-arm-none-eabi-8-2019-q3-update/bin/../lib/gcc/arm-none-eabi/8.3.1/../../../../arm-none-eabi/lib/thumb/v7e-m+dp/hard/libc_nano.a(lib_a-makebuf.o)
                0x0000000008004698                __smakebuf_r
 .text._free_r  0x0000000008004718       0x9c /mnt/d/gcc-arm-none-eabi-8-2019-q3-update/bin/../lib/gcc/arm-none-eabi/8.3.1/../../../../arm-none-eabi/lib/thumb/v7e-m+dp/hard/libc_nano.a(lib_a-nano-freer.o)
                0x0000000008004718                _free_r
 .text._malloc_r
                0x00000000080047b4       0xb4 /mnt/d/gcc-arm-none-eabi-8-2019-q3-update/bin/../lib/gcc/arm-none-eabi/8.3.1/../../../../arm-none-eabi/lib/thumb/v7e-m+dp/hard/libc_nano.a(lib_a-nano-mallocr.o)
                0x00000000080047b4                _malloc_r
 .text.__sfputc_r
                0x0000000008004868       0x2e /mnt/d/gcc-arm-none-eabi-8-2019-q3-update/bin/../lib/gcc/arm-none-eabi/8.3.1/../../../../arm-none-eabi/lib/thumb/v7e-m+dp/hard/libc_nano.a(lib_a-nano-vfprintf.o)
 .text.__sfputs_r
                0x0000000008004896       0x24 /mnt/d/gcc-arm-none-eabi-8-2019-q3-update/bin/../lib/gcc/arm-none-eabi/8.3.1/../../../../arm-none-eabi/lib/thumb/v7e-m+dp/hard/libc_nano.a(lib_a-nano-vfprintf.o)
                0x0000000008004896                __sfputs_r
 *fill*         0x00000000080048ba        0x2 
 .text._vfprintf_r
                0x00000000080048bc      0x250 /mnt/d/gcc-arm-none-eabi-8-2019-q3-update/bin/../lib/gcc/arm-none-eabi/8.3.1/../../../../arm-none-eabi/lib/thumb/v7e-m+dp/hard/libc_nano.a(lib_a-nano-vfprintf.o)
                0x00000000080048bc                _vfiprintf_r
                0x00000000080048bc                _vfprintf_r
 .text._printf_common
                0x0000000008004b0c       0xea /mnt/d/gcc-arm-none-eabi-8-2019-q3-update/bin/../lib/gcc/arm-none-eabi/8.3.1/../../../../arm-none-eabi/lib/thumb/v7e-m+dp/hard/libc_nano.a(lib_a-nano-vfprintf_i.o)
                0x0000000008004b0c                _printf_common
 *fill*         0x0000000008004bf6        0x2 
 .text._printf_i
                0x0000000008004bf8      0x228 /mnt/d/gcc-arm-none-eabi-8-2019-q3-update/bin/../lib/gcc/arm-none-eabi/8.3.1/../../../../arm-none-eabi/lib/thumb/v7e-m+dp/hard/libc_nano.a(lib_a-nano-vfprintf_i.o)
                0x0000000008004bf8                _printf_i
 .text._sbrk_r  0x0000000008004e20       0x20 /mnt/d/gcc-arm-none-eabi-8-2019-q3-update/bin/../lib/gcc/arm-none-eabi/8.3.1/../../../../arm-none-eabi/lib/thumb/v7e-m+dp/hard/libc_nano.a(lib_a-sbrkr.o)
                0x0000000008004e20                _sbrk_r
 .text.__sread  0x0000000008004e40       0x22 /mnt/d/gcc-arm-none-eabi-8-2019-q3-update/bin/../lib/gcc/arm-none-eabi/8.3.1/../../../../arm-none-eabi/lib/thumb/v7e-m+dp/hard/libc_nano.a(lib_a-stdio.o)
                0x0000000008004e40                __sread
 .text.__swrite
                0x0000000008004e62       0x38 /mnt/d/gcc-arm-none-eabi-8-2019-q3-update/bin/../lib/gcc/arm-none-eabi/8.3.1/../../../../arm-none-eabi/lib/thumb/v7e-m+dp/hard/libc_nano.a(lib_a-stdio.o)
                0x0000000008004e62                __swrite
 .text.__sseek  0x0000000008004e9a       0x24 /mnt/d/gcc-arm-none-eabi-8-2019-q3-update/bin/../lib/gcc/arm-none-eabi/8.3.1/../../../../arm-none-eabi/lib/thumb/v7e-m+dp/hard/libc_nano.a(lib_a-stdio.o)
                0x0000000008004e9a                __sseek
 .text.__sclose
                0x0000000008004ebe        0x8 /mnt/d/gcc-arm-none-eabi-8-2019-q3-update/bin/../lib/gcc/arm-none-eabi/8.3.1/../../../../arm-none-eabi/lib/thumb/v7e-m+dp/hard/libc_nano.a(lib_a-stdio.o)
                0x0000000008004ebe                __sclose
 *fill*         0x0000000008004ec6        0x2 
 .text._write_r
                0x0000000008004ec8       0x24 /mnt/d/gcc-arm-none-eabi-8-2019-q3-update/bin/../lib/gcc/arm-none-eabi/8.3.1/../../../../arm-none-eabi/lib/thumb/v7e-m+dp/hard/libc_nano.a(lib_a-writer.o)
                0x0000000008004ec8                _write_r
 .text._close_r
                0x0000000008004eec       0x20 /mnt/d/gcc-arm-none-eabi-8-2019-q3-update/bin/../lib/gcc/arm-none-eabi/8.3.1/../../../../arm-none-eabi/lib/thumb/v7e-m+dp/hard/libc_nano.a(lib_a-closer.o)
                0x0000000008004eec                _close_r
 .text._fstat_r
                0x0000000008004f0c       0x24 /mnt/d/gcc-arm-none-eabi-8-2019-q3-update/bin/../lib/gcc/arm-none-eabi/8.3.1/../../../../arm-none-eabi/lib/thumb/v7e-m+dp/hard/libc_nano.a(lib_a-fstatr.o)
                0x0000000008004f0c                _fstat_r
 .text._isatty_r
                0x0000000008004f30       0x20 /mnt/d/gcc-arm-none-eabi-8-2019-q3-update/bin/../lib/gcc/arm-none-eabi/8.3.1/../../../../arm-none-eabi/lib/thumb/v7e-m+dp/hard/libc_nano.a(lib_a-isattyr.o)
                0x0000000008004f30                _isatty_r
 .text._lseek_r
                0x0000000008004f50       0x24 /mnt/d/gcc-arm-none-eabi-8-2019-q3-update/bin/../lib/gcc/arm-none-eabi/8.3.1/../../../../arm-none-eabi/lib/thumb/v7e-m+dp/hard/libc_nano.a(lib_a-lseekr.o)
                0x0000000008004f50                _lseek_r
 .text.__malloc_lock
                0x0000000008004f74        0xc /mnt/d/gcc-arm-none-eabi-8-2019-q3-update/bin/../lib/gcc/arm-none-eabi/8.3.1/../../../../arm-none-eabi/lib/thumb/v7e-m+dp/hard/libc_nano.a(lib_a-mlock.o)
                0x0000000008004f74                __malloc_lock
 .text.__malloc_unlock
                0x0000000008004f80        0xc /mnt/d/gcc-arm-none-eabi-8-2019-q3-update/bin/../lib/gcc/arm-none-eabi/8.3.1/../../../../arm-none-eabi/lib/thumb/v7e-m+dp/hard/libc_nano.a(lib_a-mlock.o)
                0x0000000008004f80                __malloc_unlock
 .text._read_r  0x0000000008004f8c       0x24 /mnt/d/gcc-arm-none-eabi-8-2019-q3-update/bin/../lib/gcc/arm-none-eabi/8.3.1/../../../../arm-none-eabi/lib/thumb/v7e-m+dp/hard/libc_nano.a(lib_a-readr.o)
                0x0000000008004f8c                _read_r
 .text._close   0x0000000008004fb0       0x10 /mnt/d/gcc-arm-none-eabi-8-2019-q3-update/bin/../lib/gcc/arm-none-eabi/8.3.1/../../../../arm-none-eabi/lib/thumb/v7e-m+dp/hard/libnosys.a(close.o)
                0x0000000008004fb0                _close
 .text._fstat   0x0000000008004fc0       0x10 /mnt/d/gcc-arm-none-eabi-8-2019-q3-update/bin/../lib/gcc/arm-none-eabi/8.3.1/../../../../arm-none-eabi/lib/thumb/v7e-m+dp/hard/libnosys.a(fstat.o)
                0x0000000008004fc0                _fstat
 .text._isatty  0x0000000008004fd0       0x10 /mnt/d/gcc-arm-none-eabi-8-2019-q3-update/bin/../lib/gcc/arm-none-eabi/8.3.1/../../../../arm-none-eabi/lib/thumb/v7e-m+dp/hard/libnosys.a(isatty.o)
                0x0000000008004fd0                _isatty
 .text._lseek   0x0000000008004fe0       0x10 /mnt/d/gcc-arm-none-eabi-8-2019-q3-update/bin/../lib/gcc/arm-none-eabi/8.3.1/../../../../arm-none-eabi/lib/thumb/v7e-m+dp/hard/libnosys.a(lseek.o)
                0x0000000008004fe0                _lseek
 .text._read    0x0000000008004ff0       0x10 /mnt/d/gcc-arm-none-eabi-8-2019-q3-update/bin/../lib/gcc/arm-none-eabi/8.3.1/../../../../arm-none-eabi/lib/thumb/v7e-m+dp/hard/libnosys.a(read.o)
                0x0000000008004ff0                _read
 .text._sbrk    0x0000000008005000       0x1c /mnt/d/gcc-arm-none-eabi-8-2019-q3-update/bin/../lib/gcc/arm-none-eabi/8.3.1/../../../../arm-none-eabi/lib/thumb/v7e-m+dp/hard/libnosys.a(sbrk.o)
                0x0000000008005000                _sbrk
 .text._write   0x000000000800501c       0x10 /mnt/d/gcc-arm-none-eabi-8-2019-q3-update/bin/../lib/gcc/arm-none-eabi/8.3.1/../../../../arm-none-eabi/lib/thumb/v7e-m+dp/hard/libnosys.a(write.o)
                0x000000000800501c                _write
 *(.glue_7)
 .glue_7        0x000000000800502c        0x0 linker stubs
 *(.glue_7t)
 .glue_7t       0x000000000800502c        0x0 linker stubs
 *(.eh_frame)
 .eh_frame      0x000000000800502c        0x0 /mnt/d/gcc-arm-none-eabi-8-2019-q3-update/bin/../lib/gcc/arm-none-eabi/8.3.1/thumb/v7e-m+dp/hard/crtbegin.o
 *(.init)
 .init          0x000000000800502c        0x4 /mnt/d/gcc-arm-none-eabi-8-2019-q3-update/bin/../lib/gcc/arm-none-eabi/8.3.1/thumb/v7e-m+dp/hard/crti.o
                0x000000000800502c                _init
 .init          0x0000000008005030        0x8 /mnt/d/gcc-arm-none-eabi-8-2019-q3-update/bin/../lib/gcc/arm-none-eabi/8.3.1/thumb/v7e-m+dp/hard/crtn.o
 *(.fini)
 .fini          0x0000000008005038        0x4 /mnt/d/gcc-arm-none-eabi-8-2019-q3-update/bin/../lib/gcc/arm-none-eabi/8.3.1/thumb/v7e-m+dp/hard/crti.o
                0x0000000008005038                _fini
 .fini          0x000000000800503c        0x8 /mnt/d/gcc-arm-none-eabi-8-2019-q3-update/bin/../lib/gcc/arm-none-eabi/8.3.1/thumb/v7e-m+dp/hard/crtn.o
                0x0000000008005044                . = ALIGN (0x4)
                0x0000000008005044                _etext = .

.vfp11_veneer   0x0000000008005044        0x0
 .vfp11_veneer  0x0000000008005044        0x0 linker stubs

.v4_bx          0x0000000008005044        0x0
 .v4_bx         0x0000000008005044        0x0 linker stubs

.iplt           0x0000000008005044        0x0
 .iplt          0x0000000008005044        0x0 /mnt/d/gcc-arm-none-eabi-8-2019-q3-update/bin/../lib/gcc/arm-none-eabi/8.3.1/thumb/v7e-m+dp/hard/crtbegin.o

.rodata         0x0000000008005044      0x36c
                0x0000000008005044                . = ALIGN (0x4)
 *(.rodata)
 *(.rodata*)
 .rodata._global_impure_ptr
                0x0000000008005044        0x4 /mnt/d/gcc-arm-none-eabi-8-2019-q3-update/bin/../lib/gcc/arm-none-eabi/8.3.1/../../../../arm-none-eabi/lib/thumb/v7e-m+dp/hard/libc_nano.a(lib_a-impure.o)
                0x0000000008005044                _global_impure_ptr
 .rodata.str1.1
                0x0000000008005048       0x21 src/BSP/CMakeFiles/bsp.dir/bsp_fmc_io.c.o
 *fill*         0x0000000008005069        0x3 
 .rodata.s_gpio_list
                0x000000000800506c       0x40 src/BSP/CMakeFiles/bsp.dir/bsp_key.c.o
 .rodata.cst16  0x00000000080050ac       0x10 src/BSP/CMakeFiles/bsp.dir/bsp_led.c.o
                                         0x40 (size before relaxing)
 .rodata.str1.1
                0x00000000080050bc       0x70 src/BSP/CMakeFiles/bsp.dir/bsp_timer.c.o
 .rodata.str1.1
                0x000000000800512c       0x24 src/BSP/CMakeFiles/bsp.dir/bsp_uart_fifo.c.o
 .rodata.D1CorePrescTable
                0x0000000008005150       0x10 src/CMSIS/CMakeFiles/cmsis.dir/system_stm32h7xx.c.o
                0x0000000008005150                D1CorePrescTable
 .rodata.UARTPrescTable
                0x0000000008005160       0x18 src/driver/CMakeFiles/driver.dir/stm32h7xx_hal_uart.c.o
 .rodata..L__const.application_run.a
                0x0000000008005178       0x14 src/User/CMakeFiles/user.dir/application.c.o
 .rodata..L__const.application_run.b
                0x000000000800518c       0x14 src/User/CMakeFiles/user.dir/application.c.o
 .rodata.str1.1
                0x00000000080051a0       0x1d src/User/CMakeFiles/user.dir/application.c.o
 .rodata.str1.1
                0x00000000080051bd      0x15d src/User/CMakeFiles/user.dir/main.c.o
                                        0x160 (size before relaxing)
 *fill*         0x000000000800531a        0x2 
 .rodata.__sf_fake_stderr
                0x000000000800531c       0x20 /mnt/d/gcc-arm-none-eabi-8-2019-q3-update/bin/../lib/gcc/arm-none-eabi/8.3.1/../../../../arm-none-eabi/lib/thumb/v7e-m+dp/hard/libc_nano.a(lib_a-findfp.o)
                0x000000000800531c                __sf_fake_stderr
 .rodata.__sf_fake_stdin
                0x000000000800533c       0x20 /mnt/d/gcc-arm-none-eabi-8-2019-q3-update/bin/../lib/gcc/arm-none-eabi/8.3.1/../../../../arm-none-eabi/lib/thumb/v7e-m+dp/hard/libc_nano.a(lib_a-findfp.o)
                0x000000000800533c                __sf_fake_stdin
 .rodata.__sf_fake_stdout
                0x000000000800535c       0x20 /mnt/d/gcc-arm-none-eabi-8-2019-q3-update/bin/../lib/gcc/arm-none-eabi/8.3.1/../../../../arm-none-eabi/lib/thumb/v7e-m+dp/hard/libc_nano.a(lib_a-findfp.o)
                0x000000000800535c                __sf_fake_stdout
 .rodata._vfprintf_r.str1.1
                0x000000000800537c       0x11 /mnt/d/gcc-arm-none-eabi-8-2019-q3-update/bin/../lib/gcc/arm-none-eabi/8.3.1/../../../../arm-none-eabi/lib/thumb/v7e-m+dp/hard/libc_nano.a(lib_a-nano-vfprintf.o)
 .rodata._printf_i.str1.1
                0x000000000800538d       0x22 /mnt/d/gcc-arm-none-eabi-8-2019-q3-update/bin/../lib/gcc/arm-none-eabi/8.3.1/../../../../arm-none-eabi/lib/thumb/v7e-m+dp/hard/libc_nano.a(lib_a-nano-vfprintf_i.o)
                0x00000000080053b0                . = ALIGN (0x4)
 *fill*         0x00000000080053af        0x1 

.ARM.extab
 *(.ARM.extab* .gnu.linkonce.armextab.*)

.ARM            0x00000000080053b0        0x8
                0x00000000080053b0                __exidx_start = .
 *(.ARM.exidx*)
 .ARM.exidx.text.bsp_InitExtIO
                0x00000000080053b8        0x0 src/BSP/CMakeFiles/bsp.dir/bsp_fmc_io.c.o
                                          0x8 (size before relaxing)
 .ARM.exidx.text.HC574_ConfigGPIO
                0x00000000080053b8        0x0 src/BSP/CMakeFiles/bsp.dir/bsp_fmc_io.c.o
                                          0x8 (size before relaxing)
 .ARM.exidx.text.HC574_ConfigFMC
                0x00000000080053b8        0x0 src/BSP/CMakeFiles/bsp.dir/bsp_fmc_io.c.o
                                          0x8 (size before relaxing)
 .ARM.exidx.text.HC574_SetPin
                0x00000000080053b8        0x0 src/BSP/CMakeFiles/bsp.dir/bsp_fmc_io.c.o
                                          0x8 (size before relaxing)
 .ARM.exidx.text.HC574_GetPin
                0x00000000080053b8        0x0 src/BSP/CMakeFiles/bsp.dir/bsp_fmc_io.c.o
                                          0x8 (size before relaxing)
 .ARM.exidx.text.bsp_InitKey
                0x00000000080053b8        0x0 src/BSP/CMakeFiles/bsp.dir/bsp_key.c.o
                                          0x8 (size before relaxing)
 .ARM.exidx.text.bsp_InitKeyVar
                0x00000000080053b8        0x0 src/BSP/CMakeFiles/bsp.dir/bsp_key.c.o
                                          0x8 (size before relaxing)
 .ARM.exidx.text.bsp_InitKeyHard
                0x00000000080053b8        0x0 src/BSP/CMakeFiles/bsp.dir/bsp_key.c.o
                                          0x8 (size before relaxing)
 .ARM.exidx.text.bsp_PutKey
                0x00000000080053b8        0x0 src/BSP/CMakeFiles/bsp.dir/bsp_key.c.o
                                          0x8 (size before relaxing)
 .ARM.exidx.text.bsp_SetKeyParam
                0x00000000080053b8        0x0 src/BSP/CMakeFiles/bsp.dir/bsp_key.c.o
                                          0x8 (size before relaxing)
 .ARM.exidx.text.bsp_KeyScan10ms
                0x00000000080053b8        0x0 src/BSP/CMakeFiles/bsp.dir/bsp_key.c.o
                                          0x8 (size before relaxing)
 .ARM.exidx.text.bsp_DetectKey
                0x00000000080053b8        0x0 src/BSP/CMakeFiles/bsp.dir/bsp_key.c.o
                                          0x8 (size before relaxing)
 .ARM.exidx.text.IsKeyDownFunc
                0x00000000080053b8        0x0 src/BSP/CMakeFiles/bsp.dir/bsp_key.c.o
                                          0x8 (size before relaxing)
 .ARM.exidx.text.KeyPinActive
                0x00000000080053b8        0x0 src/BSP/CMakeFiles/bsp.dir/bsp_key.c.o
                                          0x8 (size before relaxing)
 .ARM.exidx.text.bsp_InitLed
                0x00000000080053b8        0x0 src/BSP/CMakeFiles/bsp.dir/bsp_led.c.o
                                          0x8 (size before relaxing)
 .ARM.exidx.text.bsp_LedOff
                0x00000000080053b8        0x0 src/BSP/CMakeFiles/bsp.dir/bsp_led.c.o
                                          0x8 (size before relaxing)
 .ARM.exidx.text.bsp_LedOn
                0x00000000080053b8        0x0 src/BSP/CMakeFiles/bsp.dir/bsp_led.c.o
                                          0x8 (size before relaxing)
 .ARM.exidx.text.bsp_LedToggle
                0x00000000080053b8        0x0 src/BSP/CMakeFiles/bsp.dir/bsp_led.c.o
                                          0x8 (size before relaxing)
 .ARM.exidx.text.bsp_InitTimer
                0x00000000080053b8        0x0 src/BSP/CMakeFiles/bsp.dir/bsp_timer.c.o
                                          0x8 (size before relaxing)
 .ARM.exidx.text.SysTick_Config
                0x00000000080053b8        0x0 src/BSP/CMakeFiles/bsp.dir/bsp_timer.c.o
                                          0x8 (size before relaxing)
 .ARM.exidx.text.bsp_InitHardTimer
                0x00000000080053b8        0x0 src/BSP/CMakeFiles/bsp.dir/bsp_timer.c.o
                                          0x8 (size before relaxing)
 .ARM.exidx.text.SysTick_ISR
                0x00000000080053b8        0x0 src/BSP/CMakeFiles/bsp.dir/bsp_timer.c.o
                                          0x8 (size before relaxing)
 .ARM.exidx.text.bsp_SoftTimerDec
                0x00000000080053b8        0x0 src/BSP/CMakeFiles/bsp.dir/bsp_timer.c.o
                                          0x8 (size before relaxing)
 .ARM.exidx.text.bsp_DelayMS
                0x00000000080053b8        0x0 src/BSP/CMakeFiles/bsp.dir/bsp_timer.c.o
                                          0x8 (size before relaxing)
 .ARM.exidx.text.bsp_StartAutoTimer
                0x00000000080053b8        0x0 src/BSP/CMakeFiles/bsp.dir/bsp_timer.c.o
                                          0x8 (size before relaxing)
 .ARM.exidx.text.bsp_CheckTimer
                0x00000000080053b8        0x0 src/BSP/CMakeFiles/bsp.dir/bsp_timer.c.o
                                          0x8 (size before relaxing)
 .ARM.exidx.text.SysTick_Handler
                0x00000000080053b8        0x0 src/BSP/CMakeFiles/bsp.dir/bsp_timer.c.o
                                          0x8 (size before relaxing)
 .ARM.exidx.text.TIM2_IRQHandler
                0x00000000080053b8        0x0 src/BSP/CMakeFiles/bsp.dir/bsp_timer.c.o
                                          0x8 (size before relaxing)
 .ARM.exidx.text.__NVIC_SetPriority
                0x00000000080053b8        0x0 src/BSP/CMakeFiles/bsp.dir/bsp_timer.c.o
                                          0x8 (size before relaxing)
 .ARM.exidx.text.bsp_InitUart
                0x00000000080053b8        0x0 src/BSP/CMakeFiles/bsp.dir/bsp_uart_fifo.c.o
                                          0x8 (size before relaxing)
 .ARM.exidx.text.UartVarInit
                0x00000000080053b8        0x0 src/BSP/CMakeFiles/bsp.dir/bsp_uart_fifo.c.o
                                          0x8 (size before relaxing)
 .ARM.exidx.text.InitHardUart
                0x00000000080053b8        0x0 src/BSP/CMakeFiles/bsp.dir/bsp_uart_fifo.c.o
                                          0x8 (size before relaxing)
 .ARM.exidx.text.RS485_InitTXE
                0x00000000080053b8        0x0 src/BSP/CMakeFiles/bsp.dir/bsp_uart_fifo.c.o
                                          0x8 (size before relaxing)
 .ARM.exidx.text.bsp_SetUartParam
                0x00000000080053b8        0x0 src/BSP/CMakeFiles/bsp.dir/bsp_uart_fifo.c.o
                                          0x8 (size before relaxing)
 .ARM.exidx.text.RS485_SendBefor
                0x00000000080053b8        0x0 src/BSP/CMakeFiles/bsp.dir/bsp_uart_fifo.c.o
                                          0x8 (size before relaxing)
 .ARM.exidx.text.RS485_SendOver
                0x00000000080053b8        0x0 src/BSP/CMakeFiles/bsp.dir/bsp_uart_fifo.c.o
                                          0x8 (size before relaxing)
 .ARM.exidx.text.RS485_ReciveNew
                0x00000000080053b8        0x0 src/BSP/CMakeFiles/bsp.dir/bsp_uart_fifo.c.o
                                          0x8 (size before relaxing)
 .ARM.exidx.text.USART1_IRQHandler
                0x00000000080053b8        0x0 src/BSP/CMakeFiles/bsp.dir/bsp_uart_fifo.c.o
                                          0x8 (size before relaxing)
 .ARM.exidx.text.UartIRQ
                0x00000000080053b8        0x0 src/BSP/CMakeFiles/bsp.dir/bsp_uart_fifo.c.o
                                          0x8 (size before relaxing)
 .ARM.exidx.text.USART3_IRQHandler
                0x00000000080053b8        0x0 src/BSP/CMakeFiles/bsp.dir/bsp_uart_fifo.c.o
                                          0x8 (size before relaxing)
 .ARM.exidx.text.bsp_Init
                0x00000000080053b8        0x0 src/BSP/CMakeFiles/bsp.dir/bsp.c.o
                                          0x8 (size before relaxing)
 .ARM.exidx.text.MPU_Config
                0x00000000080053b8        0x0 src/BSP/CMakeFiles/bsp.dir/bsp.c.o
                                          0x8 (size before relaxing)
 .ARM.exidx.text.CPU_CACHE_Enable
                0x00000000080053b8        0x0 src/BSP/CMakeFiles/bsp.dir/bsp.c.o
                                          0x8 (size before relaxing)
 .ARM.exidx.text.SystemClock_Config
                0x00000000080053b8        0x0 src/BSP/CMakeFiles/bsp.dir/bsp.c.o
                                          0x8 (size before relaxing)
 .ARM.exidx.text.Error_Handler
                0x00000000080053b8        0x0 src/BSP/CMakeFiles/bsp.dir/bsp.c.o
                                          0x8 (size before relaxing)
 .ARM.exidx.text.bsp_RunPer10ms
                0x00000000080053b8        0x0 src/BSP/CMakeFiles/bsp.dir/bsp.c.o
                                          0x8 (size before relaxing)
 .ARM.exidx.text.bsp_RunPer1ms
                0x00000000080053b8        0x0 src/BSP/CMakeFiles/bsp.dir/bsp.c.o
                                          0x8 (size before relaxing)
 .ARM.exidx.text.bsp_Idle
                0x00000000080053b8        0x0 src/BSP/CMakeFiles/bsp.dir/bsp.c.o
                                          0x8 (size before relaxing)
 .ARM.exidx.text.SCB_EnableICache
                0x00000000080053b8        0x0 src/BSP/CMakeFiles/bsp.dir/bsp.c.o
                                          0x8 (size before relaxing)
 .ARM.exidx.text.SCB_EnableDCache
                0x00000000080053b8        0x0 src/BSP/CMakeFiles/bsp.dir/bsp.c.o
                                          0x8 (size before relaxing)
 .ARM.exidx.text.NMI_Handler
                0x00000000080053b8        0x0 src/BSP/CMakeFiles/bsp.dir/stm32h7xx_it.c.o
                                          0x8 (size before relaxing)
 .ARM.exidx.text.MemManage_Handler
                0x00000000080053b8        0x0 src/BSP/CMakeFiles/bsp.dir/stm32h7xx_it.c.o
                                          0x8 (size before relaxing)
 .ARM.exidx.text.BusFault_Handler
                0x00000000080053b8        0x0 src/BSP/CMakeFiles/bsp.dir/stm32h7xx_it.c.o
                                          0x8 (size before relaxing)
 .ARM.exidx.text.UsageFault_Handler
                0x00000000080053b8        0x0 src/BSP/CMakeFiles/bsp.dir/stm32h7xx_it.c.o
                                          0x8 (size before relaxing)
 .ARM.exidx.text.SVC_Handler
                0x00000000080053b8        0x0 src/BSP/CMakeFiles/bsp.dir/stm32h7xx_it.c.o
                                          0x8 (size before relaxing)
 .ARM.exidx.text.DebugMon_Handler
                0x00000000080053b8        0x0 src/BSP/CMakeFiles/bsp.dir/stm32h7xx_it.c.o
                                          0x8 (size before relaxing)
 .ARM.exidx.text.PendSV_Handler
                0x00000000080053b8        0x0 src/BSP/CMakeFiles/bsp.dir/stm32h7xx_it.c.o
                                          0x8 (size before relaxing)
 .ARM.exidx.text.SystemInit
                0x00000000080053b8        0x0 src/CMSIS/CMakeFiles/cmsis.dir/system_stm32h7xx.c.o
                                          0x8 (size before relaxing)
 .ARM.exidx.text.HAL_NVIC_SetPriorityGrouping
                0x00000000080053b8        0x0 src/driver/CMakeFiles/driver.dir/stm32h7xx_hal_cortex.c.o
                                          0x8 (size before relaxing)
 .ARM.exidx.text.__NVIC_SetPriorityGrouping
                0x00000000080053b8        0x0 src/driver/CMakeFiles/driver.dir/stm32h7xx_hal_cortex.c.o
                                          0x8 (size before relaxing)
 .ARM.exidx.text.HAL_NVIC_SetPriority
                0x00000000080053b8        0x0 src/driver/CMakeFiles/driver.dir/stm32h7xx_hal_cortex.c.o
                                          0x8 (size before relaxing)
 .ARM.exidx.text.__NVIC_GetPriorityGrouping
                0x00000000080053b8        0x0 src/driver/CMakeFiles/driver.dir/stm32h7xx_hal_cortex.c.o
                                          0x8 (size before relaxing)
 .ARM.exidx.text.__NVIC_SetPriority
                0x00000000080053b8        0x0 src/driver/CMakeFiles/driver.dir/stm32h7xx_hal_cortex.c.o
                                          0x8 (size before relaxing)
 .ARM.exidx.text.NVIC_EncodePriority
                0x00000000080053b8        0x0 src/driver/CMakeFiles/driver.dir/stm32h7xx_hal_cortex.c.o
                                          0x8 (size before relaxing)
 .ARM.exidx.text.HAL_NVIC_EnableIRQ
                0x00000000080053b8        0x0 src/driver/CMakeFiles/driver.dir/stm32h7xx_hal_cortex.c.o
                                          0x8 (size before relaxing)
 .ARM.exidx.text.__NVIC_EnableIRQ
                0x00000000080053b8        0x0 src/driver/CMakeFiles/driver.dir/stm32h7xx_hal_cortex.c.o
                                          0x8 (size before relaxing)
 .ARM.exidx.text.HAL_SYSTICK_Config
                0x00000000080053b8        0x0 src/driver/CMakeFiles/driver.dir/stm32h7xx_hal_cortex.c.o
                                          0x8 (size before relaxing)
 .ARM.exidx.text.SysTick_Config
                0x00000000080053b8        0x0 src/driver/CMakeFiles/driver.dir/stm32h7xx_hal_cortex.c.o
                                          0x8 (size before relaxing)
 .ARM.exidx.text.HAL_MPU_Disable
                0x00000000080053b8        0x0 src/driver/CMakeFiles/driver.dir/stm32h7xx_hal_cortex.c.o
                                          0x8 (size before relaxing)
 .ARM.exidx.text.HAL_MPU_Enable
                0x00000000080053b8        0x0 src/driver/CMakeFiles/driver.dir/stm32h7xx_hal_cortex.c.o
                                          0x8 (size before relaxing)
 .ARM.exidx.text.HAL_MPU_ConfigRegion
                0x00000000080053b8        0x0 src/driver/CMakeFiles/driver.dir/stm32h7xx_hal_cortex.c.o
                                          0x8 (size before relaxing)
 .ARM.exidx.text.HAL_GPIO_Init
                0x00000000080053b8        0x0 src/driver/CMakeFiles/driver.dir/stm32h7xx_hal_gpio.c.o
                                          0x8 (size before relaxing)
 .ARM.exidx.text.HAL_RCCEx_PeriphCLKConfig
                0x00000000080053b8        0x0 src/driver/CMakeFiles/driver.dir/stm32h7xx_hal_rcc_ex.c.o
                                          0x8 (size before relaxing)
 .ARM.exidx.text.RCCEx_PLL2_Config
                0x00000000080053b8        0x0 src/driver/CMakeFiles/driver.dir/stm32h7xx_hal_rcc_ex.c.o
                                          0x8 (size before relaxing)
 .ARM.exidx.text.RCCEx_PLL3_Config
                0x00000000080053b8        0x0 src/driver/CMakeFiles/driver.dir/stm32h7xx_hal_rcc_ex.c.o
                                          0x8 (size before relaxing)
 .ARM.exidx.text.HAL_RCCEx_GetPLL2ClockFreq
                0x00000000080053b8        0x0 src/driver/CMakeFiles/driver.dir/stm32h7xx_hal_rcc_ex.c.o
                                          0x8 (size before relaxing)
 .ARM.exidx.text.HAL_RCCEx_GetPLL3ClockFreq
                0x00000000080053b8        0x0 src/driver/CMakeFiles/driver.dir/stm32h7xx_hal_rcc_ex.c.o
                                          0x8 (size before relaxing)
 .ARM.exidx.text.HAL_RCCEx_GetD3PCLK1Freq
                0x00000000080053b8        0x0 src/driver/CMakeFiles/driver.dir/stm32h7xx_hal_rcc_ex.c.o
                                          0x8 (size before relaxing)
 .ARM.exidx.text.HAL_RCCEx_GetD1SysClockFreq
                0x00000000080053b8        0x0 src/driver/CMakeFiles/driver.dir/stm32h7xx_hal_rcc_ex.c.o
                                          0x8 (size before relaxing)
 .ARM.exidx.text.HAL_SRAM_Init
                0x00000000080053b8        0x0 src/driver/CMakeFiles/driver.dir/stm32h7xx_hal_sram.c.o
                                          0x8 (size before relaxing)
 .ARM.exidx.text.HAL_SRAM_MspInit
                0x00000000080053b8        0x0 src/driver/CMakeFiles/driver.dir/stm32h7xx_hal_sram.c.o
                                          0x8 (size before relaxing)
 .ARM.exidx.text.HAL_RCC_OscConfig
                0x00000000080053b8        0x0 src/driver/CMakeFiles/driver.dir/stm32h7xx_hal_rcc.c.o
                                          0x8 (size before relaxing)
 .ARM.exidx.text.HAL_RCC_ClockConfig
                0x00000000080053b8        0x0 src/driver/CMakeFiles/driver.dir/stm32h7xx_hal_rcc.c.o
                                          0x8 (size before relaxing)
 .ARM.exidx.text.HAL_RCC_GetSysClockFreq
                0x00000000080053b8        0x0 src/driver/CMakeFiles/driver.dir/stm32h7xx_hal_rcc.c.o
                                          0x8 (size before relaxing)
 .ARM.exidx.text.HAL_RCC_GetHCLKFreq
                0x00000000080053b8        0x0 src/driver/CMakeFiles/driver.dir/stm32h7xx_hal_rcc.c.o
                                          0x8 (size before relaxing)
 .ARM.exidx.text.HAL_RCC_GetPCLK1Freq
                0x00000000080053b8        0x0 src/driver/CMakeFiles/driver.dir/stm32h7xx_hal_rcc.c.o
                                          0x8 (size before relaxing)
 .ARM.exidx.text.HAL_RCC_GetPCLK2Freq
                0x00000000080053b8        0x0 src/driver/CMakeFiles/driver.dir/stm32h7xx_hal_rcc.c.o
                                          0x8 (size before relaxing)
 .ARM.exidx.text.HAL_TIM_Base_Init
                0x00000000080053b8        0x0 src/driver/CMakeFiles/driver.dir/stm32h7xx_hal_tim.c.o
                                          0x8 (size before relaxing)
 .ARM.exidx.text.HAL_TIM_Base_MspInit
                0x00000000080053b8        0x0 src/driver/CMakeFiles/driver.dir/stm32h7xx_hal_tim.c.o
                                          0x8 (size before relaxing)
 .ARM.exidx.text.TIM_Base_SetConfig
                0x00000000080053b8        0x0 src/driver/CMakeFiles/driver.dir/stm32h7xx_hal_tim.c.o
                                          0x8 (size before relaxing)
 .ARM.exidx.text.HAL_TIM_Base_Start
                0x00000000080053b8        0x0 src/driver/CMakeFiles/driver.dir/stm32h7xx_hal_tim.c.o
                                          0x8 (size before relaxing)
 .ARM.exidx.text.HAL_UART_Init
                0x00000000080053b8        0x0 src/driver/CMakeFiles/driver.dir/stm32h7xx_hal_uart.c.o
                                          0x8 (size before relaxing)
 .ARM.exidx.text.HAL_UART_MspInit
                0x00000000080053b8        0x0 src/driver/CMakeFiles/driver.dir/stm32h7xx_hal_uart.c.o
                                          0x8 (size before relaxing)
 .ARM.exidx.text.UART_SetConfig
                0x00000000080053b8        0x0 src/driver/CMakeFiles/driver.dir/stm32h7xx_hal_uart.c.o
                                          0x8 (size before relaxing)
 .ARM.exidx.text.UART_AdvFeatureConfig
                0x00000000080053b8        0x0 src/driver/CMakeFiles/driver.dir/stm32h7xx_hal_uart.c.o
                                          0x8 (size before relaxing)
 .ARM.exidx.text.UART_CheckIdleState
                0x00000000080053b8        0x0 src/driver/CMakeFiles/driver.dir/stm32h7xx_hal_uart.c.o
                                          0x8 (size before relaxing)
 .ARM.exidx.text.UART_WaitOnFlagUntilTimeout
                0x00000000080053b8        0x0 src/driver/CMakeFiles/driver.dir/stm32h7xx_hal_uart.c.o
                                          0x8 (size before relaxing)
 .ARM.exidx.text.HAL_Init
                0x00000000080053b8        0x0 src/driver/CMakeFiles/driver.dir/stm32h7xx_hal.c.o
                                          0x8 (size before relaxing)
 .ARM.exidx.text.HAL_InitTick
                0x00000000080053b8        0x0 src/driver/CMakeFiles/driver.dir/stm32h7xx_hal.c.o
                                          0x8 (size before relaxing)
 .ARM.exidx.text.HAL_MspInit
                0x00000000080053b8        0x0 src/driver/CMakeFiles/driver.dir/stm32h7xx_hal.c.o
                                          0x8 (size before relaxing)
 .ARM.exidx.text.HAL_IncTick
                0x00000000080053b8        0x0 src/driver/CMakeFiles/driver.dir/stm32h7xx_hal.c.o
                                          0x8 (size before relaxing)
 .ARM.exidx.text.HAL_GetTick
                0x00000000080053b8        0x0 src/driver/CMakeFiles/driver.dir/stm32h7xx_hal.c.o
                                          0x8 (size before relaxing)
 .ARM.exidx.text.HAL_EnableCompensationCell
                0x00000000080053b8        0x0 src/driver/CMakeFiles/driver.dir/stm32h7xx_hal.c.o
                                          0x8 (size before relaxing)
 .ARM.exidx.text.FMC_NORSRAM_Init
                0x00000000080053b8        0x0 src/driver/CMakeFiles/driver.dir/stm32h7xx_ll_fmc.c.o
                                          0x8 (size before relaxing)
 .ARM.exidx.text.FMC_NORSRAM_Timing_Init
                0x00000000080053b8        0x0 src/driver/CMakeFiles/driver.dir/stm32h7xx_ll_fmc.c.o
                                          0x8 (size before relaxing)
 .ARM.exidx.text.FMC_NORSRAM_Extended_Timing_Init
                0x00000000080053b8        0x0 src/driver/CMakeFiles/driver.dir/stm32h7xx_ll_fmc.c.o
                                          0x8 (size before relaxing)
 .ARM.exidx.text.application_init
                0x00000000080053b8        0x0 src/User/CMakeFiles/user.dir/application.c.o
                                          0x8 (size before relaxing)
 .ARM.exidx.text.application_run
                0x00000000080053b8        0x0 src/User/CMakeFiles/user.dir/application.c.o
                                          0x8 (size before relaxing)
 .ARM.exidx.text.stack_push
                0x00000000080053b8        0x0 src/User/CMakeFiles/user.dir/application.c.o
                                          0x8 (size before relaxing)
 .ARM.exidx.text.stack_pop
                0x00000000080053b8        0x0 src/User/CMakeFiles/user.dir/application.c.o
                                          0x8 (size before relaxing)
 .ARM.exidx.text.main
                0x00000000080053b8        0x0 src/User/CMakeFiles/user.dir/main.c.o
                                          0x8 (size before relaxing)
 .ARM.exidx.text.PrintfLogo
                0x00000000080053b8        0x0 src/User/CMakeFiles/user.dir/main.c.o
                                          0x8 (size before relaxing)
 .ARM.exidx.text.PrintfHelp
                0x00000000080053b8        0x0 src/User/CMakeFiles/user.dir/main.c.o
                                          0x8 (size before relaxing)
 .ARM.exidx.text._push
                0x00000000080053b8        0x0 src/User/CMakeFiles/user.dir/normal_stack.c.o
                                          0x8 (size before relaxing)
 .ARM.exidx.text._pop
                0x00000000080053b8        0x0 src/User/CMakeFiles/user.dir/normal_stack.c.o
                                          0x8 (size before relaxing)
 .ARM.exidx.text.normal_stack_init
                0x00000000080053b8        0x0 src/User/CMakeFiles/user.dir/normal_stack.c.o
                                          0x8 (size before relaxing)
 .ARM.exidx.text.stack_init
                0x00000000080053b8        0x0 src/User/CMakeFiles/user.dir/normal_stack.c.o
                                          0x8 (size before relaxing)
 .ARM.exidx.text.range_check
                0x00000000080053b8        0x0 src/User/CMakeFiles/user.dir/range_stack.c.o
                                          0x8 (size before relaxing)
 .ARM.exidx.text.range_stack_init
                0x00000000080053b8        0x0 src/User/CMakeFiles/user.dir/range_stack.c.o
                                          0x8 (size before relaxing)
 .ARM.exidx.text.validator_init
                0x00000000080053b8        0x0 src/User/CMakeFiles/user.dir/validator.c.o
                                          0x8 (size before relaxing)
 .ARM.exidx     0x00000000080053b0        0x8 /mnt/d/gcc-arm-none-eabi-8-2019-q3-update/bin/../lib/gcc/arm-none-eabi/8.3.1/thumb/v7e-m+dp/hard/libgcc.a(_udivmoddi4.o)
                0x00000000080053b8                __exidx_end = .

.rel.dyn        0x00000000080053b8        0x0
 .rel.iplt      0x00000000080053b8        0x0 /mnt/d/gcc-arm-none-eabi-8-2019-q3-update/bin/../lib/gcc/arm-none-eabi/8.3.1/thumb/v7e-m+dp/hard/crtbegin.o

.preinit_array  0x00000000080053b8        0x0
                0x00000000080053b8                PROVIDE (__preinit_array_start = .)
 *(.preinit_array*)
                0x00000000080053b8                PROVIDE (__preinit_array_end = .)

.init_array     0x00000000080053b8        0x4
                0x00000000080053b8                PROVIDE (__init_array_start = .)
 *(SORT_BY_NAME(.init_array.*))
 *(.init_array*)
 .init_array    0x00000000080053b8        0x4 /mnt/d/gcc-arm-none-eabi-8-2019-q3-update/bin/../lib/gcc/arm-none-eabi/8.3.1/thumb/v7e-m+dp/hard/crtbegin.o
                0x00000000080053bc                PROVIDE (__init_array_end = .)

.fini_array     0x00000000080053bc        0x4
                [!provide]                        PROVIDE (__fini_array_start = .)
 *(SORT_BY_NAME(.fini_array.*))
 *(.fini_array*)
 .fini_array    0x00000000080053bc        0x4 /mnt/d/gcc-arm-none-eabi-8-2019-q3-update/bin/../lib/gcc/arm-none-eabi/8.3.1/thumb/v7e-m+dp/hard/crtbegin.o
                [!provide]                        PROVIDE (__fini_array_end = .)
                0x00000000080053c0                _sidata = LOADADDR (.data)

.data           0x0000000020000000       0x74 load address 0x00000000080053c0
                0x0000000020000000                . = ALIGN (0x4)
                0x0000000020000000                _sdata = .
 *(.data)
 *(.data*)
 .data._impure_ptr
                0x0000000020000000        0x4 /mnt/d/gcc-arm-none-eabi-8-2019-q3-update/bin/../lib/gcc/arm-none-eabi/8.3.1/../../../../arm-none-eabi/lib/thumb/v7e-m+dp/hard/libc_nano.a(lib_a-impure.o)
                0x0000000020000000                _impure_ptr
 .data.impure_data
                0x0000000020000004       0x60 /mnt/d/gcc-arm-none-eabi-8-2019-q3-update/bin/../lib/gcc/arm-none-eabi/8.3.1/../../../../arm-none-eabi/lib/thumb/v7e-m+dp/hard/libc_nano.a(lib_a-impure.o)
 .data.SystemCoreClock
                0x0000000020000064        0x4 src/CMSIS/CMakeFiles/cmsis.dir/system_stm32h7xx.c.o
                0x0000000020000064                SystemCoreClock
 .data.SystemD2Clock
                0x0000000020000068        0x4 src/CMSIS/CMakeFiles/cmsis.dir/system_stm32h7xx.c.o
                0x0000000020000068                SystemD2Clock
 .data.uwTickFreq
                0x000000002000006c        0x1 src/driver/CMakeFiles/driver.dir/stm32h7xx_hal.c.o
 *fill*         0x000000002000006d        0x3 
 .data.uwTickPrio
                0x0000000020000070        0x4 src/driver/CMakeFiles/driver.dir/stm32h7xx_hal.c.o
                0x0000000020000074                . = ALIGN (0x4)
                0x0000000020000074                _edata = .

.igot.plt       0x0000000020000074        0x0 load address 0x0000000008005434
 .igot.plt      0x0000000020000074        0x0 /mnt/d/gcc-arm-none-eabi-8-2019-q3-update/bin/../lib/gcc/arm-none-eabi/8.3.1/thumb/v7e-m+dp/hard/crtbegin.o
                0x0000000020000074                . = ALIGN (0x4)

.bss            0x0000000020000074     0x1198 load address 0x0000000008005434
                0x0000000020000074                _sbss = .
                0x0000000020000074                __bss_start__ = _sbss
 *(.bss)
 .bss           0x0000000020000074       0x1c /mnt/d/gcc-arm-none-eabi-8-2019-q3-update/bin/../lib/gcc/arm-none-eabi/8.3.1/thumb/v7e-m+dp/hard/crtbegin.o
 *(.bss*)
 .bss.s_tKey    0x0000000020000090        0xd src/BSP/CMakeFiles/bsp.dir/bsp_key.c.o
 *fill*         0x000000002000009d        0x3 
 .bss.s_tBtn    0x00000000200000a0       0xa0 src/BSP/CMakeFiles/bsp.dir/bsp_key.c.o
 .bss.g_iRunTime
                0x0000000020000140        0x4 src/BSP/CMakeFiles/bsp.dir/bsp_timer.c.o
                0x0000000020000140                g_iRunTime
 .bss.s_tTmr    0x0000000020000144       0x30 src/BSP/CMakeFiles/bsp.dir/bsp_timer.c.o
 .bss.g_ucEnableSystickISR
                0x0000000020000174        0x1 src/BSP/CMakeFiles/bsp.dir/bsp_timer.c.o
 .bss.SysTick_ISR.s_count
                0x0000000020000175        0x1 src/BSP/CMakeFiles/bsp.dir/bsp_timer.c.o
 *fill*         0x0000000020000176        0x2 
 .bss.s_uiDelayCount
                0x0000000020000178        0x4 src/BSP/CMakeFiles/bsp.dir/bsp_timer.c.o
 .bss.s_ucTimeOutFlag
                0x000000002000017c        0x1 src/BSP/CMakeFiles/bsp.dir/bsp_timer.c.o
 *fill*         0x000000002000017d        0x3 
 .bss.s_TIM_CallBack1
                0x0000000020000180        0x4 src/BSP/CMakeFiles/bsp.dir/bsp_timer.c.o
 .bss.s_TIM_CallBack2
                0x0000000020000184        0x4 src/BSP/CMakeFiles/bsp.dir/bsp_timer.c.o
 .bss.s_TIM_CallBack3
                0x0000000020000188        0x4 src/BSP/CMakeFiles/bsp.dir/bsp_timer.c.o
 .bss.s_TIM_CallBack4
                0x000000002000018c        0x4 src/BSP/CMakeFiles/bsp.dir/bsp_timer.c.o
 .bss.g_tUart1  0x0000000020000190       0x2c src/BSP/CMakeFiles/bsp.dir/bsp_uart_fifo.c.o
 .bss.g_tUart3  0x00000000200001bc       0x2c src/BSP/CMakeFiles/bsp.dir/bsp_uart_fifo.c.o
 .bss.g_TxBuf1  0x00000000200001e8      0x400 src/BSP/CMakeFiles/bsp.dir/bsp_uart_fifo.c.o
 .bss.g_RxBuf1  0x00000000200005e8      0x400 src/BSP/CMakeFiles/bsp.dir/bsp_uart_fifo.c.o
 .bss.g_TxBuf3  0x00000000200009e8      0x400 src/BSP/CMakeFiles/bsp.dir/bsp_uart_fifo.c.o
 .bss.g_RxBuf3  0x0000000020000de8      0x400 src/BSP/CMakeFiles/bsp.dir/bsp_uart_fifo.c.o
 .bss.uwTick    0x00000000200011e8        0x4 src/driver/CMakeFiles/driver.dir/stm32h7xx_hal.c.o
 .bss.__malloc_free_list
                0x00000000200011ec        0x4 /mnt/d/gcc-arm-none-eabi-8-2019-q3-update/bin/../lib/gcc/arm-none-eabi/8.3.1/../../../../arm-none-eabi/lib/thumb/v7e-m+dp/hard/libc_nano.a(lib_a-nano-mallocr.o)
                0x00000000200011ec                __malloc_free_list
 .bss.__malloc_sbrk_start
                0x00000000200011f0        0x4 /mnt/d/gcc-arm-none-eabi-8-2019-q3-update/bin/../lib/gcc/arm-none-eabi/8.3.1/../../../../arm-none-eabi/lib/thumb/v7e-m+dp/hard/libc_nano.a(lib_a-nano-mallocr.o)
                0x00000000200011f0                __malloc_sbrk_start
 .bss.heap_end.5501
                0x00000000200011f4        0x4 /mnt/d/gcc-arm-none-eabi-8-2019-q3-update/bin/../lib/gcc/arm-none-eabi/8.3.1/../../../../arm-none-eabi/lib/thumb/v7e-m+dp/hard/libnosys.a(sbrk.o)
 *(COMMON)
 COMMON         0x00000000200011f8        0x4 src/BSP/CMakeFiles/bsp.dir/bsp_fmc_io.c.o
                0x00000000200011f8                g_HC574
 COMMON         0x00000000200011fc        0x9 /mnt/d/gcc-arm-none-eabi-8-2019-q3-update/bin/../lib/gcc/arm-none-eabi/8.3.1/../../../../arm-none-eabi/lib/thumb/v7e-m+dp/hard/libc_nano.a(lib_a-lock.o)
                0x00000000200011fc                __lock___atexit_recursive_mutex
                0x00000000200011fd                __lock___arc4random_mutex
                0x00000000200011fe                __lock___env_recursive_mutex
                0x00000000200011ff                __lock___sinit_recursive_mutex
                0x0000000020001200                __lock___malloc_recursive_mutex
                0x0000000020001201                __lock___at_quick_exit_mutex
                0x0000000020001202                __lock___dd_hash_mutex
                0x0000000020001203                __lock___tz_mutex
                0x0000000020001204                __lock___sfp_recursive_mutex
 *fill*         0x0000000020001205        0x3 
 COMMON         0x0000000020001208        0x4 /mnt/d/gcc-arm-none-eabi-8-2019-q3-update/bin/../lib/gcc/arm-none-eabi/8.3.1/../../../../arm-none-eabi/lib/thumb/v7e-m+dp/hard/libc_nano.a(lib_a-reent.o)
                0x0000000020001208                errno
                0x000000002000120c                . = ALIGN (0x4)
                0x000000002000120c                _ebss = .
                0x000000002000120c                __bss_end__ = _ebss

._user_heap_stack
                0x000000002000120c      0x604 load address 0x0000000008005434
                0x0000000020001210                . = ALIGN (0x8)
 *fill*         0x000000002000120c        0x4 
                0x0000000020001210                PROVIDE (end = .)
                [!provide]                        PROVIDE (_end = .)
                0x0000000020001410                . = (. + _Min_Heap_Size)
 *fill*         0x0000000020001210      0x200 
                0x0000000020001810                . = (. + _Min_Stack_Size)
 *fill*         0x0000000020001410      0x400 
                0x0000000020001810                . = ALIGN (0x8)

/DISCARD/
 libc.a(*)
 libm.a(*)
 libgcc.a(*)

.ARM.attributes
                0x0000000000000000       0x34
 *(.ARM.attributes)
 .ARM.attributes
                0x0000000000000000       0x1e /mnt/d/gcc-arm-none-eabi-8-2019-q3-update/bin/../lib/gcc/arm-none-eabi/8.3.1/thumb/v7e-m+dp/hard/crti.o
 .ARM.attributes
                0x000000000000001e       0x32 /mnt/d/gcc-arm-none-eabi-8-2019-q3-update/bin/../lib/gcc/arm-none-eabi/8.3.1/thumb/v7e-m+dp/hard/crtbegin.o
 .ARM.attributes
                0x0000000000000050       0x30 /mnt/d/gcc-arm-none-eabi-8-2019-q3-update/bin/../lib/gcc/arm-none-eabi/8.3.1/../../../../arm-none-eabi/lib/thumb/v7e-m+dp/hard/libc_nano.a(lib_a-impure.o)
 .ARM.attributes
                0x0000000000000080       0x32 /mnt/d/gcc-arm-none-eabi-8-2019-q3-update/bin/../lib/gcc/arm-none-eabi/8.3.1/../../../../arm-none-eabi/lib/thumb/v7e-m+dp/hard/libc_nano.a(lib_a-init.o)
 .ARM.attributes
                0x00000000000000b2       0x32 /mnt/d/gcc-arm-none-eabi-8-2019-q3-update/bin/../lib/gcc/arm-none-eabi/8.3.1/../../../../arm-none-eabi/lib/thumb/v7e-m+dp/hard/libc_nano.a(lib_a-memset.o)
 .ARM.attributes
                0x00000000000000e4       0x47 src/BSP/CMakeFiles/bsp.dir/bsp_fmc_io.c.o
 .ARM.attributes
                0x000000000000012b       0x47 src/BSP/CMakeFiles/bsp.dir/bsp_key.c.o
 .ARM.attributes
                0x0000000000000172       0x47 src/BSP/CMakeFiles/bsp.dir/bsp_led.c.o
 .ARM.attributes
                0x00000000000001b9       0x47 src/BSP/CMakeFiles/bsp.dir/bsp_timer.c.o
 .ARM.attributes
                0x0000000000000200       0x47 src/BSP/CMakeFiles/bsp.dir/bsp_uart_fifo.c.o
 .ARM.attributes
                0x0000000000000247       0x47 src/BSP/CMakeFiles/bsp.dir/bsp.c.o
 .ARM.attributes
                0x000000000000028e       0x47 src/BSP/CMakeFiles/bsp.dir/stm32h7xx_it.c.o
 .ARM.attributes
                0x00000000000002d5       0x47 src/CMSIS/CMakeFiles/cmsis.dir/system_stm32h7xx.c.o
 .ARM.attributes
                0x000000000000031c       0x27 src/GCCARM/CMakeFiles/gccarm.dir/startup_stm32h743xx.s.o
 .ARM.attributes
                0x0000000000000343       0x47 src/driver/CMakeFiles/driver.dir/stm32h7xx_hal_cortex.c.o
 .ARM.attributes
                0x000000000000038a       0x47 src/driver/CMakeFiles/driver.dir/stm32h7xx_hal_gpio.c.o
 .ARM.attributes
                0x00000000000003d1       0x47 src/driver/CMakeFiles/driver.dir/stm32h7xx_hal_rcc_ex.c.o
 .ARM.attributes
                0x0000000000000418       0x47 src/driver/CMakeFiles/driver.dir/stm32h7xx_hal_sram.c.o
 .ARM.attributes
                0x000000000000045f       0x47 src/driver/CMakeFiles/driver.dir/stm32h7xx_hal_rcc.c.o
 .ARM.attributes
                0x00000000000004a6       0x47 src/driver/CMakeFiles/driver.dir/stm32h7xx_hal_tim.c.o
 .ARM.attributes
                0x00000000000004ed       0x47 src/driver/CMakeFiles/driver.dir/stm32h7xx_hal_uart.c.o
 .ARM.attributes
                0x0000000000000534       0x47 src/driver/CMakeFiles/driver.dir/stm32h7xx_hal.c.o
 .ARM.attributes
                0x000000000000057b       0x47 src/driver/CMakeFiles/driver.dir/stm32h7xx_ll_fmc.c.o
 .ARM.attributes
                0x00000000000005c2       0x47 src/User/CMakeFiles/user.dir/application.c.o
 .ARM.attributes
                0x0000000000000609       0x47 src/User/CMakeFiles/user.dir/main.c.o
 .ARM.attributes
                0x0000000000000650       0x47 src/User/CMakeFiles/user.dir/normal_stack.c.o
 .ARM.attributes
                0x0000000000000697       0x47 src/User/CMakeFiles/user.dir/range_stack.c.o
 .ARM.attributes
                0x00000000000006de       0x47 src/User/CMakeFiles/user.dir/validator.c.o
 .ARM.attributes
                0x0000000000000725       0x1e /mnt/d/gcc-arm-none-eabi-8-2019-q3-update/bin/../lib/gcc/arm-none-eabi/8.3.1/thumb/v7e-m+dp/hard/libgcc.a(_aeabi_uldivmod.o)
 .ARM.attributes
                0x0000000000000743       0x32 /mnt/d/gcc-arm-none-eabi-8-2019-q3-update/bin/../lib/gcc/arm-none-eabi/8.3.1/thumb/v7e-m+dp/hard/libgcc.a(_udivmoddi4.o)
 .ARM.attributes
                0x0000000000000775       0x1e /mnt/d/gcc-arm-none-eabi-8-2019-q3-update/bin/../lib/gcc/arm-none-eabi/8.3.1/thumb/v7e-m+dp/hard/libgcc.a(_dvmd_tls.o)
 .ARM.attributes
                0x0000000000000793       0x32 /mnt/d/gcc-arm-none-eabi-8-2019-q3-update/bin/../lib/gcc/arm-none-eabi/8.3.1/../../../../arm-none-eabi/lib/thumb/v7e-m+dp/hard/libc_nano.a(lib_a-aeabi_memclr.o)
 .ARM.attributes
                0x00000000000007c5       0x1c /mnt/d/gcc-arm-none-eabi-8-2019-q3-update/bin/../lib/gcc/arm-none-eabi/8.3.1/../../../../arm-none-eabi/lib/thumb/v7e-m+dp/hard/libc_nano.a(lib_a-aeabi_memset-soft.o)
 .ARM.attributes
                0x00000000000007e1       0x32 /mnt/d/gcc-arm-none-eabi-8-2019-q3-update/bin/../lib/gcc/arm-none-eabi/8.3.1/../../../../arm-none-eabi/lib/thumb/v7e-m+dp/hard/libc_nano.a(lib_a-printf.o)
 .ARM.attributes
                0x0000000000000813       0x32 /mnt/d/gcc-arm-none-eabi-8-2019-q3-update/bin/../lib/gcc/arm-none-eabi/8.3.1/../../../../arm-none-eabi/lib/thumb/v7e-m+dp/hard/libc_nano.a(lib_a-puts.o)
 .ARM.attributes
                0x0000000000000845       0x32 /mnt/d/gcc-arm-none-eabi-8-2019-q3-update/bin/../lib/gcc/arm-none-eabi/8.3.1/../../../../arm-none-eabi/lib/thumb/v7e-m+dp/hard/libc_nano.a(lib_a-wbuf.o)
 .ARM.attributes
                0x0000000000000877       0x32 /mnt/d/gcc-arm-none-eabi-8-2019-q3-update/bin/../lib/gcc/arm-none-eabi/8.3.1/../../../../arm-none-eabi/lib/thumb/v7e-m+dp/hard/libc_nano.a(lib_a-wsetup.o)
 .ARM.attributes
                0x00000000000008a9       0x32 /mnt/d/gcc-arm-none-eabi-8-2019-q3-update/bin/../lib/gcc/arm-none-eabi/8.3.1/../../../../arm-none-eabi/lib/thumb/v7e-m+dp/hard/libc_nano.a(lib_a-fflush.o)
 .ARM.attributes
                0x00000000000008db       0x32 /mnt/d/gcc-arm-none-eabi-8-2019-q3-update/bin/../lib/gcc/arm-none-eabi/8.3.1/../../../../arm-none-eabi/lib/thumb/v7e-m+dp/hard/libc_nano.a(lib_a-findfp.o)
 .ARM.attributes
                0x000000000000090d       0x32 /mnt/d/gcc-arm-none-eabi-8-2019-q3-update/bin/../lib/gcc/arm-none-eabi/8.3.1/../../../../arm-none-eabi/lib/thumb/v7e-m+dp/hard/libc_nano.a(lib_a-fwalk.o)
 .ARM.attributes