Archive member included to satisfy reference by file (symbol)

/mnt/d/gcc-arm-none-eabi-8-2019-q3-update/bin/../lib/gcc/arm-none-eabi/8.3.1/thumb/v7e-m+dp/hard/libgcc.a(_aeabi_uldivmod.o)
                              src/driver/CMakeFiles/driver.dir/stm32h7xx_hal_uart.c.o (__aeabi_uldivmod)
/mnt/d/gcc-arm-none-eabi-8-2019-q3-update/bin/../lib/gcc/arm-none-eabi/8.3.1/thumb/v7e-m+dp/hard/libgcc.a(_udivmoddi4.o)
                              /mnt/d/gcc-arm-none-eabi-8-2019-q3-update/bin/../lib/gcc/arm-none-eabi/8.3.1/thumb/v7e-m+dp/hard/libgcc.a(_aeabi_uldivmod.o) (__udivmoddi4)
/mnt/d/gcc-arm-none-eabi-8-2019-q3-update/bin/../lib/gcc/arm-none-eabi/8.3.1/thumb/v7e-m+dp/hard/libgcc.a(_dvmd_tls.o)
                              /mnt/d/gcc-arm-none-eabi-8-2019-q3-update/bin/../lib/gcc/arm-none-eabi/8.3.1/thumb/v7e-m+dp/hard/libgcc.a(_aeabi_uldivmod.o) (__aeabi_ldiv0)
/mnt/d/gcc-arm-none-eabi-8-2019-q3-update/bin/../lib/gcc/arm-none-eabi/8.3.1/../../../../arm-none-eabi/lib/thumb/v7e-m+dp/hard/libc_nano.a(lib_a-aeabi_memclr.o)
                              src/rtos/src/CMakeFiles/rtossrc.dir/kservice.c.o (__aeabi_memclr)
/mnt/d/gcc-arm-none-eabi-8-2019-q3-update/bin/../lib/gcc/arm-none-eabi/8.3.1/../../../../arm-none-eabi/lib/thumb/v7e-m+dp/hard/libc_nano.a(lib_a-aeabi_memcpy.o)
                              src/components/finsh/CMakeFiles/finsh.dir/shell.c.o (__aeabi_memcpy)
/mnt/d/gcc-arm-none-eabi-8-2019-q3-update/bin/../lib/gcc/arm-none-eabi/8.3.1/../../../../arm-none-eabi/lib/thumb/v7e-m+dp/hard/libc_nano.a(lib_a-aeabi_memset-soft.o)
                              src/rtos/src/CMakeFiles/rtossrc.dir/kservice.c.o (__aeabi_memset)
/mnt/d/gcc-arm-none-eabi-8-2019-q3-update/bin/../lib/gcc/arm-none-eabi/8.3.1/../../../../arm-none-eabi/lib/thumb/v7e-m+dp/hard/libc_nano.a(lib_a-exit.o)
                              /mnt/d/gcc-arm-none-eabi-8-2019-q3-update/bin/../lib/gcc/arm-none-eabi/8.3.1/../../../../arm-none-eabi/lib/thumb/v7e-m+dp/hard/crt0.o (exit)
/mnt/d/gcc-arm-none-eabi-8-2019-q3-update/bin/../lib/gcc/arm-none-eabi/8.3.1/../../../../arm-none-eabi/lib/thumb/v7e-m+dp/hard/libc_nano.a(lib_a-impure.o)
                              /mnt/d/gcc-arm-none-eabi-8-2019-q3-update/bin/../lib/gcc/arm-none-eabi/8.3.1/../../../../arm-none-eabi/lib/thumb/v7e-m+dp/hard/libc_nano.a(lib_a-exit.o) (_global_impure_ptr)
/mnt/d/gcc-arm-none-eabi-8-2019-q3-update/bin/../lib/gcc/arm-none-eabi/8.3.1/../../../../arm-none-eabi/lib/thumb/v7e-m+dp/hard/libc_nano.a(lib_a-init.o)
                              /mnt/d/gcc-arm-none-eabi-8-2019-q3-update/bin/../lib/gcc/arm-none-eabi/8.3.1/../../../../arm-none-eabi/lib/thumb/v7e-m+dp/hard/crt0.o (__libc_init_array)
/mnt/d/gcc-arm-none-eabi-8-2019-q3-update/bin/../lib/gcc/arm-none-eabi/8.3.1/../../../../arm-none-eabi/lib/thumb/v7e-m+dp/hard/libc_nano.a(lib_a-memcpy-stub.o)
                              /mnt/d/gcc-arm-none-eabi-8-2019-q3-update/bin/../lib/gcc/arm-none-eabi/8.3.1/../../../../arm-none-eabi/lib/thumb/v7e-m+dp/hard/libc_nano.a(lib_a-aeabi_memcpy.o) (memcpy)
/mnt/d/gcc-arm-none-eabi-8-2019-q3-update/bin/../lib/gcc/arm-none-eabi/8.3.1/../../../../arm-none-eabi/lib/thumb/v7e-m+dp/hard/libc_nano.a(lib_a-memset.o)
                              /mnt/d/gcc-arm-none-eabi-8-2019-q3-update/bin/../lib/gcc/arm-none-eabi/8.3.1/../../../../arm-none-eabi/lib/thumb/v7e-m+dp/hard/crt0.o (memset)
/mnt/d/gcc-arm-none-eabi-8-2019-q3-update/bin/../lib/gcc/arm-none-eabi/8.3.1/../../../../arm-none-eabi/lib/thumb/v7e-m+dp/hard/libc_nano.a(lib_a-printf.o)
                              src/BSP/CMakeFiles/bsp.dir/bsp_timer.c.o (printf)
/mnt/d/gcc-arm-none-eabi-8-2019-q3-update/bin/../lib/gcc/arm-none-eabi/8.3.1/../../../../arm-none-eabi/lib/thumb/v7e-m+dp/hard/libc_nano.a(lib_a-puts.o)
                              src/User/CMakeFiles/user.dir/application.c.o (puts)
/mnt/d/gcc-arm-none-eabi-8-2019-q3-update/bin/../lib/gcc/arm-none-eabi/8.3.1/../../../../arm-none-eabi/lib/thumb/v7e-m+dp/hard/libc_nano.a(lib_a-strlen.o)
                              src/BSP/CMakeFiles/bsp.dir/bsp_uart_fifo.c.o (strlen)
/mnt/d/gcc-arm-none-eabi-8-2019-q3-update/bin/../lib/gcc/arm-none-eabi/8.3.1/../../../../arm-none-eabi/lib/thumb/v7e-m+dp/hard/libc_nano.a(lib_a-strncmp.o)
                              src/components/finsh/CMakeFiles/finsh.dir/cmd.c.o (strncmp)
/mnt/d/gcc-arm-none-eabi-8-2019-q3-update/bin/../lib/gcc/arm-none-eabi/8.3.1/../../../../arm-none-eabi/lib/thumb/v7e-m+dp/hard/libc_nano.a(lib_a-wbuf.o)
                              /mnt/d/gcc-arm-none-eabi-8-2019-q3-update/bin/../lib/gcc/arm-none-eabi/8.3.1/../../../../arm-none-eabi/lib/thumb/v7e-m+dp/hard/libc_nano.a(lib_a-puts.o) (__swbuf_r)
/mnt/d/gcc-arm-none-eabi-8-2019-q3-update/bin/../lib/gcc/arm-none-eabi/8.3.1/../../../../arm-none-eabi/lib/thumb/v7e-m+dp/hard/libc_nano.a(lib_a-wsetup.o)
[...]
Memory Configuration

Name             Origin             Length             Attributes
DTCMRAM          0x0000000020000000 0x0000000000020000 xrw
RAM_D1           0x0000000024000000 0x0000000000080000 xrw
RAM_D2           0x0000000030000000 0x0000000000048000 xrw
RAM_D3           0x0000000038000000 0x0000000000010000 xrw
ITCMRAM          0x0000000000000000 0x0000000000010000 xrw
FLASH            0x0000000008000000 0x0000000000200000 xr
*default*        0x0000000000000000 0xffffffffffffffff

Linker script and memory map

LOAD /mnt/d/gcc-arm-none-eabi-8-2019-q3-update/bin/../lib/gcc/arm-none-eabi/8.3.1/thumb/v7e-m+dp/hard/crti.o
LOAD /mnt/d/gcc-arm-none-eabi-8-2019-q3-update/bin/../lib/gcc/arm-none-eabi/8.3.1/thumb/v7e-m+dp/hard/crtbegin.o
LOAD /mnt/d/gcc-arm-none-eabi-8-2019-q3-update/bin/../lib/gcc/arm-none-eabi/8.3.1/../../../../arm-none-eabi/lib/thumb/v7e-m+dp/hard/crt0.o
LOAD /mnt/d/gcc-arm-none-eabi-8-2019-q3-update/bin/../lib/gcc/arm-none-eabi/8.3.1/../../../../arm-none-eabi/lib/thumb/v7e-m+dp/hard/libm.a
LOAD src/BSP/CMakeFiles/bsp.dir/bsp_fmc_io.c.o
LOAD src/BSP/CMakeFiles/bsp.dir/bsp_key.c.o
LOAD src/BSP/CMakeFiles/bsp.dir/bsp_led.c.o
LOAD src/BSP/CMakeFiles/bsp.dir/bsp_timer.c.o
LOAD src/BSP/CMakeFiles/bsp.dir/bsp_uart_fifo.c.o
LOAD src/BSP/CMakeFiles/bsp.dir/bsp.c.o
LOAD src/BSP/CMakeFiles/bsp.dir/stm32h7xx_it.c.o
LOAD src/BSP/CMakeFiles/bsp.dir/board.c.o
LOAD src/CMSIS/CMakeFiles/cmsis.dir/system_stm32h7xx.c.o
LOAD src/GCCARM/CMakeFiles/gccarm.dir/startup_stm32h743xx.s.o
LOAD src/driver/CMakeFiles/driver.dir/stm32h7xx_hal_cortex.c.o
LOAD src/driver/CMakeFiles/driver.dir/stm32h7xx_hal_dma_ex.c.o
LOAD src/driver/CMakeFiles/driver.dir/stm32h7xx_hal_dma.c.o
LOAD src/driver/CMakeFiles/driver.dir/stm32h7xx_hal_gpio.c.o
LOAD src/driver/CMakeFiles/driver.dir/stm32h7xx_hal_mdma.c.o
LOAD src/driver/CMakeFiles/driver.dir/stm32h7xx_hal_rcc_ex.c.o
LOAD src/driver/CMakeFiles/driver.dir/stm32h7xx_hal_sram.c.o
LOAD src/driver/CMakeFiles/driver.dir/stm32h7xx_hal_rcc.c.o
LOAD src/driver/CMakeFiles/driver.dir/stm32h7xx_hal_tim_ex.c.o
LOAD src/driver/CMakeFiles/driver.dir/stm32h7xx_hal_tim.c.o
LOAD src/driver/CMakeFiles/driver.dir/stm32h7xx_hal_uart.c.o
LOAD src/driver/CMakeFiles/driver.dir/stm32h7xx_hal_uart_ex.c.o
LOAD src/driver/CMakeFiles/driver.dir/stm32h7xx_hal.c.o
LOAD src/driver/CMakeFiles/driver.dir/stm32h7xx_ll_fmc.c.o
LOAD src/User/CMakeFiles/user.dir/application.c.o
LOAD src/User/CMakeFiles/user.dir/main.c.o
LOAD src/User/CMakeFiles/user.dir/normal_stack.c.o
LOAD src/User/CMakeFiles/user.dir/range_stack.c.o
LOAD src/User/CMakeFiles/user.dir/stack.c.o
LOAD src/User/CMakeFiles/user.dir/validator.c.o
LOAD src/rtos/cortex-m7/CMakeFiles/cortex-m7.dir/context_gcc.S.o
LOAD src/rtos/cortex-m7/CMakeFiles/cortex-m7.dir/cpu_cache.c.o
LOAD src/rtos/cortex-m7/CMakeFiles/cortex-m7.dir/cpuport.c.o
LOAD src/rtos/src/CMakeFiles/rtossrc.dir/clock.c.o
LOAD src/rtos/src/CMakeFiles/rtossrc.dir/components.c.o
LOAD src/rtos/src/CMakeFiles/rtossrc.dir/cpu.c.o
LOAD src/rtos/src/CMakeFiles/rtossrc.dir/idle.c.o
LOAD src/rtos/src/CMakeFiles/rtossrc.dir/ipc.c.o
LOAD src/rtos/src/CMakeFiles/rtossrc.dir/irq.c.o
LOAD src/rtos/src/CMakeFiles/rtossrc.dir/kservice.c.o
LOAD src/rtos/src/CMakeFiles/rtossrc.dir/mem.c.o
LOAD src/rtos/src/CMakeFiles/rtossrc.dir/memheap.c.o
LOAD src/rtos/src/CMakeFiles/rtossrc.dir/mempool.c.o
LOAD src/rtos/src/CMakeFiles/rtossrc.dir/object.c.o
LOAD src/rtos/src/CMakeFiles/rtossrc.dir/scheduler.c.o
LOAD src/rtos/src/CMakeFiles/rtossrc.dir/slab.c.o
LOAD src/rtos/src/CMakeFiles/rtossrc.dir/thread.c.o
LOAD src/rtos/src/CMakeFiles/rtossrc.dir/timer.c.o
LOAD src/components/finsh/CMakeFiles/finsh.dir/cmd.c.o
LOAD src/components/finsh/CMakeFiles/finsh.dir/msh.c.o
LOAD src/components/finsh/CMakeFiles/finsh.dir/shell.c.o
START GROUP
LOAD /mnt/d/gcc-arm-none-eabi-8-2019-q3-update/bin/../lib/gcc/arm-none-eabi/8.3.1/thumb/v7e-m+dp/hard/libgcc.a
LOAD /mnt/d/gcc-arm-none-eabi-8-2019-q3-update/bin/../lib/gcc/arm-none-eabi/8.3.1/../../../../arm-none-eabi/lib/thumb/v7e-m+dp/hard/libc_nano.a
END GROUP
START GROUP
LOAD /mnt/d/gcc-arm-none-eabi-8-2019-q3-update/bin/../lib/gcc/arm-none-eabi/8.3.1/thumb/v7e-m+dp/hard/libgcc.a
LOAD /mnt/d/gcc-arm-none-eabi-8-2019-q3-update/bin/../lib/gcc/arm-none-eabi/8.3.1/../../../../arm-none-eabi/lib/thumb/v7e-m+dp/hard/libc_nano.a
LOAD /mnt/d/gcc-arm-none-eabi-8-2019-q3-update/bin/../lib/gcc/arm-none-eabi/8.3.1/../../../../arm-none-eabi/lib/thumb/v7e-m+dp/hard/libnosys.a
END GROUP
START GROUP
LOAD /mnt/d/gcc-arm-none-eabi-8-2019-q3-update/bin/../lib/gcc/arm-none-eabi/8.3.1/thumb/v7e-m+dp/hard/libgcc.a
LOAD /mnt/d/gcc-arm-none-eabi-8-2019-q3-update/bin/../lib/gcc/arm-none-eabi/8.3.1/../../../../arm-none-eabi/lib/thumb/v7e-m+dp/hard/libc_nano.a
LOAD /mnt/d/gcc-arm-none-eabi-8-2019-q3-update/bin/../lib/gcc/arm-none-eabi/8.3.1/../../../../arm-none-eabi/lib/thumb/v7e-m+dp/hard/libnosys.a
END GROUP
LOAD /mnt/d/gcc-arm-none-eabi-8-2019-q3-update/bin/../lib/gcc/arm-none-eabi/8.3.1/thumb/v7e-m+dp/hard/crtend.o
LOAD /mnt/d/gcc-arm-none-eabi-8-2019-q3-update/bin/../lib/gcc/arm-none-eabi/8.3.1/thumb/v7e-m+dp/hard/crtn.o
                0x0000000020020000                _estack = 0x20020000
                0x0000000000000200                _Min_Heap_Size = 0x200
                0x0000000000000400                _Min_Stack_Size = 0x400

.isr_vector     0x0000000008000000      0x298
                0x0000000008000000                . = ALIGN (0x4)
 *(.isr_vector)
 .isr_vector    0x0000000008000000      0x298 src/GCCARM/CMakeFiles/gccarm.dir/startup_stm32h743xx.s.o
                0x0000000008000000                g_pfnVectors
                0x0000000008000298                . = ALIGN (0x4)

.text           0x0000000008000298     0x6178
                0x0000000008000298                . = ALIGN (0x4)
 *(.text)
 .text          0x0000000008000298       0x40 /mnt/d/gcc-arm-none-eabi-8-2019-q3-update/bin/../lib/gcc/arm-none-eabi/8.3.1/thumb/v7e-m+dp/hard/crtbegin.o
 .text          0x00000000080002d8      0x150 src/rtos/cortex-m7/CMakeFiles/cortex-m7.dir/context_gcc.S.o
                0x00000000080002d8                rt_hw_interrupt_disable
                0x00000000080002e0                rt_hw_interrupt_enable
                0x00000000080002e6                rt_hw_context_switch_interrupt
                0x00000000080002e6                rt_hw_context_switch
                0x0000000008000306                PendSV_Handler
                0x0000000008000372                rt_hw_context_switch_to
                0x00000000080003ba                rt_hw_interrupt_thread_switch
                0x00000000080003be                HardFault_Handler
 .text          0x0000000008000428       0x30 /mnt/d/gcc-arm-none-eabi-8-2019-q3-update/bin/../lib/gcc/arm-none-eabi/8.3.1/thumb/v7e-m+dp/hard/libgcc.a(_aeabi_uldivmod.o)
                0x0000000008000428                __aeabi_uldivmod
 .text          0x0000000008000458      0x2d0 /mnt/d/gcc-arm-none-eabi-8-2019-q3-update/bin/../lib/gcc/arm-none-eabi/8.3.1/thumb/v7e-m+dp/hard/libgcc.a(_udivmoddi4.o)
                0x0000000008000458                __udivmoddi4
 .text          0x0000000008000728        0x4 /mnt/d/gcc-arm-none-eabi-8-2019-q3-update/bin/../lib/gcc/arm-none-eabi/8.3.1/thumb/v7e-m+dp/hard/libgcc.a(_dvmd_tls.o)
                0x0000000008000728                __aeabi_ldiv0
                0x0000000008000728                __aeabi_idiv0
 .text          0x000000000800072c       0x9a /mnt/d/gcc-arm-none-eabi-8-2019-q3-update/bin/../lib/gcc/arm-none-eabi/8.3.1/../../../../arm-none-eabi/lib/thumb/v7e-m+dp/hard/libc_nano.a(lib_a-aeabi_memset-soft.o)
                0x000000000800072c                __aeabi_memset
                0x000000000800072c                __aeabi_memset8
                0x000000000800072c                __aeabi_memset4
 .text          0x00000000080007c6       0x10 /mnt/d/gcc-arm-none-eabi-8-2019-q3-update/bin/../lib/gcc/arm-none-eabi/8.3.1/../../../../arm-none-eabi/lib/thumb/v7e-m+dp/hard/libc_nano.a(lib_a-strlen.o)
                0x00000000080007c6                strlen
 *(.text*)
 .text.bsp_InitExtIO
                0x00000000080007d6       0x28 src/BSP/CMakeFiles/bsp.dir/bsp_fmc_io.c.o
                0x00000000080007d6                bsp_InitExtIO
 .text.HC574_ConfigGPIO
                0x00000000080007fe       0xf0 src/BSP/CMakeFiles/bsp.dir/bsp_fmc_io.c.o
 .text.HC574_ConfigFMC
                0x00000000080008ee       0x74 src/BSP/CMakeFiles/bsp.dir/bsp_fmc_io.c.o
 .text.HC574_SetPin
                0x0000000008000962       0x24 src/BSP/CMakeFiles/bsp.dir/bsp_fmc_io.c.o
                0x0000000008000962                HC574_SetPin
 .text.bsp_InitKey
                0x0000000008000986       0x10 src/BSP/CMakeFiles/bsp.dir/bsp_key.c.o
                0x0000000008000986                bsp_InitKey
 .text.bsp_InitKeyVar
                0x0000000008000996       0x68 src/BSP/CMakeFiles/bsp.dir/bsp_key.c.o
 .text.bsp_InitKeyHard
                0x00000000080009fe       0xa0 src/BSP/CMakeFiles/bsp.dir/bsp_key.c.o
 .text.bsp_PutKey
                0x0000000008000a9e       0x1c src/BSP/CMakeFiles/bsp.dir/bsp_key.c.o
                0x0000000008000a9e                bsp_PutKey
 .text.bsp_SetKeyParam
                0x0000000008000aba       0x16 src/BSP/CMakeFiles/bsp.dir/bsp_key.c.o
                0x0000000008000aba                bsp_SetKeyParam
 .text.bsp_KeyScan10ms
                0x0000000008000ad0       0x16 src/BSP/CMakeFiles/bsp.dir/bsp_key.c.o
                0x0000000008000ad0                bsp_KeyScan10ms
 .text.bsp_DetectKey
                0x0000000008000ae6       0xc8 src/BSP/CMakeFiles/bsp.dir/bsp_key.c.o
 .text.IsKeyDownFunc
                0x0000000008000bae       0x82 src/BSP/CMakeFiles/bsp.dir/bsp_key.c.o
 .text.KeyPinActive
                0x0000000008000c30       0x26 src/BSP/CMakeFiles/bsp.dir/bsp_key.c.o
 .text.bsp_InitLed
                0x0000000008000c56       0x20 src/BSP/CMakeFiles/bsp.dir/bsp_led.c.o
                0x0000000008000c56                bsp_InitLed
 .text.bsp_LedOff
                0x0000000008000c76       0x1e src/BSP/CMakeFiles/bsp.dir/bsp_led.c.o
                0x0000000008000c76                bsp_LedOff
 .text.bsp_LedOn
                0x0000000008000c94       0x1e src/BSP/CMakeFiles/bsp.dir/bsp_led.c.o
                0x0000000008000c94                bsp_LedOn
 .text.bsp_InitTimer
                0x0000000008000cb2       0x52 src/BSP/CMakeFiles/bsp.dir/bsp_timer.c.o
                0x0000000008000cb2                bsp_InitTimer
 .text.SysTick_Config
                0x0000000008000d04       0x26 src/BSP/CMakeFiles/bsp.dir/bsp_timer.c.o
 .text.bsp_InitHardTimer
                0x0000000008000d2a       0x94 src/BSP/CMakeFiles/bsp.dir/bsp_timer.c.o
                0x0000000008000d2a                bsp_InitHardTimer
 .text.SysTick_ISR
                0x0000000008000dbe       0x7c src/BSP/CMakeFiles/bsp.dir/bsp_timer.c.o
                0x0000000008000dbe                SysTick_ISR
 .text.bsp_SoftTimerDec
                0x0000000008000e3a       0x22 src/BSP/CMakeFiles/bsp.dir/bsp_timer.c.o
 .text.SysTick_Handler
                0x0000000008000e5c       0x2c src/BSP/CMakeFiles/bsp.dir/bsp_timer.c.o
                0x0000000008000e5c                SysTick_Handler
 .text.TIM2_IRQHandler
                0x0000000008000e88       0x98 src/BSP/CMakeFiles/bsp.dir/bsp_timer.c.o
                0x0000000008000e88                TIM2_IRQHandler
 .text.__NVIC_SetPriority
                0x0000000008000f20        0xe src/BSP/CMakeFiles/bsp.dir/bsp_timer.c.o
 .text.bsp_InitUart
                0x0000000008000f2e       0x14 src/BSP/CMakeFiles/bsp.dir/bsp_uart_fifo.c.o
                0x0000000008000f2e                bsp_InitUart
 .text.UartVarInit
                0x0000000008000f42       0x9c src/BSP/CMakeFiles/bsp.dir/bsp_uart_fifo.c.o
 .text.InitHardUart
                0x0000000008000fde      0x182 src/BSP/CMakeFiles/bsp.dir/bsp_uart_fifo.c.o
 .text.RS485_InitTXE
                0x0000000008001160       0x42 src/BSP/CMakeFiles/bsp.dir/bsp_uart_fifo.c.o
                0x0000000008001160                RS485_InitTXE
 .text.UartGetChar
                0x00000000080011a2       0x42 src/BSP/CMakeFiles/bsp.dir/bsp_uart_fifo.c.o
 .text.bsp_SetUartParam
                0x00000000080011e4       0x42 src/BSP/CMakeFiles/bsp.dir/bsp_uart_fifo.c.o
                0x00000000080011e4                bsp_SetUartParam
 .text.RS485_SendBefor
                0x0000000008001226        0xe src/BSP/CMakeFiles/bsp.dir/bsp_uart_fifo.c.o
                0x0000000008001226                RS485_SendBefor
 .text.RS485_SendOver
                0x0000000008001234        0xe src/BSP/CMakeFiles/bsp.dir/bsp_uart_fifo.c.o
                0x0000000008001234                RS485_SendOver
 .text.RS485_ReciveNew
                0x0000000008001242        0x2 src/BSP/CMakeFiles/bsp.dir/bsp_uart_fifo.c.o
                0x0000000008001242                RS485_ReciveNew
 .text.USART1_IRQHandler
                0x0000000008001244       0x1c src/BSP/CMakeFiles/bsp.dir/bsp_uart_fifo.c.o
                0x0000000008001244                USART1_IRQHandler
 .text.UartIRQ  0x0000000008001260      0x132 src/BSP/CMakeFiles/bsp.dir/bsp_uart_fifo.c.o
 .text.USART3_IRQHandler
                0x0000000008001392        0xc src/BSP/CMakeFiles/bsp.dir/bsp_uart_fifo.c.o
                0x0000000008001392                USART3_IRQHandler
 .text.rt_hw_console_getchar
                0x000000000800139e        0xc src/BSP/CMakeFiles/bsp.dir/bsp_uart_fifo.c.o
                0x000000000800139e                rt_hw_console_getchar
 .text.bsp_Init
                0x00000000080013aa       0x2c src/BSP/CMakeFiles/bsp.dir/bsp.c.o
                0x00000000080013aa                bsp_Init
 .text.MPU_Config
                0x00000000080013d6       0x5a src/BSP/CMakeFiles/bsp.dir/bsp.c.o
 .text.CPU_CACHE_Enable
                0x0000000008001430       0x10 src/BSP/CMakeFiles/bsp.dir/bsp.c.o
 .text.SystemClock_Config
                0x0000000008001440       0xb8 src/BSP/CMakeFiles/bsp.dir/bsp.c.o
 .text.Error_Handler
                0x00000000080014f8        0x8 src/BSP/CMakeFiles/bsp.dir/bsp.c.o
                0x00000000080014f8                Error_Handler
 .text.bsp_RunPer10ms
                0x0000000008001500        0x4 src/BSP/CMakeFiles/bsp.dir/bsp.c.o
                0x0000000008001500                bsp_RunPer10ms
 .text.bsp_RunPer1ms
                0x0000000008001504        0x2 src/BSP/CMakeFiles/bsp.dir/bsp.c.o
                0x0000000008001504                bsp_RunPer1ms
 .text.SCB_EnableICache
                0x0000000008001506       0x30 src/BSP/CMakeFiles/bsp.dir/bsp.c.o
 .text.SCB_EnableDCache
                0x0000000008001536       0x66 src/BSP/CMakeFiles/bsp.dir/bsp.c.o
 .text.NMI_Handler
                0x000000000800159c        0x2 src/BSP/CMakeFiles/bsp.dir/stm32h7xx_it.c.o
                0x000000000800159c                NMI_Handler
 .text.MemManage_Handler
                0x000000000800159e        0x2 src/BSP/CMakeFiles/bsp.dir/stm32h7xx_it.c.o
                0x000000000800159e                MemManage_Handler
 .text.BusFault_Handler
                0x00000000080015a0        0x2 src/BSP/CMakeFiles/bsp.dir/stm32h7xx_it.c.o
                0x00000000080015a0                BusFault_Handler
 .text.UsageFault_Handler
                0x00000000080015a2        0x2 src/BSP/CMakeFiles/bsp.dir/stm32h7xx_it.c.o
                0x00000000080015a2                UsageFault_Handler
 .text.SVC_Handler
                0x00000000080015a4        0x2 src/BSP/CMakeFiles/bsp.dir/stm32h7xx_it.c.o
                0x00000000080015a4                SVC_Handler
 .text.DebugMon_Handler
                0x00000000080015a6        0x2 src/BSP/CMakeFiles/bsp.dir/stm32h7xx_it.c.o
                0x00000000080015a6                DebugMon_Handler
 .text.rt_hw_board_init
                0x00000000080015a8       0x14 src/BSP/CMakeFiles/bsp.dir/board.c.o
                0x00000000080015a8                rt_hw_board_init
 .text.SystemInit
                0x00000000080015bc       0x6c src/CMSIS/CMakeFiles/cmsis.dir/system_stm32h7xx.c.o
                0x00000000080015bc                SystemInit
 .text.SystemCoreClockUpdate
                0x0000000008001628      0x10c src/CMSIS/CMakeFiles/cmsis.dir/system_stm32h7xx.c.o
                0x0000000008001628                SystemCoreClockUpdate
 .text.Reset_Handler
                0x0000000008001734       0x50 src/GCCARM/CMakeFiles/gccarm.dir/startup_stm32h743xx.s.o
                0x0000000008001734                Reset_Handler
 .text.Default_Handler
                0x0000000008001784        0x2 src/GCCARM/CMakeFiles/gccarm.dir/startup_stm32h743xx.s.o
                0x0000000008001784                RTC_Alarm_IRQHandler
                0x0000000008001784                EXTI2_IRQHandler
                0x0000000008001784                TIM8_CC_IRQHandler
                0x0000000008001784                HRTIM1_Master_IRQHandler
                0x0000000008001784                UART8_IRQHandler
                0x0000000008001784                SPI4_IRQHandler
                0x0000000008001784                TIM1_CC_IRQHandler
                0x0000000008001784                BDMA_Channel6_IRQHandler
                0x0000000008001784                DMA2_Stream5_IRQHandler
                0x0000000008001784                HRTIM1_FLT_IRQHandler
                0x0000000008001784                JPEG_IRQHandler
                0x0000000008001784                DMA1_Stream5_IRQHandler
                0x0000000008001784                BDMA_Channel1_IRQHandler
                0x0000000008001784                HRTIM1_TIMD_IRQHandler
                0x0000000008001784                TAMP_STAMP_IRQHandler
                0x0000000008001784                EXTI3_IRQHandler
                0x0000000008001784                LPTIM4_IRQHandler
                0x0000000008001784                TIM8_TRG_COM_TIM14_IRQHandler
                0x0000000008001784                LPTIM2_IRQHandler
                0x0000000008001784                DFSDM1_FLT1_IRQHandler
                0x0000000008001784                DMAMUX2_OVR_IRQHandler
                0x0000000008001784                TIM8_UP_TIM13_IRQHandler
                0x0000000008001784                I2C3_ER_IRQHandler
                0x0000000008001784                DFSDM1_FLT2_IRQHandler
                0x0000000008001784                MDMA_IRQHandler
                0x0000000008001784                LPTIM3_IRQHandler
                0x0000000008001784                HSEM1_IRQHandler
                0x0000000008001784                EXTI0_IRQHandler
                0x0000000008001784                I2C2_EV_IRQHandler
                0x0000000008001784                DMA1_Stream2_IRQHandler
                0x0000000008001784                FPU_IRQHandler
                0x0000000008001784                OTG_HS_WKUP_IRQHandler
                0x0000000008001784                FDCAN1_IT1_IRQHandler
                0x0000000008001784                LTDC_ER_IRQHandler
                0x0000000008001784                DMA2_Stream2_IRQHandler
                0x0000000008001784                HRTIM1_TIME_IRQHandler
                0x0000000008001784                SPI1_IRQHandler
                0x0000000008001784                TIM6_DAC_IRQHandler
                0x0000000008001784                DCMI_IRQHandler
                0x0000000008001784                HRTIM1_TIMC_IRQHandler
                0x0000000008001784                DMA2_Stream3_IRQHandler
                0x0000000008001784                SAI2_IRQHandler
                0x0000000008001784                DFSDM1_FLT3_IRQHandler
                0x0000000008001784                USART6_IRQHandler
                0x0000000008001784                TIM17_IRQHandler
                0x0000000008001784                BDMA_Channel7_IRQHandler
                0x0000000008001784                LPTIM5_IRQHandler
                0x0000000008001784                UART5_IRQHandler
                0x0000000008001784                ADC3_IRQHandler
                0x0000000008001784                DMA2_Stream0_IRQHandler
                0x0000000008001784                TIM4_IRQHandler
                0x0000000008001784                BDMA_Channel2_IRQHandler
                0x0000000008001784                QUADSPI_IRQHandler
                0x0000000008001784                I2C1_EV_IRQHandler
                0x0000000008001784                DMA1_Stream6_IRQHandler
                0x0000000008001784                DMAMUX1_OVR_IRQHandler
                0x0000000008001784                DMA1_Stream1_IRQHandler
                0x0000000008001784                TIM16_IRQHandler
                0x0000000008001784                UART4_IRQHandler
                0x0000000008001784                BDMA_Channel5_IRQHandler
                0x0000000008001784                TIM3_IRQHandler
                0x0000000008001784                RCC_IRQHandler
                0x0000000008001784                TIM8_BRK_TIM12_IRQHandler
                0x0000000008001784                TIM1_TRG_COM_IRQHandler
                0x0000000008001784                Default_Handler
                0x0000000008001784                CEC_IRQHandler
                0x0000000008001784                EXTI15_10_IRQHandler
                0x0000000008001784                BDMA_Channel0_IRQHandler
                0x0000000008001784                ADC_IRQHandler
                0x0000000008001784                DMA1_Stream7_IRQHandler
                0x0000000008001784                HRTIM1_TIMA_IRQHandler
                0x0000000008001784                SPI5_IRQHandler
                0x0000000008001784                TIM7_IRQHandler
                0x0000000008001784                SDMMC1_IRQHandler
                0x0000000008001784                TIM5_IRQHandler
                0x0000000008001784                DMA2_Stream7_IRQHandler
                0x0000000008001784                TIM15_IRQHandler
                0x0000000008001784                PVD_AVD_IRQHandler
                0x0000000008001784                I2C3_EV_IRQHandler
                0x0000000008001784                EXTI9_5_IRQHandler
                0x0000000008001784                RTC_WKUP_IRQHandler
                0x0000000008001784                LTDC_IRQHandler
                0x0000000008001784                SAI3_IRQHandler
                0x0000000008001784                ETH_WKUP_IRQHandler
                0x0000000008001784                SPDIF_RX_IRQHandler
                0x0000000008001784                SPI2_IRQHandler
                0x0000000008001784                OTG_HS_EP1_IN_IRQHandler
                0x0000000008001784                DMA1_Stream0_IRQHandler
                0x0000000008001784                CRS_IRQHandler
                0x0000000008001784                EXTI4_IRQHandler
                0x0000000008001784                RNG_IRQHandler
                0x0000000008001784                HRTIM1_TIMB_IRQHandler
                0x0000000008001784                FDCAN2_IT1_IRQHandler
                0x0000000008001784                ETH_IRQHandler
                0x0000000008001784                TIM1_UP_IRQHandler
                0x0000000008001784                BDMA_Channel4_IRQHandler
                0x0000000008001784                OTG_HS_EP1_OUT_IRQHandler
                0x0000000008001784                WWDG_IRQHandler
                0x0000000008001784                SPI6_IRQHandler
                0x0000000008001784                MDIOS_IRQHandler
                0x0000000008001784                I2C4_EV_IRQHandler
                0x0000000008001784                FDCAN2_IT0_IRQHandler
                0x0000000008001784                LPUART1_IRQHandler
                0x0000000008001784                FDCAN1_IT0_IRQHandler
                0x0000000008001784                OTG_FS_WKUP_IRQHandler
                0x0000000008001784                OTG_HS_IRQHandler
                0x0000000008001784                DMA2D_IRQHandler
                0x0000000008001784                TIM1_BRK_IRQHandler
                0x0000000008001784                EXTI1_IRQHandler
                0x0000000008001784                SDMMC2_IRQHandler
                0x0000000008001784                OTG_FS_EP1_OUT_IRQHandler
                0x0000000008001784                BDMA_Channel3_IRQHandler
                0x0000000008001784                UART7_IRQHandler
                0x0000000008001784                MDIOS_WKUP_IRQHandler
                0x0000000008001784                USART2_IRQHandler
                0x0000000008001784                DFSDM1_FLT0_IRQHandler
                0x0000000008001784                SAI4_IRQHandler
                0x0000000008001784                I2C2_ER_IRQHandler
                0x0000000008001784                DMA2_Stream1_IRQHandler
                0x0000000008001784                FLASH_IRQHandler
                0x0000000008001784                DMA2_Stream4_IRQHandler
                0x0000000008001784                OTG_FS_IRQHandler
                0x0000000008001784                SPI3_IRQHandler
                0x0000000008001784                WAKEUP_PIN_IRQHandler
                0x0000000008001784                DMA1_Stream4_IRQHandler
                0x0000000008001784                OTG_FS_EP1_IN_IRQHandler
                0x0000000008001784                I2C1_ER_IRQHandler
                0x0000000008001784                FMC_IRQHandler
                0x0000000008001784                FDCAN_CAL_IRQHandler
                0x0000000008001784                SWPMI1_IRQHandler
                0x0000000008001784                COMP1_IRQHandler
                0x0000000008001784                LPTIM1_IRQHandler
                0x0000000008001784                I2C4_ER_IRQHandler
                0x0000000008001784                DMA2_Stream6_IRQHandler
                0x0000000008001784                SAI1_IRQHandler
                0x0000000008001784                DMA1_Stream3_IRQHandler
 .text.HAL_NVIC_SetPriorityGrouping
                0x0000000008001786        0x4 src/driver/CMakeFiles/driver.dir/stm32h7xx_hal_cortex.c.o
                0x0000000008001786                HAL_NVIC_SetPriorityGrouping
 .text.__NVIC_SetPriorityGrouping
                0x000000000800178a       0x20 src/driver/CMakeFiles/driver.dir/stm32h7xx_hal_cortex.c.o
 .text.HAL_NVIC_SetPriority
                0x00000000080017aa       0x2a src/driver/CMakeFiles/driver.dir/stm32h7xx_hal_cortex.c.o
                0x00000000080017aa                HAL_NVIC_SetPriority
 .text.__NVIC_GetPriorityGrouping
                0x00000000080017d4       0x10 src/driver/CMakeFiles/driver.dir/stm32h7xx_hal_cortex.c.o
 .text.__NVIC_SetPriority
                0x00000000080017e4       0x22 src/driver/CMakeFiles/driver.dir/stm32h7xx_hal_cortex.c.o
 .text.NVIC_EncodePriority
                0x0000000008001806       0x2e src/driver/CMakeFiles/driver.dir/stm32h7xx_hal_cortex.c.o
 .text.HAL_NVIC_EnableIRQ
                0x0000000008001834        0x4 src/driver/CMakeFiles/driver.dir/stm32h7xx_hal_cortex.c.o
                0x0000000008001834                HAL_NVIC_EnableIRQ
 .text.__NVIC_EnableIRQ
                0x0000000008001838       0x20 src/driver/CMakeFiles/driver.dir/stm32h7xx_hal_cortex.c.o
 .text.HAL_SYSTICK_Config
                0x0000000008001858        0x4 src/driver/CMakeFiles/driver.dir/stm32h7xx_hal_cortex.c.o
                0x0000000008001858                HAL_SYSTICK_Config
 .text.SysTick_Config
                0x000000000800185c       0x32 src/driver/CMakeFiles/driver.dir/stm32h7xx_hal_cortex.c.o
 .text.HAL_MPU_Disable
                0x000000000800188e       0x1a src/driver/CMakeFiles/driver.dir/stm32h7xx_hal_cortex.c.o
                0x000000000800188e                HAL_MPU_Disable
 .text.HAL_MPU_Enable
                0x00000000080018a8       0x20 src/driver/CMakeFiles/driver.dir/stm32h7xx_hal_cortex.c.o
                0x00000000080018a8                HAL_MPU_Enable
 .text.HAL_MPU_ConfigRegion
                0x00000000080018c8       0x60 src/driver/CMakeFiles/driver.dir/stm32h7xx_hal_cortex.c.o
                0x00000000080018c8                HAL_MPU_ConfigRegion
 .text.HAL_GPIO_Init
                0x0000000008001928      0x196 src/driver/CMakeFiles/driver.dir/stm32h7xx_hal_gpio.c.o
                0x0000000008001928                HAL_GPIO_Init
 *fill*         0x0000000008001abe        0x2 
 .text.HAL_RCCEx_PeriphCLKConfig
                0x0000000008001ac0      0x8fa src/driver/CMakeFiles/driver.dir/stm32h7xx_hal_rcc_ex.c.o
                0x0000000008001ac0                HAL_RCCEx_PeriphCLKConfig
 .text.RCCEx_PLL2_Config
                0x00000000080023ba      0x100 src/driver/CMakeFiles/driver.dir/stm32h7xx_hal_rcc_ex.c.o
 .text.RCCEx_PLL3_Config
                0x00000000080024ba      0x100 src/driver/CMakeFiles/driver.dir/stm32h7xx_hal_rcc_ex.c.o
 *fill*         0x00000000080025ba        0x2 
 .text.HAL_RCCEx_GetPLL2ClockFreq
                0x00000000080025bc       0xfc src/driver/CMakeFiles/driver.dir/stm32h7xx_hal_rcc_ex.c.o
                0x00000000080025bc                HAL_RCCEx_GetPLL2ClockFreq
 .text.HAL_RCCEx_GetPLL3ClockFreq
                0x00000000080026b8       0xfc src/driver/CMakeFiles/driver.dir/stm32h7xx_hal_rcc_ex.c.o
                0x00000000080026b8                HAL_RCCEx_GetPLL3ClockFreq
 .text.HAL_RCCEx_GetD3PCLK1Freq
                0x00000000080027b4       0x30 src/driver/CMakeFiles/driver.dir/stm32h7xx_hal_rcc_ex.c.o
                0x00000000080027b4                HAL_RCCEx_GetD3PCLK1Freq
 .text.HAL_RCCEx_GetD1SysClockFreq
                0x00000000080027e4       0x3c src/driver/CMakeFiles/driver.dir/stm32h7xx_hal_rcc_ex.c.o
                0x00000000080027e4                HAL_RCCEx_GetD1SysClockFreq
 .text.HAL_SRAM_Init
                0x0000000008002820       0x70 src/driver/CMakeFiles/driver.dir/stm32h7xx_hal_sram.c.o
                0x0000000008002820                HAL_SRAM_Init
 .text.HAL_SRAM_MspInit
                0x0000000008002890        0x2 src/driver/CMakeFiles/driver.dir/stm32h7xx_hal_sram.c.o
                0x0000000008002890                HAL_SRAM_MspInit
 .text.HAL_RCC_OscConfig
                0x0000000008002892      0x4a0 src/driver/CMakeFiles/driver.dir/stm32h7xx_hal_rcc.c.o
                0x0000000008002892                HAL_RCC_OscConfig
 .text.HAL_RCC_ClockConfig
                0x0000000008002d32      0x1fc src/driver/CMakeFiles/driver.dir/stm32h7xx_hal_rcc.c.o
                0x0000000008002d32                HAL_RCC_ClockConfig
 *fill*         0x0000000008002f2e        0x2 
 .text.HAL_RCC_GetSysClockFreq
                0x0000000008002f30       0xe8 src/driver/CMakeFiles/driver.dir/stm32h7xx_hal_rcc.c.o
                0x0000000008002f30                HAL_RCC_GetSysClockFreq
 .text.HAL_RCC_GetHCLKFreq
                0x0000000008003018       0x3a src/driver/CMakeFiles/driver.dir/stm32h7xx_hal_rcc.c.o
                0x0000000008003018                HAL_RCC_GetHCLKFreq
 .text.HAL_RCC_GetPCLK1Freq
                0x0000000008003052       0x30 src/driver/CMakeFiles/driver.dir/stm32h7xx_hal_rcc.c.o
                0x0000000008003052                HAL_RCC_GetPCLK1Freq
 .text.HAL_RCC_GetPCLK2Freq
                0x0000000008003082       0x32 src/driver/CMakeFiles/driver.dir/stm32h7xx_hal_rcc.c.o
                0x0000000008003082                HAL_RCC_GetPCLK2Freq
 .text.HAL_TIM_Base_Init
                0x00000000080030b4       0x38 src/driver/CMakeFiles/driver.dir/stm32h7xx_hal_tim.c.o
                0x00000000080030b4                HAL_TIM_Base_Init
 .text.HAL_TIM_Base_MspInit
                0x00000000080030ec        0x2 src/driver/CMakeFiles/driver.dir/stm32h7xx_hal_tim.c.o
                0x00000000080030ec                HAL_TIM_Base_MspInit
 .text.TIM_Base_SetConfig
                0x00000000080030ee      0x136 src/driver/CMakeFiles/driver.dir/stm32h7xx_hal_tim.c.o
                0x00000000080030ee                TIM_Base_SetConfig
 .text.HAL_TIM_Base_Start
                0x0000000008003224       0x1a src/driver/CMakeFiles/driver.dir/stm32h7xx_hal_tim.c.o
                0x0000000008003224                HAL_TIM_Base_Start
 .text.HAL_UART_Init
                0x000000000800323e       0x68 src/driver/CMakeFiles/driver.dir/stm32h7xx_hal_uart.c.o
                0x000000000800323e                HAL_UART_Init
 .text.HAL_UART_MspInit
                0x00000000080032a6        0x2 src/driver/CMakeFiles/driver.dir/stm32h7xx_hal_uart.c.o
                0x00000000080032a6                HAL_UART_MspInit
 .text.UART_SetConfig
                0x00000000080032a8      0x79c src/driver/CMakeFiles/driver.dir/stm32h7xx_hal_uart.c.o
                0x00000000080032a8                UART_SetConfig
 .text.UART_AdvFeatureConfig
                0x0000000008003a44       0xe8 src/driver/CMakeFiles/driver.dir/stm32h7xx_hal_uart.c.o
                0x0000000008003a44                UART_AdvFeatureConfig
 .text.UART_CheckIdleState
                0x0000000008003b2c       0x68 src/driver/CMakeFiles/driver.dir/stm32h7xx_hal_uart.c.o
                0x0000000008003b2c                UART_CheckIdleState
 .text.UART_WaitOnFlagUntilTimeout
                0x0000000008003b94       0x8a src/driver/CMakeFiles/driver.dir/stm32h7xx_hal_uart.c.o
                0x0000000008003b94                UART_WaitOnFlagUntilTimeout
 .text.HAL_Init
                0x0000000008003c1e       0x20 src/driver/CMakeFiles/driver.dir/stm32h7xx_hal.c.o
                0x0000000008003c1e                HAL_Init
 .text.HAL_InitTick
                0x0000000008003c3e       0x4e src/driver/CMakeFiles/driver.dir/stm32h7xx_hal.c.o
                0x0000000008003c3e                HAL_InitTick
 .text.HAL_MspInit
                0x0000000008003c8c        0x2 src/driver/CMakeFiles/driver.dir/stm32h7xx_hal.c.o
                0x0000000008003c8c                HAL_MspInit
 .text.HAL_IncTick
                0x0000000008003c8e       0x1a src/driver/CMakeFiles/driver.dir/stm32h7xx_hal.c.o
                0x0000000008003c8e                HAL_IncTick
 .text.HAL_GetTick
                0x0000000008003ca8        0xc src/driver/CMakeFiles/driver.dir/stm32h7xx_hal.c.o
                0x0000000008003ca8                HAL_GetTick
 .text.HAL_EnableCompensationCell
                0x0000000008003cb4       0x12 src/driver/CMakeFiles/driver.dir/stm32h7xx_hal.c.o
                0x0000000008003cb4                HAL_EnableCompensationCell
 .text.FMC_NORSRAM_Init
                0x0000000008003cc6       0x94 src/driver/CMakeFiles/driver.dir/stm32h7xx_ll_fmc.c.o
                0x0000000008003cc6                FMC_NORSRAM_Init
 .text.FMC_NORSRAM_Timing_Init
                0x0000000008003d5a       0x6a src/driver/CMakeFiles/driver.dir/stm32h7xx_ll_fmc.c.o
                0x0000000008003d5a                FMC_NORSRAM_Timing_Init
 .text.FMC_NORSRAM_Extended_Timing_Init
                0x0000000008003dc4       0x42 src/driver/CMakeFiles/driver.dir/stm32h7xx_ll_fmc.c.o
                0x0000000008003dc4                FMC_NORSRAM_Extended_Timing_Init
 .text.main     0x0000000008003e06       0x22 src/User/CMakeFiles/user.dir/main.c.o
                0x0000000008003e06                main
 .text.rt_hw_stack_init
                0x0000000008003e28       0x48 src/rtos/cortex-m7/CMakeFiles/cortex-m7.dir/cpuport.c.o
                0x0000000008003e28                rt_hw_stack_init
 .text.rt_hw_hard_fault_exception
                0x0000000008003e70      0x140 src/rtos/cortex-m7/CMakeFiles/cortex-m7.dir/cpuport.c.o
                0x0000000008003e70                rt_hw_hard_fault_exception
 .text.hard_fault_track
                0x0000000008003fb0       0x62 src/rtos/cortex-m7/CMakeFiles/cortex-m7.dir/cpuport.c.o
 .text.bus_fault_track
                0x0000000008004012       0xae src/rtos/cortex-m7/CMakeFiles/cortex-m7.dir/cpuport.c.o
 .text.mem_manage_fault_track
                0x00000000080040c0       0x9a src/rtos/cortex-m7/CMakeFiles/cortex-m7.dir/cpuport.c.o
 .text.usage_fault_track
                0x000000000800415a       0xa2 src/rtos/cortex-m7/CMakeFiles/cortex-m7.dir/cpuport.c.o
 .text.rt_tick_get
                0x00000000080041fc        0xc src/rtos/src/CMakeFiles/rtossrc.dir/clock.c.o
                0x00000000080041fc                rt_tick_get
 .text.rt_tick_increase
                0x0000000008004208       0x36 src/rtos/src/CMakeFiles/rtossrc.dir/clock.c.o
                0x0000000008004208                rt_tick_increase
 .text.rt_tick_from_millisecond
                0x000000000800423e       0x34 src/rtos/src/CMakeFiles/rtossrc.dir/clock.c.o
                0x000000000800423e                rt_tick_from_millisecond
 .text.rti_start
                0x0000000008004272        0x4 src/rtos/src/CMakeFiles/rtossrc.dir/components.c.o
 .text.rti_board_start
                0x0000000008004276        0x4 src/rtos/src/CMakeFiles/rtossrc.dir/components.c.o
 .text.rti_board_end
                0x000000000800427a        0x4 src/rtos/src/CMakeFiles/rtossrc.dir/components.c.o
 .text.rti_end  0x000000000800427e        0x4 src/rtos/src/CMakeFiles/rtossrc.dir/components.c.o
 .text.rt_components_board_init
                0x0000000008004282       0x54 src/rtos/src/CMakeFiles/rtossrc.dir/components.c.o
                0x0000000008004282                rt_components_board_init
 .text.rt_components_init
                0x00000000080042d6       0x60 src/rtos/src/CMakeFiles/rtossrc.dir/components.c.o
                0x00000000080042d6                rt_components_init
 .text.entry    0x0000000008004336        0xc src/rtos/src/CMakeFiles/rtossrc.dir/components.c.o
                0x0000000008004336                entry
 .text.rtthread_startup
                0x0000000008004342       0x30 src/rtos/src/CMakeFiles/rtossrc.dir/components.c.o
                0x0000000008004342                rtthread_startup
 .text.main_thread_entry
                0x0000000008004372       0x10 src/rtos/src/CMakeFiles/rtossrc.dir/components.c.o
                0x0000000008004372                main_thread_entry
 .text.rt_application_init
                0x0000000008004382       0x4a src/rtos/src/CMakeFiles/rtossrc.dir/components.c.o
                0x0000000008004382                rt_application_init
 .text.rt_thread_idle_excute
                0x00000000080043cc       0x78 src/rtos/src/CMakeFiles/rtossrc.dir/idle.c.o
                0x00000000080043cc                rt_thread_idle_excute
 .text._has_defunct_thread
                0x0000000008004444       0x12 src/rtos/src/CMakeFiles/rtossrc.dir/idle.c.o
 .text.rt_list_remove
                0x0000000008004456       0x12 src/rtos/src/CMakeFiles/rtossrc.dir/idle.c.o
 .text.rt_thread_idle_init
                0x0000000008004468       0x48 src/rtos/src/CMakeFiles/rtossrc.dir/idle.c.o
                0x0000000008004468                rt_thread_idle_init
 .text.rt_thread_idle_entry
                0x00000000080044b0        0xa src/rtos/src/CMakeFiles/rtossrc.dir/idle.c.o
 .text.rt_sem_init
                0x00000000080044ba       0x28 src/rtos/src/CMakeFiles/rtossrc.dir/ipc.c.o
                0x00000000080044ba                rt_sem_init
 .text.rt_ipc_object_init
                0x00000000080044e2        0x6 src/rtos/src/CMakeFiles/rtossrc.dir/ipc.c.o
 .text.rt_list_init
                0x00000000080044e8        0x6 src/rtos/src/CMakeFiles/rtossrc.dir/ipc.c.o
 .text.rt_interrupt_enter
                0x00000000080044ee       0x1e src/rtos/src/CMakeFiles/rtossrc.dir/irq.c.o
                0x00000000080044ee                rt_interrupt_enter
 .text.rt_interrupt_leave
                0x000000000800450c       0x1e src/rtos/src/CMakeFiles/rtossrc.dir/irq.c.o
                0x000000000800450c                rt_interrupt_leave
 .text.rt_memset
                0x000000000800452a       0x6a src/rtos/src/CMakeFiles/rtossrc.dir/kservice.c.o
                0x000000000800452a                rt_memset
 .text.rt_memmove
                0x0000000008004594       0x38 src/rtos/src/CMakeFiles/rtossrc.dir/kservice.c.o
                0x0000000008004594                rt_memmove
 .text.rt_strlen
                0x00000000080045cc        0xe src/rtos/src/CMakeFiles/rtossrc.dir/kservice.c.o
                0x00000000080045cc                rt_strlen
 .text.rt_strncpy
                0x00000000080045da       0x32 src/rtos/src/CMakeFiles/rtossrc.dir/kservice.c.o
                0x00000000080045da                rt_strncpy
 .text.rt_show_version
                0x000000000800460c       0x4c src/rtos/src/CMakeFiles/rtossrc.dir/kservice.c.o
                0x000000000800460c                rt_show_version
 .text.rt_kprintf
                0x0000000008004658       0x38 src/rtos/src/CMakeFiles/rtossrc.dir/kservice.c.o
                0x0000000008004658                rt_kprintf
 .text.rt_vsnprintf
                0x0000000008004690      0x370 src/rtos/src/CMakeFiles/rtossrc.dir/kservice.c.o
                0x0000000008004690                rt_vsnprintf
 .text.skip_atoi
                0x0000000008004a00       0x40 src/rtos/src/CMakeFiles/rtossrc.dir/kservice.c.o
 .text.print_number
                0x0000000008004a40      0x188 src/rtos/src/CMakeFiles/rtossrc.dir/kservice.c.o
 .text.rt_hw_console_output
                0x0000000008004bc8       0x40 src/rtos/src/CMakeFiles/rtossrc.dir/kservice.c.o
                0x0000000008004bc8                rt_hw_console_output
 .text.__rt_ffs
                0x0000000008004c08       0x3a src/rtos/src/CMakeFiles/rtossrc.dir/kservice.c.o
                0x0000000008004c08                __rt_ffs
 .text.divide   0x0000000008004c42       0x2a src/rtos/src/CMakeFiles/rtossrc.dir/kservice.c.o
 .text.rt_object_get_information
                0x0000000008004c6c       0x20 src/rtos/src/CMakeFiles/rtossrc.dir/object.c.o
                0x0000000008004c6c                rt_object_get_information
 .text.rt_object_init
                0x0000000008004c8c       0x56 src/rtos/src/CMakeFiles/rtossrc.dir/object.c.o
                0x0000000008004c8c                rt_object_init
 .text.rt_list_insert_after
                0x0000000008004ce2        0xe src/rtos/src/CMakeFiles/rtossrc.dir/object.c.o
 .text.rt_object_detach
                0x0000000008004cf0       0x22 src/rtos/src/CMakeFiles/rtossrc.dir/object.c.o
                0x0000000008004cf0                rt_object_detach
 .text.rt_list_remove
                0x0000000008004d12       0x12 src/rtos/src/CMakeFiles/rtossrc.dir/object.c.o
 .text.rt_object_is_systemobject
                0x0000000008004d24        0x6 src/rtos/src/CMakeFiles/rtossrc.dir/object.c.o
                0x0000000008004d24                rt_object_is_systemobject
 .text.rt_system_scheduler_init
                0x0000000008004d2a       0x56 src/rtos/src/CMakeFiles/rtossrc.dir/scheduler.c.o
                0x0000000008004d2a                rt_system_scheduler_init
 .text.rt_list_init
                0x0000000008004d80        0x6 src/rtos/src/CMakeFiles/rtossrc.dir/scheduler.c.o
 .text.rt_system_scheduler_start
                0x0000000008004d86       0x3a src/rtos/src/CMakeFiles/rtossrc.dir/scheduler.c.o
                0x0000000008004d86                rt_system_scheduler_start
 .text.rt_schedule
                0x0000000008004dc0       0x7c src/rtos/src/CMakeFiles/rtossrc.dir/scheduler.c.o
                0x0000000008004dc0                rt_schedule
 .text.rt_schedule_insert_thread
                0x0000000008004e3c       0x4c src/rtos/src/CMakeFiles/rtossrc.dir/scheduler.c.o
                0x0000000008004e3c                rt_schedule_insert_thread
 .text.rt_list_insert_before
                0x0000000008004e88        0xe src/rtos/src/CMakeFiles/rtossrc.dir/scheduler.c.o
 .text.rt_schedule_remove_thread
                0x0000000008004e96       0x46 src/rtos/src/CMakeFiles/rtossrc.dir/scheduler.c.o
                0x0000000008004e96                rt_schedule_remove_thread
 .text.rt_list_remove
                0x0000000008004edc       0x12 src/rtos/src/CMakeFiles/rtossrc.dir/scheduler.c.o
 .text.rt_list_isempty
                0x0000000008004eee        0xc src/rtos/src/CMakeFiles/rtossrc.dir/scheduler.c.o
 .text.rt_enter_critical
                0x0000000008004efa       0x1e src/rtos/src/CMakeFiles/rtossrc.dir/scheduler.c.o
                0x0000000008004efa                rt_enter_critical
 .text.rt_exit_critical
                0x0000000008004f18       0x44 src/rtos/src/CMakeFiles/rtossrc.dir/scheduler.c.o
                0x0000000008004f18                rt_exit_critical
 .text.rt_thread_exit
                0x0000000008004f5c       0x56 src/rtos/src/CMakeFiles/rtossrc.dir/thread.c.o
                0x0000000008004f5c                rt_thread_exit
 .text.rt_list_insert_after
                0x0000000008004fb2       0x14 src/rtos/src/CMakeFiles/rtossrc.dir/thread.c.o
 .text.rt_thread_init
                0x0000000008004fc6       0x3a src/rtos/src/CMakeFiles/rtossrc.dir/thread.c.o
                0x0000000008004fc6                rt_thread_init
 .text._rt_thread_init
                0x0000000008005000       0x80 src/rtos/src/CMakeFiles/rtossrc.dir/thread.c.o
 .text.rt_thread_self
                0x0000000008005080        0xc src/rtos/src/CMakeFiles/rtossrc.dir/thread.c.o
                0x0000000008005080                rt_thread_self
 .text.rt_thread_startup
                0x000000000800508c       0x2e src/rtos/src/CMakeFiles/rtossrc.dir/thread.c.o
                0x000000000800508c                rt_thread_startup
 .text.rt_thread_resume
                0x00000000080050ba       0x3e src/rtos/src/CMakeFiles/rtossrc.dir/thread.c.o
                0x00000000080050ba                rt_thread_resume
 .text.rt_thread_yield
                0x00000000080050f8       0x66 src/rtos/src/CMakeFiles/rtossrc.dir/thread.c.o
                0x00000000080050f8                rt_thread_yield
 .text.rt_list_remove
                0x000000000800515e       0x12 src/rtos/src/CMakeFiles/rtossrc.dir/thread.c.o
 .text.rt_list_insert_before
                0x0000000008005170        0xe src/rtos/src/CMakeFiles/rtossrc.dir/thread.c.o
 .text.rt_thread_sleep
                0x000000000800517e       0x58 src/rtos/src/CMakeFiles/rtossrc.dir/thread.c.o
                0x000000000800517e                rt_thread_sleep
 .text.rt_thread_suspend
                0x00000000080051d6       0x44 src/rtos/src/CMakeFiles/rtossrc.dir/thread.c.o
                0x00000000080051d6                rt_thread_suspend
 .text.rt_thread_mdelay
                0x000000000800521a       0x10 src/rtos/src/CMakeFiles/rtossrc.dir/thread.c.o
                0x000000000800521a                rt_thread_mdelay
 .text.rt_thread_timeout
                0x000000000800522a       0x22 src/rtos/src/CMakeFiles/rtossrc.dir/thread.c.o
                0x000000000800522a                rt_thread_timeout
 .text.rt_list_init
                0x000000000800524c        0x6 src/rtos/src/CMakeFiles/rtossrc.dir/thread.c.o
 .text.rt_timer_init
                0x0000000008005252       0x30 src/rtos/src/CMakeFiles/rtossrc.dir/timer.c.o
                0x0000000008005252                rt_timer_init
 .text._rt_timer_init
                0x0000000008005282       0x1c src/rtos/src/CMakeFiles/rtossrc.dir/timer.c.o
 .text.rt_timer_detach
                0x000000000800529e       0x22 src/rtos/src/CMakeFiles/rtossrc.dir/timer.c.o
                0x000000000800529e                rt_timer_detach
 .text._rt_timer_remove
                0x00000000080052c0        0x6 src/rtos/src/CMakeFiles/rtossrc.dir/timer.c.o
 .text.rt_timer_start
                0x00000000080052c6       0x90 src/rtos/src/CMakeFiles/rtossrc.dir/timer.c.o
                0x00000000080052c6                rt_timer_start
 .text.rt_list_insert_after
                0x0000000008005356        0xe src/rtos/src/CMakeFiles/rtossrc.dir/timer.c.o
 .text.rt_timer_stop
                0x0000000008005364       0x30 src/rtos/src/CMakeFiles/rtossrc.dir/timer.c.o
                0x0000000008005364                rt_timer_stop
 .text.rt_timer_control
                0x0000000008005394       0x30 src/rtos/src/CMakeFiles/rtossrc.dir/timer.c.o
                0x0000000008005394                rt_timer_control
 .text.rt_timer_check
                0x00000000080053c4       0x7c src/rtos/src/CMakeFiles/rtossrc.dir/timer.c.o
                0x00000000080053c4                rt_timer_check
 .text.rt_list_isempty
                0x0000000008005440       0x14 src/rtos/src/CMakeFiles/rtossrc.dir/timer.c.o
 .text.rt_system_timer_init
                0x0000000008005454        0xc src/rtos/src/CMakeFiles/rtossrc.dir/timer.c.o
                0x0000000008005454                rt_system_timer_init
 .text.rt_list_init
                0x0000000008005460        0x6 src/rtos/src/CMakeFiles/rtossrc.dir/timer.c.o
 .text.rt_system_timer_thread_init
                0x0000000008005466        0x2 src/rtos/src/CMakeFiles/rtossrc.dir/timer.c.o
                0x0000000008005466                rt_system_timer_thread_init
 .text.rt_list_remove
                0x0000000008005468       0x12 src/rtos/src/CMakeFiles/rtossrc.dir/timer.c.o
 .text.hello    0x000000000800547a       0x14 src/components/finsh/CMakeFiles/finsh.dir/cmd.c.o
                0x000000000800547a                hello
 .text.version  0x000000000800548e        0xc src/components/finsh/CMakeFiles/finsh.dir/cmd.c.o
                0x000000000800548e                version
 .text.list_thread
                0x000000000800549a      0x10e src/components/finsh/CMakeFiles/finsh.dir/cmd.c.o
                0x000000000800549a                list_thread
 .text.list_find_init
                0x00000000080055a8       0x2a src/components/finsh/CMakeFiles/finsh.dir/cmd.c.o
 .text.object_split
                0x00000000080055d2       0x1c src/components/finsh/CMakeFiles/finsh.dir/cmd.c.o
 .text.list_get_next
                0x00000000080055ee       0x6e src/components/finsh/CMakeFiles/finsh.dir/cmd.c.o
 .text.list_sem
                0x000000000800565c       0xfa src/components/finsh/CMakeFiles/finsh.dir/cmd.c.o
                0x000000000800565c                list_sem
 .text.rt_list_isempty
                0x0000000008005756        0xc src/components/finsh/CMakeFiles/finsh.dir/cmd.c.o
 .text.rt_list_len
                0x0000000008005762       0x12 src/components/finsh/CMakeFiles/finsh.dir/cmd.c.o
 .text.show_wait_queue
                0x0000000008005774       0x42 src/components/finsh/CMakeFiles/finsh.dir/cmd.c.o
 .text.list_mailbox
                0x00000000080057b6      0x100 src/components/finsh/CMakeFiles/finsh.dir/cmd.c.o
                0x00000000080057b6                list_mailbox
 .text.list_timer
                0x00000000080058b6       0xd6 src/components/finsh/CMakeFiles/finsh.dir/cmd.c.o
                0x00000000080058b6                list_timer
 .text.list     0x000000000800598c       0x6c src/components/finsh/CMakeFiles/finsh.dir/cmd.c.o
                0x000000000800598c                list
 .text.msh_is_used
                0x00000000080059f8        0x4 src/components/finsh/CMakeFiles/finsh.dir/msh.c.o
                0x00000000080059f8                msh_is_used
 .text.msh_help
                0x00000000080059fc       0x78 src/components/finsh/CMakeFiles/finsh.dir/msh.c.o
                0x00000000080059fc                msh_help
 .text.cmd_ps   0x0000000008005a74        0xc src/components/finsh/CMakeFiles/finsh.dir/msh.c.o
                0x0000000008005a74                cmd_ps
 .text.msh_exec
                0x0000000008005a80       0x5a src/components/finsh/CMakeFiles/finsh.dir/msh.c.o
                0x0000000008005a80                msh_exec
 .text._msh_exec_cmd
                0x0000000008005ada       0x66 src/components/finsh/CMakeFiles/finsh.dir/msh.c.o
 .text.msh_auto_complete
                0x0000000008005b40       0xdc src/components/finsh/CMakeFiles/finsh.dir/msh.c.o
                0x0000000008005b40                msh_auto_complete
 .text.str_common
                0x0000000008005c1c       0x24 src/components/finsh/CMakeFiles/finsh.dir/msh.c.o
 .text.msh_get_cmd
                0x0000000008005c40       0x70 src/components/finsh/CMakeFiles/finsh.dir/msh.c.o
 .text.msh_split
                0x0000000008005cb0       0xfc src/components/finsh/CMakeFiles/finsh.dir/msh.c.o
 .text.finsh_get_prompt
                0x0000000008005dac       0x70 src/components/finsh/CMakeFiles/finsh.dir/shell.c.o
                0x0000000008005dac                finsh_get_prompt
 .text.finsh_set_prompt_mode
                0x0000000008005e1c       0x20 src/components/finsh/CMakeFiles/finsh.dir/shell.c.o
                0x0000000008005e1c                finsh_set_prompt_mode
 .text.finsh_thread_entry
                0x0000000008005e3c      0x378 src/components/finsh/CMakeFiles/finsh.dir/shell.c.o
                0x0000000008005e3c                finsh_thread_entry
 .text.finsh_getchar
                0x00000000080061b4        0xa src/components/finsh/CMakeFiles/finsh.dir/shell.c.o
 .text.shell_auto_complete
                0x00000000080061be       0x3e src/components/finsh/CMakeFiles/finsh.dir/shell.c.o
 .text.finsh_system_function_init
                0x00000000080061fc       0x16 src/components/finsh/CMakeFiles/finsh.dir/shell.c.o
                0x00000000080061fc                finsh_system_function_init
 .text.finsh_system_var_init
                0x0000000008006212       0x16 src/components/finsh/CMakeFiles/finsh.dir/shell.c.o
                0x0000000008006212                finsh_system_var_init
 .text.finsh_system_init
                0x0000000008006228       0xa4 src/components/finsh/CMakeFiles/finsh.dir/shell.c.o
                0x0000000008006228                finsh_system_init
 .text.__aeabi_memclr
                0x00000000080062cc        0x6 /mnt/d/gcc-arm-none-eabi-8-2019-q3-update/bin/../lib/gcc/arm-none-eabi/8.3.1/../../../../arm-none-eabi/lib/thumb/v7e-m+dp/hard/libc_nano.a(lib_a-aeabi_memclr.o)
                0x00000000080062cc                __aeabi_memclr8
                0x00000000080062cc                __aeabi_memclr
                0x00000000080062cc                __aeabi_memclr4
 .text.__aeabi_memcpy
                0x00000000080062d2        0x4 /mnt/d/gcc-arm-none-eabi-8-2019-q3-update/bin/../lib/gcc/arm-none-eabi/8.3.1/../../../../arm-none-eabi/lib/thumb/v7e-m+dp/hard/libc_nano.a(lib_a-aeabi_memcpy.o)
                0x00000000080062d2                __aeabi_memcpy
                0x00000000080062d2                __aeabi_memcpy4
                0x00000000080062d2                __aeabi_memcpy8
 *fill*         0x00000000080062d6        0x2 
 .text.__libc_init_array
                0x00000000080062d8       0x48 /mnt/d/gcc-arm-none-eabi-8-2019-q3-update/bin/../lib/gcc/arm-none-eabi/8.3.1/../../../../arm-none-eabi/lib/thumb/v7e-m+dp/hard/libc_nano.a(lib_a-init.o)
                0x00000000080062d8                __libc_init_array
 .text.memcpy   0x0000000008006320       0x1c /mnt/d/gcc-arm-none-eabi-8-2019-q3-update/bin/../lib/gcc/arm-none-eabi/8.3.1/../../../../arm-none-eabi/lib/thumb/v7e-m+dp/hard/libc_nano.a(lib_a-memcpy-stub.o)
                0x0000000008006320                memcpy
 .text.strncmp  0x000000000800633c       0x24 /mnt/d/gcc-arm-none-eabi-8-2019-q3-update/bin/../lib/gcc/arm-none-eabi/8.3.1/../../../../arm-none-eabi/lib/thumb/v7e-m+dp/hard/libc_nano.a(lib_a-strncmp.o)
                0x000000000800633c                strncmp
 *(.glue_7)
 .glue_7        0x0000000008006360        0x0 linker stubs
 *(.glue_7t)
 .glue_7t       0x0000000008006360        0x0 linker stubs
 *(.eh_frame)
 .eh_frame      0x0000000008006360        0x0 /mnt/d/gcc-arm-none-eabi-8-2019-q3-update/bin/../lib/gcc/arm-none-eabi/8.3.1/thumb/v7e-m+dp/hard/crtbegin.o
 *(.init)
 .init          0x0000000008006360        0x4 /mnt/d/gcc-arm-none-eabi-8-2019-q3-update/bin/../lib/gcc/arm-none-eabi/8.3.1/thumb/v7e-m+dp/hard/crti.o
                0x0000000008006360                _init
 .init          0x0000000008006364        0x8 /mnt/d/gcc-arm-none-eabi-8-2019-q3-update/bin/../lib/gcc/arm-none-eabi/8.3.1/thumb/v7e-m+dp/hard/crtn.o
 *(.fini)
 .fini          0x000000000800636c        0x4 /mnt/d/gcc-arm-none-eabi-8-2019-q3-update/bin/../lib/gcc/arm-none-eabi/8.3.1/thumb/v7e-m+dp/hard/crti.o
                0x000000000800636c                _fini
 .fini          0x0000000008006370        0x8 /mnt/d/gcc-arm-none-eabi-8-2019-q3-update/bin/../lib/gcc/arm-none-eabi/8.3.1/thumb/v7e-m+dp/hard/crtn.o
                0x0000000008006378                . = ALIGN (0x4)
                0x0000000008006378                __fsymtab_start = .
 *(FSymTab)
 FSymTab        0x0000000008006378       0x60 src/components/finsh/CMakeFiles/finsh.dir/cmd.c.o
                0x0000000008006378                __fsym_hello
                0x0000000008006380                __fsym_version
                0x0000000008006388                __fsym___cmd_version
                0x0000000008006390                __fsym_list_thread
                0x0000000008006398                __fsym___cmd_list_thread
                0x00000000080063a0                __fsym_list_sem
                0x00000000080063a8                __fsym___cmd_list_sem
                0x00000000080063b0                __fsym_list_mailbox
                0x00000000080063b8                __fsym___cmd_list_mailbox
                0x00000000080063c0                __fsym_list_timer
                0x00000000080063c8                __fsym___cmd_list_timer
                0x00000000080063d0                __fsym_list
 FSymTab        0x00000000080063d8       0x10 src/components/finsh/CMakeFiles/finsh.dir/msh.c.o
                0x00000000080063d8                __fsym___cmd_help
                0x00000000080063e0                __fsym___cmd_ps
                0x00000000080063e8                __fsymtab_end = .
                0x00000000080063e8                . = ALIGN (0x4)
                0x00000000080063e8                __vsymtab_start = .
 *(VSymTab)
                0x00000000080063e8                __vsymtab_end = .
                0x00000000080063e8                . = ALIGN (0x4)
                0x00000000080063e8                . = ALIGN (0x4)
                0x00000000080063e8                __rt_init_start = .
 *(SORT_BY_NAME(.rti_fn*))
 .rti_fn.0      0x00000000080063e8        0x8 src/rtos/src/CMakeFiles/rtossrc.dir/components.c.o
                0x00000000080063e8                __rt_init_desc_rti_start
 .rti_fn.0.end  0x00000000080063f0        0x8 src/rtos/src/CMakeFiles/rtossrc.dir/components.c.o
                0x00000000080063f0                __rt_init_desc_rti_board_start
 .rti_fn.1.end  0x00000000080063f8        0x8 src/rtos/src/CMakeFiles/rtossrc.dir/components.c.o
                0x00000000080063f8                __rt_init_desc_rti_board_end
 .rti_fn.6      0x0000000008006400        0x8 src/components/finsh/CMakeFiles/finsh.dir/shell.c.o
                0x0000000008006400                __rt_init_desc_finsh_system_init
 .rti_fn.6.end  0x0000000008006408        0x8 src/rtos/src/CMakeFiles/rtossrc.dir/components.c.o
                0x0000000008006408                __rt_init_desc_rti_end
                0x0000000008006410                __rt_init_end = .
                0x0000000008006410                . = ALIGN (0x4)
                0x0000000008006410                _etext = .

.vfp11_veneer   0x0000000008006410        0x0
 .vfp11_veneer  0x0000000008006410        0x0 linker stubs

.v4_bx          0x0000000008006410        0x0
 .v4_bx         0x0000000008006410        0x0 linker stubs

.iplt           0x0000000008006410        0x0
 .iplt          0x0000000008006410        0x0 /mnt/d/gcc-arm-none-eabi-8-2019-q3-update/bin/../lib/gcc/arm-none-eabi/8.3.1/thumb/v7e-m+dp/hard/crtbegin.o

.rodata         0x0000000008006410      0x954
                0x0000000008006410                . = ALIGN (0x4)
 *(.rodata)
 *(.rodata*)
 .rodata.str1.1
                0x0000000008006410       0x21 src/BSP/CMakeFiles/bsp.dir/bsp_fmc_io.c.o
 *fill*         0x0000000008006431        0x3 
 .rodata.s_gpio_list
                0x0000000008006434       0x40 src/BSP/CMakeFiles/bsp.dir/bsp_key.c.o
 .rodata.cst16  0x0000000008006474       0x10 src/BSP/CMakeFiles/bsp.dir/bsp_led.c.o
                                         0x40 (size before relaxing)
 .rodata.str1.1
                0x0000000008006484       0x70 src/BSP/CMakeFiles/bsp.dir/bsp_timer.c.o
 .rodata.str1.1
                0x00000000080064f4       0x24 src/BSP/CMakeFiles/bsp.dir/bsp_uart_fifo.c.o
 .rodata.D1CorePrescTable
                0x0000000008006518       0x10 src/CMSIS/CMakeFiles/cmsis.dir/system_stm32h7xx.c.o
                0x0000000008006518                D1CorePrescTable
 .rodata.UARTPrescTable
                0x0000000008006528       0x18 src/driver/CMakeFiles/driver.dir/stm32h7xx_hal_uart.c.o
 .rodata.str1.1
                0x0000000008006540      0x24a src/rtos/cortex-m7/CMakeFiles/cortex-m7.dir/cpuport.c.o
                                        0x269 (size before relaxing)
 .rodata.__rti_rti_start_name
                0x000000000800678a        0xa src/rtos/src/CMakeFiles/rtossrc.dir/components.c.o
                0x000000000800678a                __rti_rti_start_name
 .rodata.__rti_rti_board_start_name
                0x0000000008006794       0x10 src/rtos/src/CMakeFiles/rtossrc.dir/components.c.o
                0x0000000008006794                __rti_rti_board_start_name
 .rodata.__rti_rti_board_end_name
                0x00000000080067a4        0xe src/rtos/src/CMakeFiles/rtossrc.dir/components.c.o
                0x00000000080067a4                __rti_rti_board_end_name
 .rodata.__rti_rti_end_name
                0x00000000080067b2        0x8 src/rtos/src/CMakeFiles/rtossrc.dir/components.c.o
                0x00000000080067b2                __rti_rti_end_name
 .rodata.str1.1
                0x00000000080067ba       0x3c src/rtos/src/CMakeFiles/rtossrc.dir/components.c.o
 .rodata.str1.1
                0x00000000080067f6        0x6 src/rtos/src/CMakeFiles/rtossrc.dir/idle.c.o
 .rodata.str1.1
                0x00000000080067fc       0xaa src/rtos/src/CMakeFiles/rtossrc.dir/kservice.c.o
 .rodata.__lowest_bit_bitmap
                0x00000000080068a6      0x100 src/rtos/src/CMakeFiles/rtossrc.dir/kservice.c.o
                0x00000000080068a6                __lowest_bit_bitmap
 .rodata.str1.1
                0x00000000080069a6      0x266 src/components/finsh/CMakeFiles/finsh.dir/cmd.c.o
                                        0x27a (size before relaxing)
 .rodata.__fsym_hello_name
                0x0000000008006c0c        0x6 src/components/finsh/CMakeFiles/finsh.dir/cmd.c.o
                0x0000000008006c0c                __fsym_hello_name
 .rodata.__fsym_version_name
                0x0000000008006c12        0x8 src/components/finsh/CMakeFiles/finsh.dir/cmd.c.o
                0x0000000008006c12                __fsym_version_name
 .rodata.__fsym___cmd_version_name
                0x0000000008006c1a        0xe src/components/finsh/CMakeFiles/finsh.dir/cmd.c.o
                0x0000000008006c1a                __fsym___cmd_version_name
 .rodata.__fsym_list_thread_name
                0x0000000008006c28        0xc src/components/finsh/CMakeFiles/finsh.dir/cmd.c.o
                0x0000000008006c28                __fsym_list_thread_name
 .rodata.__fsym___cmd_list_thread_name
                0x0000000008006c34       0x12 src/components/finsh/CMakeFiles/finsh.dir/cmd.c.o
                0x0000000008006c34                __fsym___cmd_list_thread_name
 .rodata.__fsym_list_sem_name
                0x0000000008006c46        0x9 src/components/finsh/CMakeFiles/finsh.dir/cmd.c.o
                0x0000000008006c46                __fsym_list_sem_name
 .rodata.__fsym___cmd_list_sem_name
                0x0000000008006c4f        0xf src/components/finsh/CMakeFiles/finsh.dir/cmd.c.o
                0x0000000008006c4f                __fsym___cmd_list_sem_name
 .rodata.__fsym_list_mailbox_name
                0x0000000008006c5e        0xd src/components/finsh/CMakeFiles/finsh.dir/cmd.c.o
                0x0000000008006c5e                __fsym_list_mailbox_name
 .rodata.__fsym___cmd_list_mailbox_name
                0x0000000008006c6b       0x13 src/components/finsh/CMakeFiles/finsh.dir/cmd.c.o
                0x0000000008006c6b                __fsym___cmd_list_mailbox_name
 .rodata.__fsym_list_timer_name
                0x0000000008006c7e        0xb src/components/finsh/CMakeFiles/finsh.dir/cmd.c.o
                0x0000000008006c7e                __fsym_list_timer_name
 .rodata.__fsym___cmd_list_timer_name
                0x0000000008006c89       0x11 src/components/finsh/CMakeFiles/finsh.dir/cmd.c.o
                0x0000000008006c89                __fsym___cmd_list_timer_name
 .rodata.__fsym_list_name
                0x0000000008006c9a        0x5 src/components/finsh/CMakeFiles/finsh.dir/cmd.c.o
                0x0000000008006c9a                __fsym_list_name
 *fill*         0x0000000008006c9f        0x1 
 .rodata..Lswitch.table.list_thread
                0x0000000008006ca0       0x14 src/components/finsh/CMakeFiles/finsh.dir/cmd.c.o
 .rodata.str1.1
                0x0000000008006cb4       0x5c src/components/finsh/CMakeFiles/finsh.dir/msh.c.o
                                         0x62 (size before relaxing)
 .rodata.__fsym___cmd_help_name
                0x0000000008006d10        0xb src/components/finsh/CMakeFiles/finsh.dir/msh.c.o
                0x0000000008006d10                __fsym___cmd_help_name
 .rodata.__fsym___cmd_ps_name
                0x0000000008006d1b        0x9 src/components/finsh/CMakeFiles/finsh.dir/msh.c.o
                0x0000000008006d1b                __fsym___cmd_ps_name
 .rodata.str1.1
                0x0000000008006d24       0x2b src/components/finsh/CMakeFiles/finsh.dir/shell.c.o
                                         0x32 (size before relaxing)
 .rodata.__rti_finsh_system_init_name
                0x0000000008006d4f       0x12 src/components/finsh/CMakeFiles/finsh.dir/shell.c.o
                0x0000000008006d4f                __rti_finsh_system_init_name
                0x0000000008006d64                . = ALIGN (0x4)
 *fill*         0x0000000008006d61        0x3 

.ARM.extab
 *(.ARM.extab* .gnu.linkonce.armextab.*)

.ARM            0x0000000008006d64        0x8
                0x0000000008006d64                __exidx_start = .
 *(.ARM.exidx*)
 .ARM.exidx.text.bsp_InitExtIO
                0x0000000008006d6c        0x0 src/BSP/CMakeFiles/bsp.dir/bsp_fmc_io.c.o
                                          0x8 (size before relaxing)
 .ARM.exidx.text.HC574_ConfigGPIO
                0x0000000008006d6c        0x0 src/BSP/CMakeFiles/bsp.dir/bsp_fmc_io.c.o
                                          0x8 (size before relaxing)
 .ARM.exidx.text.HC574_ConfigFMC
                0x0000000008006d6c        0x0 src/BSP/CMakeFiles/bsp.dir/bsp_fmc_io.c.o
                                          0x8 (size before relaxing)
 .ARM.exidx.text.HC574_SetPin
                0x0000000008006d6c        0x0 src/BSP/CMakeFiles/bsp.dir/bsp_fmc_io.c.o
                                          0x8 (size before relaxing)
 .ARM.exidx.text.bsp_InitKey
                0x0000000008006d6c        0x0 src/BSP/CMakeFiles/bsp.dir/bsp_key.c.o
                                          0x8 (size before relaxing)
 .ARM.exidx.text.bsp_InitKeyVar
                0x0000000008006d6c        0x0 src/BSP/CMakeFiles/bsp.dir/bsp_key.c.o
                                          0x8 (size before relaxing)
 .ARM.exidx.text.bsp_InitKeyHard
                0x0000000008006d6c        0x0 src/BSP/CMakeFiles/bsp.dir/bsp_key.c.o
                                          0x8 (size before relaxing)
 .ARM.exidx.text.bsp_PutKey
                0x0000000008006d6c        0x0 src/BSP/CMakeFiles/bsp.dir/bsp_key.c.o
                                          0x8 (size before relaxing)
 .ARM.exidx.text.bsp_SetKeyParam
                0x0000000008006d6c        0x0 src/BSP/CMakeFiles/bsp.dir/bsp_key.c.o
                                          0x8 (size before relaxing)
 .ARM.exidx.text.bsp_KeyScan10ms
                0x0000000008006d6c        0x0 src/BSP/CMakeFiles/bsp.dir/bsp_key.c.o
                                          0x8 (size before relaxing)
 .ARM.exidx.text.bsp_DetectKey
                0x0000000008006d6c        0x0 src/BSP/CMakeFiles/bsp.dir/bsp_key.c.o
                                          0x8 (size before relaxing)
 .ARM.exidx.text.IsKeyDownFunc
                0x0000000008006d6c        0x0 src/BSP/CMakeFiles/bsp.dir/bsp_key.c.o
                                          0x8 (size before relaxing)
 .ARM.exidx.text.KeyPinActive
                0x0000000008006d6c        0x0 src/BSP/CMakeFiles/bsp.dir/bsp_key.c.o
                                          0x8 (size before relaxing)
 .ARM.exidx.text.bsp_InitLed
                0x0000000008006d6c        0x0 src/BSP/CMakeFiles/bsp.dir/bsp_led.c.o
                                          0x8 (size before relaxing)
 .ARM.exidx.text.bsp_LedOff
                0x0000000008006d6c        0x0 src/BSP/CMakeFiles/bsp.dir/bsp_led.c.o
                                          0x8 (size before relaxing)
 .ARM.exidx.text.bsp_LedOn
                0x0000000008006d6c        0x0 src/BSP/CMakeFiles/bsp.dir/bsp_led.c.o
                                          0x8 (size before relaxing)
 .ARM.exidx.text.bsp_InitTimer
                0x0000000008006d6c        0x0 src/BSP/CMakeFiles/bsp.dir/bsp_timer.c.o
                                          0x8 (size before relaxing)
 .ARM.exidx.text.SysTick_Config
                0x0000000008006d6c        0x0 src/BSP/CMakeFiles/bsp.dir/bsp_timer.c.o
                                          0x8 (size before relaxing)
 .ARM.exidx.text.bsp_InitHardTimer
                0x0000000008006d6c        0x0 src/BSP/CMakeFiles/bsp.dir/bsp_timer.c.o
                                          0x8 (size before relaxing)
 .ARM.exidx.text.SysTick_ISR
                0x0000000008006d6c        0x0 src/BSP/CMakeFiles/bsp.dir/bsp_timer.c.o
                                          0x8 (size before relaxing)
 .ARM.exidx.text.bsp_SoftTimerDec
                0x0000000008006d6c        0x0 src/BSP/CMakeFiles/bsp.dir/bsp_timer.c.o
                                          0x8 (size before relaxing)
 .ARM.exidx.text.SysTick_Handler
                0x0000000008006d6c        0x0 src/BSP/CMakeFiles/bsp.dir/bsp_timer.c.o
                                          0x8 (size before relaxing)
 .ARM.exidx.text.TIM2_IRQHandler
                0x0000000008006d6c        0x0 src/BSP/CMakeFiles/bsp.dir/bsp_timer.c.o
                                          0x8 (size before relaxing)
 .ARM.exidx.text.__NVIC_SetPriority
                0x0000000008006d6c        0x0 src/BSP/CMakeFiles/bsp.dir/bsp_timer.c.o
                                          0x8 (size before relaxing)
 .ARM.exidx.text.bsp_InitUart
                0x0000000008006d6c        0x0 src/BSP/CMakeFiles/bsp.dir/bsp_uart_fifo.c.o
                                          0x8 (size before relaxing)
 .ARM.exidx.text.UartVarInit
                0x0000000008006d6c        0x0 src/BSP/CMakeFiles/bsp.dir/bsp_uart_fifo.c.o
                                          0x8 (size before relaxing)
 .ARM.exidx.text.InitHardUart
                0x0000000008006d6c        0x0 src/BSP/CMakeFiles/bsp.dir/bsp_uart_fifo.c.o
                                          0x8 (size before relaxing)
 .ARM.exidx.text.RS485_InitTXE
                0x0000000008006d6c        0x0 src/BSP/CMakeFiles/bsp.dir/bsp_uart_fifo.c.o
                                          0x8 (size before relaxing)
 .ARM.exidx.text.UartGetChar
                0x0000000008006d6c        0x0 src/BSP/CMakeFiles/bsp.dir/bsp_uart_fifo.c.o
                                          0x8 (size before relaxing)
 .ARM.exidx.text.bsp_SetUartParam
                0x0000000008006d6c        0x0 src/BSP/CMakeFiles/bsp.dir/bsp_uart_fifo.c.o
                                          0x8 (size before relaxing)
 .ARM.exidx.text.RS485_SendBefor
                0x0000000008006d6c        0x0 src/BSP/CMakeFiles/bsp.dir/bsp_uart_fifo.c.o
                                          0x8 (size before relaxing)
 .ARM.exidx.text.RS485_SendOver
                0x0000000008006d6c        0x0 src/BSP/CMakeFiles/bsp.dir/bsp_uart_fifo.c.o
                                          0x8 (size before relaxing)
 .ARM.exidx.text.RS485_ReciveNew
                0x0000000008006d6c        0x0 src/BSP/CMakeFiles/bsp.dir/bsp_uart_fifo.c.o
                                          0x8 (size before relaxing)
 .ARM.exidx.text.USART1_IRQHandler
                0x0000000008006d6c        0x0 src/BSP/CMakeFiles/bsp.dir/bsp_uart_fifo.c.o
                                          0x8 (size before relaxing)
 .ARM.exidx.text.UartIRQ
                0x0000000008006d6c        0x0 src/BSP/CMakeFiles/bsp.dir/bsp_uart_fifo.c.o
                                          0x8 (size before relaxing)
 .ARM.exidx.text.USART3_IRQHandler
                0x0000000008006d6c        0x0 src/BSP/CMakeFiles/bsp.dir/bsp_uart_fifo.c.o
                                          0x8 (size before relaxing)
 .ARM.exidx.text.rt_hw_console_getchar
                0x0000000008006d6c        0x0 src/BSP/CMakeFiles/bsp.dir/bsp_uart_fifo.c.o
                                          0x8 (size before relaxing)
 .ARM.exidx.text.bsp_Init
                0x0000000008006d6c        0x0 src/BSP/CMakeFiles/bsp.dir/bsp.c.o
                                          0x8 (size before relaxing)
 .ARM.exidx.text.MPU_Config
                0x0000000008006d6c        0x0 src/BSP/CMakeFiles/bsp.dir/bsp.c.o
                                          0x8 (size before relaxing)
 .ARM.exidx.text.CPU_CACHE_Enable
                0x0000000008006d6c        0x0 src/BSP/CMakeFiles/bsp.dir/bsp.c.o
                                          0x8 (size before relaxing)
 .ARM.exidx.text.SystemClock_Config
                0x0000000008006d6c        0x0 src/BSP/CMakeFiles/bsp.dir/bsp.c.o
                                          0x8 (size before relaxing)
 .ARM.exidx.text.Error_Handler
                0x0000000008006d6c        0x0 src/BSP/CMakeFiles/bsp.dir/bsp.c.o
                                          0x8 (size before relaxing)
 .ARM.exidx.text.bsp_RunPer10ms
                0x0000000008006d6c        0x0 src/BSP/CMakeFiles/bsp.dir/bsp.c.o
                                          0x8 (size before relaxing)
 .ARM.exidx.text.bsp_RunPer1ms
                0x0000000008006d6c        0x0 src/BSP/CMakeFiles/bsp.dir/bsp.c.o
                                          0x8 (size before relaxing)
 .ARM.exidx.text.SCB_EnableICache
                0x0000000008006d6c        0x0 src/BSP/CMakeFiles/bsp.dir/bsp.c.o
                                          0x8 (size before relaxing)
 .ARM.exidx.text.SCB_EnableDCache
                0x0000000008006d6c        0x0 src/BSP/CMakeFiles/bsp.dir/bsp.c.o
                                          0x8 (size before relaxing)
 .ARM.exidx.text.NMI_Handler
                0x0000000008006d6c        0x0 src/BSP/CMakeFiles/bsp.dir/stm32h7xx_it.c.o
                                          0x8 (size before relaxing)
 .ARM.exidx.text.MemManage_Handler
                0x0000000008006d6c        0x0 src/BSP/CMakeFiles/bsp.dir/stm32h7xx_it.c.o
                                          0x8 (size before relaxing)
 .ARM.exidx.text.BusFault_Handler
                0x0000000008006d6c        0x0 src/BSP/CMakeFiles/bsp.dir/stm32h7xx_it.c.o
                                          0x8 (size before relaxing)
 .ARM.exidx.text.UsageFault_Handler
                0x0000000008006d6c        0x0 src/BSP/CMakeFiles/bsp.dir/stm32h7xx_it.c.o
                                          0x8 (size before relaxing)
 .ARM.exidx.text.SVC_Handler
                0x0000000008006d6c        0x0 src/BSP/CMakeFiles/bsp.dir/stm32h7xx_it.c.o
                                          0x8 (size before relaxing)
 .ARM.exidx.text.DebugMon_Handler
                0x0000000008006d6c        0x0 src/BSP/CMakeFiles/bsp.dir/stm32h7xx_it.c.o
                                          0x8 (size before relaxing)
 .ARM.exidx.text.rt_hw_board_init
                0x0000000008006d6c        0x0 src/BSP/CMakeFiles/bsp.dir/board.c.o
                                          0x8 (size before relaxing)
 .ARM.exidx.text.SystemInit
                0x0000000008006d6c        0x0 src/CMSIS/CMakeFiles/cmsis.dir/system_stm32h7xx.c.o
                                          0x8 (size before relaxing)
 .ARM.exidx.text.SystemCoreClockUpdate
                0x0000000008006d6c        0x0 src/CMSIS/CMakeFiles/cmsis.dir/system_stm32h7xx.c.o
                                          0x8 (size before relaxing)
 .ARM.exidx.text.HAL_NVIC_SetPriorityGrouping
                0x0000000008006d6c        0x0 src/driver/CMakeFiles/driver.dir/stm32h7xx_hal_cortex.c.o
                                          0x8 (size before relaxing)
 .ARM.exidx.text.__NVIC_SetPriorityGrouping
                0x0000000008006d6c        0x0 src/driver/CMakeFiles/driver.dir/stm32h7xx_hal_cortex.c.o
                                          0x8 (size before relaxing)
 .ARM.exidx.text.HAL_NVIC_SetPriority
                0x0000000008006d6c        0x0 src/driver/CMakeFiles/driver.dir/stm32h7xx_hal_cortex.c.o
                                          0x8 (size before relaxing)
 .ARM.exidx.text.__NVIC_GetPriorityGrouping
                0x0000000008006d6c        0x0 src/driver/CMakeFiles/driver.dir/stm32h7xx_hal_cortex.c.o
                                          0x8 (size before relaxing)
 .ARM.exidx.text.__NVIC_SetPriority
                0x0000000008006d6c        0x0 src/driver/CMakeFiles/driver.dir/stm32h7xx_hal_cortex.c.o
                                          0x8 (size before relaxing)
 .ARM.exidx.text.NVIC_EncodePriority
                0x0000000008006d6c        0x0 src/driver/CMakeFiles/driver.dir/stm32h7xx_hal_cortex.c.o
                                          0x8 (size before relaxing)
 .ARM.exidx.text.HAL_NVIC_EnableIRQ
                0x0000000008006d6c        0x0 src/driver/CMakeFiles/driver.dir/stm32h7xx_hal_cortex.c.o
                                          0x8 (size before relaxing)
 .ARM.exidx.text.__NVIC_EnableIRQ
                0x0000000008006d6c        0x0 src/driver/CMakeFiles/driver.dir/stm32h7xx_hal_cortex.c.o
                                          0x8 (size before relaxing)
 .ARM.exidx.text.HAL_SYSTICK_Config
                0x0000000008006d6c        0x0 src/driver/CMakeFiles/driver.dir/stm32h7xx_hal_cortex.c.o
                                          0x8 (size before relaxing)
 .ARM.exidx.text.SysTick_Config
                0x0000000008006d6c        0x0 src/driver/CMakeFiles/driver.dir/stm32h7xx_hal_cortex.c.o
                                          0x8 (size before relaxing)
 .ARM.exidx.text.HAL_MPU_Disable
                0x0000000008006d6c        0x0 src/driver/CMakeFiles/driver.dir/stm32h7xx_hal_cortex.c.o
                                          0x8 (size before relaxing)
 .ARM.exidx.text.HAL_MPU_Enable
                0x0000000008006d6c        0x0 src/driver/CMakeFiles/driver.dir/stm32h7xx_hal_cortex.c.o
                                          0x8 (size before relaxing)
 .ARM.exidx.text.HAL_MPU_ConfigRegion
                0x0000000008006d6c        0x0 src/driver/CMakeFiles/driver.dir/stm32h7xx_hal_cortex.c.o
                                          0x8 (size before relaxing)
 .ARM.exidx.text.HAL_GPIO_Init
                0x0000000008006d6c        0x0 src/driver/CMakeFiles/driver.dir/stm32h7xx_hal_gpio.c.o
                                          0x8 (size before relaxing)
 .ARM.exidx.text.HAL_RCCEx_PeriphCLKConfig
                0x0000000008006d6c        0x0 src/driver/CMakeFiles/driver.dir/stm32h7xx_hal_rcc_ex.c.o
                                          0x8 (size before relaxing)
 .ARM.exidx.text.RCCEx_PLL2_Config
                0x0000000008006d6c        0x0 src/driver/CMakeFiles/driver.dir/stm32h7xx_hal_rcc_ex.c.o
                                          0x8 (size before relaxing)
 .ARM.exidx.text.RCCEx_PLL3_Config
                0x0000000008006d6c        0x0 src/driver/CMakeFiles/driver.dir/stm32h7xx_hal_rcc_ex.c.o
                                          0x8 (size before relaxing)
 .ARM.exidx.text.HAL_RCCEx_GetPLL2ClockFreq
                0x0000000008006d6c        0x0 src/driver/CMakeFiles/driver.dir/stm32h7xx_hal_rcc_ex.c.o
                                          0x8 (size before relaxing)
 .ARM.exidx.text.HAL_RCCEx_GetPLL3ClockFreq
                0x0000000008006d6c        0x0 src/driver/CMakeFiles/driver.dir/stm32h7xx_hal_rcc_ex.c.o
                                          0x8 (size before relaxing)
 .ARM.exidx.text.HAL_RCCEx_GetD3PCLK1Freq
                0x0000000008006d6c        0x0 src/driver/CMakeFiles/driver.dir/stm32h7xx_hal_rcc_ex.c.o
                                          0x8 (size before relaxing)
 .ARM.exidx.text.HAL_RCCEx_GetD1SysClockFreq
                0x0000000008006d6c        0x0 src/driver/CMakeFiles/driver.dir/stm32h7xx_hal_rcc_ex.c.o
                                          0x8 (size before relaxing)
 .ARM.exidx.text.HAL_SRAM_Init
                0x0000000008006d6c        0x0 src/driver/CMakeFiles/driver.dir/stm32h7xx_hal_sram.c.o
                                          0x8 (size before relaxing)
 .ARM.exidx.text.HAL_SRAM_MspInit
                0x0000000008006d6c        0x0 src/driver/CMakeFiles/driver.dir/stm32h7xx_hal_sram.c.o
                                          0x8 (size before relaxing)
 .ARM.exidx.text.HAL_RCC_OscConfig
                0x0000000008006d6c        0x0 src/driver/CMakeFiles/driver.dir/stm32h7xx_hal_rcc.c.o
                                          0x8 (size before relaxing)
 .ARM.exidx.text.HAL_RCC_ClockConfig
                0x0000000008006d6c        0x0 src/driver/CMakeFiles/driver.dir/stm32h7xx_hal_rcc.c.o
                                          0x8 (size before relaxing)
 .ARM.exidx.text.HAL_RCC_GetSysClockFreq
                0x0000000008006d6c        0x0 src/driver/CMakeFiles/driver.dir/stm32h7xx_hal_rcc.c.o
                                          0x8 (size before relaxing)
 .ARM.exidx.text.HAL_RCC_GetHCLKFreq
                0x0000000008006d6c        0x0 src/driver/CMakeFiles/driver.dir/stm32h7xx_hal_rcc.c.o
                                          0x8 (size before relaxing)
 .ARM.exidx.text.HAL_RCC_GetPCLK1Freq
                0x0000000008006d6c        0x0 src/driver/CMakeFiles/driver.dir/stm32h7xx_hal_rcc.c.o
                                          0x8 (size before relaxing)
 .ARM.exidx.text.HAL_RCC_GetPCLK2Freq
                0x0000000008006d6c        0x0 src/driver/CMakeFiles/driver.dir/stm32h7xx_hal_rcc.c.o
                                          0x8 (size before relaxing)
 .ARM.exidx.text.HAL_TIM_Base_Init
                0x0000000008006d6c        0x0 src/driver/CMakeFiles/driver.dir/stm32h7xx_hal_tim.c.o
                                          0x8 (size before relaxing)
 .ARM.exidx.text.HAL_TIM_Base_MspInit
                0x0000000008006d6c        0x0 src/driver/CMakeFiles/driver.dir/stm32h7xx_hal_tim.c.o
                                          0x8 (size before relaxing)
 .ARM.exidx.text.TIM_Base_SetConfig
                0x0000000008006d6c        0x0 src/driver/CMakeFiles/driver.dir/stm32h7xx_hal_tim.c.o
                                          0x8 (size before relaxing)
 .ARM.exidx.text.HAL_TIM_Base_Start
                0x0000000008006d6c        0x0 src/driver/CMakeFiles/driver.dir/stm32h7xx_hal_tim.c.o
                                          0x8 (size before relaxing)
 .ARM.exidx.text.HAL_UART_Init
                0x0000000008006d6c        0x0 src/driver/CMakeFiles/driver.dir/stm32h7xx_hal_uart.c.o
                                          0x8 (size before relaxing)
 .ARM.exidx.text.HAL_UART_MspInit
                0x0000000008006d6c        0x0 src/driver/CMakeFiles/driver.dir/stm32h7xx_hal_uart.c.o
                                          0x8 (size before relaxing)
 .ARM.exidx.text.UART_SetConfig
                0x0000000008006d6c        0x0 src/driver/CMakeFiles/driver.dir/stm32h7xx_hal_uart.c.o
                                          0x8 (size before relaxing)
 .ARM.exidx.text.UART_AdvFeatureConfig
                0x0000000008006d6c        0x0 src/driver/CMakeFiles/driver.dir/stm32h7xx_hal_uart.c.o
                                          0x8 (size before relaxing)
 .ARM.exidx.text.UART_CheckIdleState
                0x0000000008006d6c        0x0 src/driver/CMakeFiles/driver.dir/stm32h7xx_hal_uart.c.o
                                          0x8 (size before relaxing)
 .ARM.exidx.text.UART_WaitOnFlagUntilTimeout
                0x0000000008006d6c        0x0 src/driver/CMakeFiles/driver.dir/stm32h7xx_hal_uart.c.o
                                          0x8 (size before relaxing)
 .ARM.exidx.text.HAL_Init
                0x0000000008006d6c        0x0 src/driver/CMakeFiles/driver.dir/stm32h7xx_hal.c.o
                                          0x8 (size before relaxing)
 .ARM.exidx.text.HAL_InitTick
                0x0000000008006d6c        0x0 src/driver/CMakeFiles/driver.dir/stm32h7xx_hal.c.o
                                          0x8 (size before relaxing)
 .ARM.exidx.text.HAL_MspInit
                0x0000000008006d6c        0x0 src/driver/CMakeFiles/driver.dir/stm32h7xx_hal.c.o
                                          0x8 (size before relaxing)
 .ARM.exidx.text.HAL_IncTick
                0x0000000008006d6c        0x0 src/driver/CMakeFiles/driver.dir/stm32h7xx_hal.c.o
                                          0x8 (size before relaxing)
 .ARM.exidx.text.HAL_GetTick
                0x0000000008006d6c        0x0 src/driver/CMakeFiles/driver.dir/stm32h7xx_hal.c.o
                                          0x8 (size before relaxing)
 .ARM.exidx.text.HAL_EnableCompensationCell
                0x0000000008006d6c        0x0 src/driver/CMakeFiles/driver.dir/stm32h7xx_hal.c.o
                                          0x8 (size before relaxing)
 .ARM.exidx.text.FMC_NORSRAM_Init
                0x0000000008006d6c        0x0 src/driver/CMakeFiles/driver.dir/stm32h7xx_ll_fmc.c.o
                                          0x8 (size before relaxing)
 .ARM.exidx.text.FMC_NORSRAM_Timing_Init
                0x0000000008006d6c        0x0 src/driver/CMakeFiles/driver.dir/stm32h7xx_ll_fmc.c.o
                                          0x8 (size before relaxing)
 .ARM.exidx.text.FMC_NORSRAM_Extended_Timing_Init
                0x0000000008006d6c        0x0 src/driver/CMakeFiles/driver.dir/stm32h7xx_ll_fmc.c.o
                                          0x8 (size before relaxing)
 .ARM.exidx.text.main
                0x0000000008006d6c        0x0 src/User/CMakeFiles/user.dir/main.c.o
                                          0x8 (size before relaxing)
 .ARM.exidx.text.rt_hw_stack_init
                0x0000000008006d6c        0x0 src/rtos/cortex-m7/CMakeFiles/cortex-m7.dir/cpuport.c.o
                                          0x8 (size before relaxing)
 .ARM.exidx.text.rt_hw_hard_fault_exception
                0x0000000008006d6c        0x0 src/rtos/cortex-m7/CMakeFiles/cortex-m7.dir/cpuport.c.o
                                          0x8 (size before relaxing)
 .ARM.exidx.text.hard_fault_track
                0x0000000008006d6c        0x0 src/rtos/cortex-m7/CMakeFiles/cortex-m7.dir/cpuport.c.o
                                          0x8 (size before relaxing)
 .ARM.exidx.text.bus_fault_track
                0x0000000008006d6c        0x0 src/rtos/cortex-m7/CMakeFiles/cortex-m7.dir/cpuport.c.o
                                          0x8 (size before relaxing)
 .ARM.exidx.text.mem_manage_fault_track
                0x0000000008006d6c        0x0 src/rtos/cortex-m7/CMakeFiles/cortex-m7.dir/cpuport.c.o
                                          0x8 (size before relaxing)
 .ARM.exidx.text.usage_fault_track
                0x0000000008006d6c        0x0 src/rtos/cortex-m7/CMakeFiles/cortex-m7.dir/cpuport.c.o
                                          0x8 (size before relaxing)
 .ARM.exidx.text.rt_tick_get
                0x0000000008006d6c        0x0 src/rtos/src/CMakeFiles/rtossrc.dir/clock.c.o
                                          0x8 (size before relaxing)
 .ARM.exidx.text.rt_tick_increase
                0x0000000008006d6c        0x0 src/rtos/src/CMakeFiles/rtossrc.dir/clock.c.o
                                          0x8 (size before relaxing)
 .ARM.exidx.text.rt_tick_from_millisecond
                0x0000000008006d6c        0x0 src/rtos/src/CMakeFiles/rtossrc.dir/clock.c.o
                                          0x8 (size before relaxing)
 .ARM.exidx.text.rti_start
                0x0000000008006d6c        0x0 src/rtos/src/CMakeFiles/rtossrc.dir/components.c.o
                                          0x8 (size before relaxing)
 .ARM.exidx.text.rti_board_start
                0x0000000008006d6c        0x0 src/rtos/src/CMakeFiles/rtossrc.dir/components.c.o
                                          0x8 (size before relaxing)
 .ARM.exidx.text.rti_board_end
                0x0000000008006d6c        0x0 src/rtos/src/CMakeFiles/rtossrc.dir/components.c.o
                                          0x8 (size before relaxing)
 .ARM.exidx.text.rti_end
                0x0000000008006d6c        0x0 src/rtos/src/CMakeFiles/rtossrc.dir/components.c.o
                                          0x8 (size before relaxing)
 .ARM.exidx.text.rt_components_board_init
                0x0000000008006d6c        0x0 src/rtos/src/CMakeFiles/rtossrc.dir/components.c.o
                                          0x8 (size before relaxing)
 .ARM.exidx.text.rt_components_init
                0x0000000008006d6c        0x0 src/rtos/src/CMakeFiles/rtossrc.dir/components.c.o
                                          0x8 (size before relaxing)
 .ARM.exidx.text.entry
                0x0000000008006d6c        0x0 src/rtos/src/CMakeFiles/rtossrc.dir/components.c.o
                                          0x8 (size before relaxing)
 .ARM.exidx.text.rtthread_startup
                0x0000000008006d6c        0x0 src/rtos/src/CMakeFiles/rtossrc.dir/components.c.o
                                          0x8 (size before relaxing)
 .ARM.exidx.text.main_thread_entry
                0x0000000008006d6c        0x0 src/rtos/src/CMakeFiles/rtossrc.dir/components.c.o
                                          0x8 (size before relaxing)
 .ARM.exidx.text.rt_application_init
                0x0000000008006d6c        0x0 src/rtos/src/CMakeFiles/rtossrc.dir/components.c.o
                                          0x8 (size before relaxing)
 .ARM.exidx.text.rt_thread_idle_excute
                0x0000000008006d6c        0x0 src/rtos/src/CMakeFiles/rtossrc.dir/idle.c.o
                                          0x8 (size before relaxing)
 .ARM.exidx.text._has_defunct_thread
                0x0000000008006d6c        0x0 src/rtos/src/CMakeFiles/rtossrc.dir/idle.c.o
                                          0x8 (size before relaxing)
 .ARM.exidx.text.rt_list_remove
                0x0000000008006d6c        0x0 src/rtos/src/CMakeFiles/rtossrc.dir/idle.c.o
                                          0x8 (size before relaxing)
 .ARM.exidx.text.rt_thread_idle_init
                0x0000000008006d6c        0x0 src/rtos/src/CMakeFiles/rtossrc.dir/idle.c.o
                                          0x8 (size before relaxing)
 .ARM.exidx.text.rt_thread_idle_entry
                0x0000000008006d6c        0x0 src/rtos/src/CMakeFiles/rtossrc.dir/idle.c.o
                                          0x8 (size before relaxing)
 .ARM.exidx.text.rt_sem_init
                0x0000000008006d6c        0x0 src/rtos/src/CMakeFiles/rtossrc.dir/ipc.c.o
                                          0x8 (size before relaxing)
 .ARM.exidx.text.rt_ipc_object_init
                0x0000000008006d6c        0x0 src/rtos/src/CMakeFiles/rtossrc.dir/ipc.c.o
                                          0x8 (size before relaxing)
 .ARM.exidx.text.rt_list_init
                0x0000000008006d6c        0x0 src/rtos/src/CMakeFiles/rtossrc.dir/ipc.c.o
                                          0x8 (size before relaxing)
 .ARM.exidx.text.rt_interrupt_enter
                0x0000000008006d6c        0x0 src/rtos/src/CMakeFiles/rtossrc.dir/irq.c.o
                                          0x8 (size before relaxing)
 .ARM.exidx.text.rt_interrupt_leave
                0x0000000008006d6c        0x0 src/rtos/src/CMakeFiles/rtossrc.dir/irq.c.o
                                          0x8 (size before relaxing)
 .ARM.exidx.text.rt_memset
                0x0000000008006d6c        0x0 src/rtos/src/CMakeFiles/rtossrc.dir/kservice.c.o
                                          0x8 (size before relaxing)
 .ARM.exidx.text.rt_memmove
                0x0000000008006d6c        0x0 src/rtos/src/CMakeFiles/rtossrc.dir/kservice.c.o
                                          0x8 (size before relaxing)
 .ARM.exidx.text.rt_strlen
                0x0000000008006d6c        0x0 src/rtos/src/CMakeFiles/rtossrc.dir/kservice.c.o
                                          0x8 (size before relaxing)
 .ARM.exidx.text.rt_strncpy
                0x0000000008006d6c        0x0 src/rtos/src/CMakeFiles/rtossrc.dir/kservice.c.o
                                          0x8 (size before relaxing)
 .ARM.exidx.text.rt_show_version
                0x0000000008006d6c        0x0 src/rtos/src/CMakeFiles/rtossrc.dir/kservice.c.o
                                          0x8 (size before relaxing)
 .ARM.exidx.text.rt_kprintf
                0x0000000008006d6c        0x0 src/rtos/src/CMakeFiles/rtossrc.dir/kservice.c.o
                                          0x8 (size before relaxing)
 .ARM.exidx.text.rt_vsnprintf
                0x0000000008006d6c        0x0 src/rtos/src/CMakeFiles/rtossrc.dir/kservice.c.o
                                          0x8 (size before relaxing)
 .ARM.exidx.text.skip_atoi
                0x0000000008006d6c        0x0 src/rtos/src/CMakeFiles/rtossrc.dir/kservice.c.o
                                          0x8 (size before relaxing)
 .ARM.exidx.text.print_number
                0x0000000008006d6c        0x0 src/rtos/src/CMakeFiles/rtossrc.dir/kservice.c.o
                                          0x8 (size before relaxing)
 .ARM.exidx.text.rt_hw_console_output
                0x0000000008006d6c        0x0 src/rtos/src/CMakeFiles/rtossrc.dir/kservice.c.o
                                          0x8 (size before relaxing)
 .ARM.exidx.text.__rt_ffs